I0321 18:43:31.751483 30289 node.cc:31] creating node
I0321 18:43:31.751586 30289 node.cc:40] possible controller: 128.112.7.136:3456
I0321 18:43:31.752218 30289 node.cc:69] *********** 
					Node ID is 128.112.7.139:58998
 					     *********** 
I0321 18:43:31.752351 30289 node.cc:98] starting thread pool with 8 threads
I0321 18:43:31.753620 30292 node.cc:188] Connected to controller: 128.112.7.136:3456
I0321 18:43:31.754133 30292 liveness_manager.cc:37] Starting notifications; four-tuple is 128.112.7.139:38655-128.112.7.136:3456
I0321 18:43:31.754623 30289 node_web_interface.cc:32] Web server on port 128.112.7.139:8080 of 
I0321 18:43:31.754884 30292 liveness_manager.cc:108] Successfully scheduled message on 128.112.7.139:38655-128.112.7.136:3456
I0321 18:43:37.126940 30296 node.cc:406] Request to create 1 cubes and 6 operators.
I0321 18:43:37.127115 30296 node.cc:426] configured operator (13,3) of type EchoOperator ok
I0321 18:43:37.127420 30296 node.cc:426] configured operator (13,4) of type LatencyMeasureSubscriber ok
I0321 18:43:37.127451 30296 experiment_operators.cc:208] clear_file is 0
I0321 18:43:37.127508 30296 node.cc:426] configured operator (13,5) of type EchoOperator ok
I0321 18:43:37.127557 30296 node.cc:426] configured operator (13,6) of type AvgCongestLogger ok
I0321 18:43:37.127593 30296 node.cc:426] configured operator (13,207) of type TimestampOperator ok
I0321 18:43:37.127825 30296 base_subscribers.cc:206] configuring a TimeSubscriber simulation
I0321 18:43:37.127850 30296 node.cc:426] configured operator (13,2) of type TimeBasedSubscriber ok
I0321 18:43:37.128260 30296 cube.cc:99] Starting cube with 4 threads 
I0321 18:43:37.128861 30296 cube.cc:19] creating cube test_cube.global_coral_urls and deleting prior contents
I0321 18:43:37.212214 30297 node.cc:267] Incoming dataplane connection from 130.207.98.19:58540
I0321 18:43:37.214267 30297 node.cc:267] Incoming dataplane connection from 130.207.98.41:58328
I0321 18:43:37.216464 30294 node.cc:267] Incoming dataplane connection from 130.207.98.47:52826
I0321 18:43:37.216639 30294 node.cc:267] Incoming dataplane connection from 130.207.98.38:50490
I0321 18:43:37.224787 30293 node.cc:267] Incoming dataplane connection from 130.207.98.40:40826
I0321 18:43:37.227313 30293 node.cc:267] Incoming dataplane connection from 130.207.98.50:47928
I0321 18:43:37.234366 30293 node.cc:267] Incoming dataplane connection from 130.207.98.31:43650
I0321 18:43:37.235060 30293 node.cc:267] Incoming dataplane connection from 130.207.98.23:49892
I0321 18:43:37.280024 30296 node.cc:458] Created cube global_coral_urls
I0321 18:43:37.280150 30296 node.cc:532] Edge from (13,6) to (13,207)
I0321 18:43:37.280223 30296 cube.cc:242] Adding subscriber (13,4) to global_coral_urls
I0321 18:43:37.280241 30296 node.cc:532] Edge from (13,2) to (13,3)
I0321 18:43:37.280263 30296 cube.cc:242] Adding subscriber (13,2) to global_coral_urls
I0321 18:43:37.280273 30296 node.cc:532] Edge from (13,4) to (13,5)
I0321 18:43:37.280284 30296 node.cc:518] edge from (13,207) to global_coral_urls
I0321 18:43:37.280382 30296 node.cc:386] added default congestion policy for (13,3). Monitor is defined
I0321 18:43:37.280413 30296 node.cc:386] added default congestion policy for (13,4). Monitor is defined
I0321 18:43:37.280426 30296 node.cc:386] added default congestion policy for (13,5). Monitor is defined
I0321 18:43:37.280436 30296 node.cc:386] added default congestion policy for (13,6). Monitor is defined
I0321 18:43:37.280446 30296 node.cc:386] added default congestion policy for (13,207). Monitor is defined
I0321 18:43:37.280458 30296 node.cc:386] added default congestion policy for (13,2). Monitor is defined
I0321 18:43:37.280782 30322 base_subscribers.cc:306] (13,2) is attached to global_coral_urls
I0321 18:43:37.280829 30298 node.cc:315] Chain-connect request for (13,6) from 130.207.98.19:58540
I0321 18:43:37.280894 30291 node.cc:315] Chain-connect request for (13,6) from 130.207.98.41:58328
I0321 18:43:37.280967 30292 node.cc:315] Chain-connect request for (13,6) from 130.207.98.38:50490
I0321 18:43:37.280988 30297 node.cc:315] Chain-connect request for (13,6) from 130.207.98.47:52826
I0321 18:43:37.280994 30295 node.cc:315] Chain-connect request for (13,6) from 130.207.98.40:40826
I0321 18:43:37.281040 30298 dataplane_comm.cc:206] Created dataplane connection into (13,6)
I0321 18:43:37.281043 30294 node.cc:315] Chain-connect request for (13,6) from 130.207.98.50:47928
I0321 18:43:37.281091 30292 dataplane_comm.cc:206] Created dataplane connection into (13,6)
I0321 18:43:37.281115 30297 dataplane_comm.cc:206] Created dataplane connection into (13,6)
I0321 18:43:37.281111 30293 node.cc:315] Chain-connect request for (13,6) from 130.207.98.31:43650
I0321 18:43:37.281162 30295 dataplane_comm.cc:206] Created dataplane connection into (13,6)
I0321 18:43:37.281195 30298 node.cc:267] Incoming dataplane connection from 130.207.98.25:55777
I0321 18:43:37.281215 30291 dataplane_comm.cc:206] Created dataplane connection into (13,6)
I0321 18:43:37.281227 30294 dataplane_comm.cc:206] Created dataplane connection into (13,6)
I0321 18:43:37.281244 30296 node.cc:315] Chain-connect request for (13,6) from 130.207.98.23:49892
I0321 18:43:37.281293 30293 dataplane_comm.cc:206] Created dataplane connection into (13,6)
I0321 18:43:37.281326 30298 node.cc:267] Incoming dataplane connection from 130.207.98.42:52658
I0321 18:43:37.281333 30296 dataplane_comm.cc:206] Created dataplane connection into (13,6)
I0321 18:43:37.281349 30291 node.cc:315] Chain-connect request for (13,6) from 130.207.98.25:55777
I0321 18:43:37.281436 30291 dataplane_comm.cc:206] Created dataplane connection into (13,6)
I0321 18:43:37.281462 30294 node.cc:267] Incoming dataplane connection from 130.207.98.28:50854
I0321 18:43:37.281483 30298 node.cc:315] Chain-connect request for (13,6) from 130.207.98.42:52658
I0321 18:43:37.281550 30298 dataplane_comm.cc:206] Created dataplane connection into (13,6)
I0321 18:43:37.281600 30294 node.cc:315] Chain-connect request for (13,6) from 130.207.98.28:50854
I0321 18:43:37.281621 30297 node.cc:267] Incoming dataplane connection from 130.207.98.52:57896
I0321 18:43:37.281671 30294 dataplane_comm.cc:206] Created dataplane connection into (13,6)
I0321 18:43:37.281740 30297 node.cc:267] Incoming dataplane connection from 130.207.98.26:59786
I0321 18:43:37.281765 30295 node.cc:315] Chain-connect request for (13,6) from 130.207.98.52:57896
I0321 18:43:37.281841 30295 dataplane_comm.cc:206] Created dataplane connection into (13,6)
I0321 18:43:37.281852 30297 node.cc:267] Incoming dataplane connection from 130.207.98.46:46154
I0321 18:43:37.281957 30297 node.cc:267] Incoming dataplane connection from 130.207.98.33:42812
I0321 18:43:37.281971 30295 node.cc:315] Chain-connect request for (13,6) from 130.207.98.46:46154
I0321 18:43:37.282045 30295 dataplane_comm.cc:206] Created dataplane connection into (13,6)
I0321 18:43:37.282084 30297 node.cc:315] Chain-connect request for (13,6) from 130.207.98.33:42812
I0321 18:43:37.282086 30294 node.cc:267] Incoming dataplane connection from 130.207.98.39:53631
I0321 18:43:37.282147 30297 dataplane_comm.cc:206] Created dataplane connection into (13,6)
I0321 18:43:37.282214 30295 node.cc:267] Incoming dataplane connection from 130.207.98.44:55034
I0321 18:43:37.282235 30294 node.cc:315] Chain-connect request for (13,6) from 130.207.98.39:53631
I0321 18:43:37.282310 30294 dataplane_comm.cc:206] Created dataplane connection into (13,6)
I0321 18:43:37.282385 30295 node.cc:267] Incoming dataplane connection from 130.207.98.37:55316
I0321 18:43:37.282516 30294 node.cc:267] Incoming dataplane connection from 130.207.98.27:41097
I0321 18:43:37.282538 30291 node.cc:315] Chain-connect request for (13,6) from 130.207.98.37:55316
I0321 18:43:37.282641 30293 node.cc:315] Chain-connect request for (13,6) from 130.207.98.44:55034
I0321 18:43:37.282651 30294 node.cc:267] Incoming dataplane connection from 130.207.98.21:43545
I0321 18:43:37.282668 30292 node.cc:315] Chain-connect request for (13,6) from 130.207.98.27:41097
I0321 18:43:37.282660 30291 dataplane_comm.cc:206] Created dataplane connection into (13,6)
I0321 18:43:37.282734 30293 dataplane_comm.cc:206] Created dataplane connection into (13,6)
I0321 18:43:37.282757 30292 dataplane_comm.cc:206] Created dataplane connection into (13,6)
I0321 18:43:37.282814 30295 node.cc:267] Incoming dataplane connection from 130.207.98.55:58157
I0321 18:43:37.282822 30291 node.cc:315] Chain-connect request for (13,6) from 130.207.98.21:43545
I0321 18:43:37.282882 30291 dataplane_comm.cc:206] Created dataplane connection into (13,6)
I0321 18:43:37.282950 30297 node.cc:267] Incoming dataplane connection from 130.207.98.29:35295
I0321 18:43:37.282950 30295 node.cc:315] Chain-connect request for (13,6) from 130.207.98.55:58157
I0321 18:43:37.283025 30295 dataplane_comm.cc:206] Created dataplane connection into (13,6)
I0321 18:43:37.283097 30292 node.cc:315] Chain-connect request for (13,6) from 130.207.98.29:35295
I0321 18:43:37.283112 30291 node.cc:267] Incoming dataplane connection from 130.207.98.56:38235
I0321 18:43:37.283172 30292 dataplane_comm.cc:206] Created dataplane connection into (13,6)
I0321 18:43:37.283226 30298 node.cc:267] Incoming dataplane connection from 130.207.98.49:40757
I0321 18:43:37.283243 30297 node.cc:315] Chain-connect request for (13,6) from 130.207.98.56:38235
I0321 18:43:37.283303 30297 dataplane_comm.cc:206] Created dataplane connection into (13,6)
I0321 18:43:37.283365 30294 node.cc:267] Incoming dataplane connection from 130.207.98.58:51231
I0321 18:43:37.283372 30293 node.cc:315] Chain-connect request for (13,6) from 130.207.98.49:40757
I0321 18:43:37.283433 30293 dataplane_comm.cc:206] Created dataplane connection into (13,6)
I0321 18:43:37.283495 30298 node.cc:315] Chain-connect request for (13,6) from 130.207.98.58:51231
I0321 18:43:37.283552 30298 dataplane_comm.cc:206] Created dataplane connection into (13,6)
I0321 18:43:37.296294 30295 node.cc:267] Incoming dataplane connection from 141.39.220.41:59593
I0321 18:43:37.297427 30297 node.cc:315] Chain-connect request for (13,6) from 141.39.220.41:59593
I0321 18:43:37.297497 30297 dataplane_comm.cc:206] Created dataplane connection into (13,6)
I0321 18:43:37.301744 30295 node.cc:267] Incoming dataplane connection from 141.39.220.21:37976
I0321 18:43:37.304271 30294 node.cc:315] Chain-connect request for (13,6) from 141.39.220.21:37976
I0321 18:43:37.304290 30297 node.cc:267] Incoming dataplane connection from 141.39.220.48:59091
I0321 18:43:37.304343 30294 dataplane_comm.cc:206] Created dataplane connection into (13,6)
I0321 18:43:37.305367 30298 node.cc:315] Chain-connect request for (13,6) from 141.39.220.48:59091
I0321 18:43:37.305439 30298 dataplane_comm.cc:206] Created dataplane connection into (13,6)
I0321 18:43:37.308097 30294 node.cc:267] Incoming dataplane connection from 141.39.220.34:36420
I0321 18:43:37.310094 30297 node.cc:315] Chain-connect request for (13,6) from 141.39.220.34:36420
I0321 18:43:37.310160 30297 dataplane_comm.cc:206] Created dataplane connection into (13,6)
I0321 18:43:37.312232 30296 node.cc:267] Incoming dataplane connection from 141.39.220.30:35724
I0321 18:43:37.314709 30293 node.cc:315] Chain-connect request for (13,6) from 141.39.220.30:35724
I0321 18:43:37.314774 30293 dataplane_comm.cc:206] Created dataplane connection into (13,6)
I0321 18:43:37.318411 30292 node.cc:267] Incoming dataplane connection from 141.39.220.38:34123
I0321 18:43:37.320180 30296 node.cc:267] Incoming dataplane connection from 141.39.220.31:57919
I0321 18:43:37.320904 30297 node.cc:315] Chain-connect request for (13,6) from 141.39.220.38:34123
I0321 18:43:37.320971 30297 dataplane_comm.cc:206] Created dataplane connection into (13,6)
I0321 18:43:37.321416 30298 node.cc:267] Incoming dataplane connection from 141.39.220.15:52427
I0321 18:43:37.321573 30297 node.cc:315] Chain-connect request for (13,6) from 141.39.220.15:52427
I0321 18:43:37.321596 30295 node.cc:267] Incoming dataplane connection from 141.39.220.36:53115
I0321 18:43:37.321636 30297 dataplane_comm.cc:206] Created dataplane connection into (13,6)
I0321 18:43:37.321786 30293 node.cc:315] Chain-connect request for (13,6) from 141.39.220.36:53115
I0321 18:43:37.321858 30293 dataplane_comm.cc:206] Created dataplane connection into (13,6)
I0321 18:43:37.322846 30294 node.cc:315] Chain-connect request for (13,6) from 141.39.220.31:57919
I0321 18:43:37.322914 30294 dataplane_comm.cc:206] Created dataplane connection into (13,6)
I0321 18:43:37.327204 30292 node.cc:267] Incoming dataplane connection from 141.39.220.19:46350
I0321 18:43:37.329852 30295 node.cc:267] Incoming dataplane connection from 141.39.220.57:38831
I0321 18:43:37.329912 30298 node.cc:315] Chain-connect request for (13,6) from 141.39.220.19:46350
I0321 18:43:37.329977 30298 dataplane_comm.cc:206] Created dataplane connection into (13,6)
I0321 18:43:37.330968 30292 node.cc:267] Incoming dataplane connection from 141.39.220.32:38621
I0321 18:43:37.330970 30296 node.cc:315] Chain-connect request for (13,6) from 141.39.220.57:38831
I0321 18:43:37.331042 30296 dataplane_comm.cc:206] Created dataplane connection into (13,6)
I0321 18:43:37.332665 30297 node.cc:267] Incoming dataplane connection from 141.39.220.11:47710
I0321 18:43:37.333266 30296 node.cc:315] Chain-connect request for (13,6) from 141.39.220.32:38621
I0321 18:43:37.333363 30296 dataplane_comm.cc:206] Created dataplane connection into (13,6)
I0321 18:43:37.333390 30294 node.cc:315] Chain-connect request for (13,6) from 141.39.220.11:47710
I0321 18:43:37.333454 30294 dataplane_comm.cc:206] Created dataplane connection into (13,6)
I0321 18:43:37.335721 30292 node.cc:267] Incoming dataplane connection from 141.39.220.46:38306
I0321 18:43:37.338107 30298 node.cc:315] Chain-connect request for (13,6) from 141.39.220.46:38306
I0321 18:43:37.338178 30298 dataplane_comm.cc:206] Created dataplane connection into (13,6)
I0321 18:43:37.338371 30293 node.cc:267] Incoming dataplane connection from 141.39.220.12:59075
I0321 18:43:37.341471 30296 node.cc:267] Incoming dataplane connection from 141.39.220.29:42424
I0321 18:43:37.341649 30292 node.cc:267] Incoming dataplane connection from 141.39.220.24:56776
I0321 18:43:37.342612 30296 node.cc:267] Incoming dataplane connection from 141.39.220.25:43282
I0321 18:43:37.342618 30293 node.cc:315] Chain-connect request for (13,6) from 141.39.220.12:59075
I0321 18:43:37.342703 30293 dataplane_comm.cc:206] Created dataplane connection into (13,6)
I0321 18:43:37.343709 30298 node.cc:315] Chain-connect request for (13,6) from 141.39.220.29:42424
I0321 18:43:37.343768 30294 node.cc:267] Incoming dataplane connection from 141.39.220.49:39792
I0321 18:43:37.343797 30298 dataplane_comm.cc:206] Created dataplane connection into (13,6)
I0321 18:43:37.344123 30296 node.cc:315] Chain-connect request for (13,6) from 141.39.220.24:56776
I0321 18:43:37.344223 30296 dataplane_comm.cc:206] Created dataplane connection into (13,6)
I0321 18:43:37.345316 30297 node.cc:315] Chain-connect request for (13,6) from 141.39.220.25:43282
I0321 18:43:37.345386 30297 dataplane_comm.cc:206] Created dataplane connection into (13,6)
I0321 18:43:37.346521 30293 node.cc:315] Chain-connect request for (13,6) from 141.39.220.49:39792
I0321 18:43:37.346617 30293 dataplane_comm.cc:206] Created dataplane connection into (13,6)
I0321 18:43:37.347666 30294 node.cc:267] Incoming dataplane connection from 141.39.220.22:37882
I0321 18:43:37.348817 30295 node.cc:267] Incoming dataplane connection from 141.39.220.54:48022
I0321 18:43:37.349318 30296 node.cc:267] Incoming dataplane connection from 141.39.220.20:36598
I0321 18:43:37.349831 30294 node.cc:267] Incoming dataplane connection from 141.39.220.27:44630
I0321 18:43:37.350059 30296 node.cc:315] Chain-connect request for (13,6) from 141.39.220.22:37882
I0321 18:43:37.350134 30296 dataplane_comm.cc:206] Created dataplane connection into (13,6)
I0321 18:43:37.351192 30295 node.cc:315] Chain-connect request for (13,6) from 141.39.220.20:36598
I0321 18:43:37.351264 30295 dataplane_comm.cc:206] Created dataplane connection into (13,6)
I0321 18:43:37.351269 30296 node.cc:315] Chain-connect request for (13,6) from 141.39.220.27:44630
I0321 18:43:37.351380 30296 dataplane_comm.cc:206] Created dataplane connection into (13,6)
I0321 18:43:37.351486 30292 node.cc:315] Chain-connect request for (13,6) from 141.39.220.54:48022
I0321 18:43:37.351574 30292 dataplane_comm.cc:206] Created dataplane connection into (13,6)
I0321 18:43:37.358181 30298 node.cc:267] Incoming dataplane connection from 141.39.220.43:44156
I0321 18:43:37.358322 30298 node.cc:267] Incoming dataplane connection from 141.39.220.17:38322
I0321 18:43:37.360645 30294 node.cc:315] Chain-connect request for (13,6) from 141.39.220.43:44156
I0321 18:43:37.360713 30294 dataplane_comm.cc:206] Created dataplane connection into (13,6)
I0321 18:43:37.361177 30295 node.cc:315] Chain-connect request for (13,6) from 141.39.220.17:38322
I0321 18:43:37.361250 30295 dataplane_comm.cc:206] Created dataplane connection into (13,6)
I0321 18:43:37.379591 30293 dataplane_comm.cc:89]  got an end-of-window marker, acking it; ts was 0 and window size was 1000
I0321 18:43:37.570538 30294 dataplane_comm.cc:89]  got an end-of-window marker, acking it; ts was 0 and window size was 1000
I0321 18:43:38.428552 30293 dataplane_comm.cc:89]  got an end-of-window marker, acking it; ts was 0 and window size was 1000
I0321 18:43:39.280769 30297 experiment_operators.cc:501] RootReport@ 1363905819 Avg window: 1000 - 1664 bytes/sec 0 tuples/sec
I0321 18:43:39.280833 30297 experiment_operators.cc:503] Statistics: bytes_in=3328  bytes_out=2022 Lifetime total count=0
I0321 18:43:39.425036 30296 dataplane_comm.cc:89]  got an end-of-window marker, acking it; ts was 1363905819235 and window size was 1000
I0321 18:43:39.437957 30292 congestion_monitors.cc:53] (logged every 211) Queue for cube global_coral_urls flush: 20 inserts (max is inf); 20 removes. Queue length 0/34000. Space Ratio is 1701, downstream is inf and final result is 1701
I0321 18:43:40.357081 30315 tuple_batch.cc:111] Finished flush in 18446744073709551599 of 12 elements with 1 flushes. Rate = 6.50521e-19 tuples/ms
I0321 18:43:40.403785 30296 dataplane_comm.cc:89]  got an end-of-window marker, acking it; ts was 1363905820258 and window size was 1000
I0321 18:43:40.544706 30313 tuple_batch.cc:111] Finished flush in 18446744073709551599 of 3 elements with 1 flushes. Rate = 1.6263e-19 tuples/ms
I0321 18:43:41.281061 30293 experiment_operators.cc:501] RootReport@ 1363905821 Avg window: 1000 - 181578 bytes/sec 2009.5 tuples/sec
I0321 18:43:41.281097 30293 experiment_operators.cc:503] Statistics: bytes_in=366484  bytes_out=3750 Lifetime total count=377856
I0321 18:43:41.400724 30292 dataplane_comm.cc:89]  got an end-of-window marker, acking it; ts was 1363905821248 and window size was 1000
I0321 18:43:41.545420 30319 tuple_batch.cc:111] Finished flush in 18446744073709551599 of 3 elements with 1 flushes. Rate = 1.6263e-19 tuples/ms
I0321 18:43:42.396420 30291 dataplane_comm.cc:89]  got an end-of-window marker, acking it; ts was 1363905822279 and window size was 1000
I0321 18:43:43.281316 30293 experiment_operators.cc:501] RootReport@ 1363905823 Avg window: 1000 - 306698 bytes/sec 3401.5 tuples/sec
I0321 18:43:43.281347 30293 experiment_operators.cc:503] Statistics: bytes_in=979879  bytes_out=5244 Lifetime total count=1012138
I0321 18:43:43.399732 30297 dataplane_comm.cc:89]  got an end-of-window marker, acking it; ts was 1363905823247 and window size was 1000
I0321 18:43:43.413908 30313 tuple_batch.cc:111] Finished flush in 18446744073709551601 of 20 elements with 1 flushes. Rate = 1.0842e-18 tuples/ms
I0321 18:43:43.512786 30317 tuple_batch.cc:111] Finished flush in 18446744073709551602 of 9 elements with 1 flushes. Rate = 4.87891e-19 tuples/ms
I0321 18:43:43.530251 30315 tuple_batch.cc:111] Finished flush in 18446744073709551604 of 4 elements with 1 flushes. Rate = 2.1684e-19 tuples/ms
I0321 18:43:44.357381 30319 tuple_batch.cc:111] Finished flush in 18446744073709551602 of 14 elements with 1 flushes. Rate = 7.58942e-19 tuples/ms
I0321 18:43:44.404561 30295 dataplane_comm.cc:89]  got an end-of-window marker, acking it; ts was 1363905824274 and window size was 1000
I0321 18:43:45.281606 30298 experiment_operators.cc:501] RootReport@ 1363905825 Avg window: 1000 - 234675 bytes/sec 2595.5 tuples/sec
I0321 18:43:45.281635 30298 experiment_operators.cc:503] Statistics: bytes_in=1449229  bytes_out=6504 Lifetime total count=1519523
I0321 18:43:45.414790 30292 dataplane_comm.cc:89]  got an end-of-window marker, acking it; ts was 1363905825319 and window size was 1000
I0321 18:43:46.422256 30315 tuple_batch.cc:111] Finished flush in 18446744073709551604 of 7 elements with 1 flushes. Rate = 3.79471e-19 tuples/ms
I0321 18:43:46.447509 30291 dataplane_comm.cc:89]  got an end-of-window marker, acking it; ts was 0 and window size was 5000
I0321 18:43:47.281852 30298 experiment_operators.cc:501] RootReport@ 1363905827 Avg window: 1750 - 221958 bytes/sec 2447.5 tuples/sec
I0321 18:43:47.281887 30298 experiment_operators.cc:503] Statistics: bytes_in=1893145  bytes_out=7818 Lifetime total count=2002988
I0321 18:43:47.530694 30297 dataplane_comm.cc:89]  got an end-of-window marker, acking it; ts was 1363905827362 and window size was 1000
I0321 18:43:48.453598 30315 tuple_batch.cc:111] Finished flush in 18446744073709551601 of 3 elements with 1 flushes. Rate = 1.6263e-19 tuples/ms
I0321 18:43:48.453830 30313 tuple_batch.cc:111] Finished flush in 18446744073709551601 of 3 elements with 1 flushes. Rate = 1.6263e-19 tuples/ms
I0321 18:43:48.563115 30295 dataplane_comm.cc:89]  got an end-of-window marker, acking it; ts was 1363905828366 and window size was 1000
I0321 18:43:49.282147 30291 experiment_operators.cc:501] RootReport@ 1363905829 Avg window: 2166.67 - 203350 bytes/sec 2243.5 tuples/sec
I0321 18:43:49.282178 30291 experiment_operators.cc:503] Statistics: bytes_in=2299845  bytes_out=9024 Lifetime total count=2462423
I0321 18:43:49.365212 30317 tuple_batch.cc:111] Finished flush in 18446744073709551601 of 16 elements with 1 flushes. Rate = 8.67362e-19 tuples/ms
I0321 18:43:49.550237 30319 tuple_batch.cc:111] Finished flush in 18446744073709551603 of 1 elements with 1 flushes. Rate = 5.42101e-20 tuples/ms
I0321 18:43:50.418093 30294 dataplane_comm.cc:89]  got an end-of-window marker, acking it; ts was 1363905830266 and window size was 1000
I0321 18:43:51.282387 30291 experiment_operators.cc:501] RootReport@ 1363905831 Avg window: 2416.67 - 257402 bytes/sec 2826.5 tuples/sec
I0321 18:43:51.282421 30291 experiment_operators.cc:503] Statistics: bytes_in=2814650  bytes_out=10194 Lifetime total count=3086754
I0321 18:43:51.427400 30297 dataplane_comm.cc:89]  got an end-of-window marker, acking it; ts was 1363905831283 and window size was 1000
I0321 18:43:52.423925 30317 tuple_batch.cc:111] Finished flush in 18446744073709551604 of 17 elements with 1 flushes. Rate = 9.21572e-19 tuples/ms
I0321 18:43:52.424998 30315 tuple_batch.cc:111] Finished flush in 18446744073709551604 of 26 elements with 1 flushes. Rate = 1.40946e-18 tuples/ms
I0321 18:43:52.540807 30297 dataplane_comm.cc:89]  got an end-of-window marker, acking it; ts was 1363905832327 and window size was 1000
I0321 18:43:52.579356 30313 tuple_batch.cc:111] Finished flush in 18446744073709551605 of 1 elements with 1 flushes. Rate = 5.42101e-20 tuples/ms
I0321 18:43:53.282609 30292 experiment_operators.cc:501] RootReport@ 1363905833 Avg window: 2416.67 - 319608 bytes/sec 3491 tuples/sec
I0321 18:43:53.282640 30292 experiment_operators.cc:503] Statistics: bytes_in=3453865  bytes_out=11328 Lifetime total count=3945909
I0321 18:43:53.500996 30317 tuple_batch.cc:111] Finished flush in 18446744073709551604 of 6 elements with 1 flushes. Rate = 3.25261e-19 tuples/ms
I0321 18:43:53.589007 30297 dataplane_comm.cc:89]  got an end-of-window marker, acking it; ts was 1363905833383 and window size was 1000
I0321 18:43:54.480372 30319 tuple_batch.cc:111] Finished flush in 18446744073709551605 of 5 elements with 1 flushes. Rate = 2.71051e-19 tuples/ms
I0321 18:43:55.282855 30293 experiment_operators.cc:501] RootReport@ 1363905835 Avg window: 2583.33 - 222160 bytes/sec 2430 tuples/sec
I0321 18:43:55.282887 30293 experiment_operators.cc:503] Statistics: bytes_in=3898185  bytes_out=12390 Lifetime total count=4510955
I0321 18:43:55.440525 30296 dataplane_comm.cc:89]  got an end-of-window marker, acking it; ts was 1363905835266 and window size was 1000
I0321 18:43:56.463426 30317 tuple_batch.cc:111] Finished flush in 18446744073709551601 of 3 elements with 1 flushes. Rate = 1.6263e-19 tuples/ms
I0321 18:43:56.473372 30315 tuple_batch.cc:111] Finished flush in 18446744073709551601 of 2 elements with 1 flushes. Rate = 1.0842e-19 tuples/ms
I0321 18:43:56.476210 30297 dataplane_comm.cc:89]  got an end-of-window marker, acking it; ts was 1363905836343 and window size was 5000
I0321 18:43:57.283078 30297 experiment_operators.cc:501] RootReport@ 1363905837 Avg window: 2750 - 329622 bytes/sec 3595 tuples/sec
I0321 18:43:57.283112 30297 experiment_operators.cc:503] Statistics: bytes_in=4557430  bytes_out=13596 Lifetime total count=5398410
I0321 18:43:57.579567 30296 dataplane_comm.cc:89]  got an end-of-window marker, acking it; ts was 1363905837410 and window size was 1000
I0321 18:43:57.589902 30313 tuple_batch.cc:111] Finished flush in 18446744073709551604 of 3 elements with 1 flushes. Rate = 1.6263e-19 tuples/ms
I0321 18:43:58.470381 30319 tuple_batch.cc:111] Finished flush in 18446744073709551605 of 16 elements with 1 flushes. Rate = 8.67362e-19 tuples/ms
I0321 18:43:58.510634 30319 tuple_batch.cc:111] Finished flush in 18446744073709551604 of 4 elements with 1 flushes. Rate = 2.1684e-19 tuples/ms
I0321 18:43:59.283349 30291 experiment_operators.cc:501] RootReport@ 1363905839 Avg window: 2750 - 279288 bytes/sec 3064 tuples/sec
I0321 18:43:59.283386 30291 experiment_operators.cc:503] Statistics: bytes_in=5116005  bytes_out=14694 Lifetime total count=6135769
I0321 18:43:59.424801 30298 dataplane_comm.cc:89]  got an end-of-window marker, acking it; ts was 1363905839334 and window size was 1000
I0321 18:44:00.456359 30294 dataplane_comm.cc:89]  got an end-of-window marker, acking it; ts was 1363905840367 and window size was 1000
I0321 18:44:01.283654 30294 experiment_operators.cc:501] RootReport@ 1363905841 Avg window: 2750 - 281940 bytes/sec 3084.5 tuples/sec
I0321 18:44:01.283680 30294 experiment_operators.cc:503] Statistics: bytes_in=5679886  bytes_out=15810 Lifetime total count=6959248
I0321 18:44:01.452810 30317 tuple_batch.cc:111] Finished flush in 18446744073709551602 of 6 elements with 1 flushes. Rate = 3.25261e-19 tuples/ms
I0321 18:44:01.566391 30292 dataplane_comm.cc:89]  got an end-of-window marker, acking it; ts was 1363905841385 and window size was 1000
I0321 18:44:02.602733 30298 dataplane_comm.cc:89]  got an end-of-window marker, acking it; ts was 1363905842405 and window size was 1000
I0321 18:44:03.283926 30292 experiment_operators.cc:501] RootReport@ 1363905843 Avg window: 2750 - 311002 bytes/sec 3393 tuples/sec
I0321 18:44:03.283963 30292 experiment_operators.cc:503] Statistics: bytes_in=6301891  bytes_out=16944 Lifetime total count=7709760
I0321 18:44:03.401485 30319 tuple_batch.cc:111] Finished flush in 18446744073709551604 of 8 elements with 1 flushes. Rate = 4.33681e-19 tuples/ms
I0321 18:44:03.402240 30313 tuple_batch.cc:111] Finished flush in 18446744073709551605 of 6 elements with 1 flushes. Rate = 3.25261e-19 tuples/ms
I0321 18:44:03.631010 30317 tuple_batch.cc:111] Finished flush in 18446744073709551603 of 3 elements with 1 flushes. Rate = 1.6263e-19 tuples/ms
I0321 18:44:04.455677 30295 dataplane_comm.cc:89]  got an end-of-window marker, acking it; ts was 1363905844308 and window size was 1000
I0321 18:44:04.568920 30315 tuple_batch.cc:111] Finished flush in 18446744073709551604 of 2 elements with 1 flushes. Rate = 1.0842e-19 tuples/ms
I0321 18:44:05.284189 30294 experiment_operators.cc:501] RootReport@ 1363905845 Avg window: 2750 - 229198 bytes/sec 2511 tuples/sec
I0321 18:44:05.284221 30294 experiment_operators.cc:503] Statistics: bytes_in=6760286  bytes_out=17988 Lifetime total count=8341683
I0321 18:44:05.433105 30319 tuple_batch.cc:111] Finished flush in 18446744073709551604 of 10 elements with 1 flushes. Rate = 5.42101e-19 tuples/ms
I0321 18:44:05.568959 30297 dataplane_comm.cc:89]  got an end-of-window marker, acking it; ts was 1363905845392 and window size was 1000
I0321 18:44:06.412951 30317 tuple_batch.cc:111] Finished flush in 18446744073709551601 of 10 elements with 1 flushes. Rate = 5.42101e-19 tuples/ms
I0321 18:44:06.413282 30315 tuple_batch.cc:111] Finished flush in 18446744073709551601 of 3 elements with 1 flushes. Rate = 1.6263e-19 tuples/ms
I0321 18:44:06.589145 30315 tuple_batch.cc:111] Finished flush in 18446744073709551605 of 2 elements with 1 flushes. Rate = 1.0842e-19 tuples/ms
I0321 18:44:06.615411 30297 dataplane_comm.cc:89]  got an end-of-window marker, acking it; ts was 1363905846417 and window size was 1000
I0321 18:44:07.197036 30297 node.cc:315] Chain-connect request for (13,6) from 130.207.98.26:59786
I0321 18:44:07.197128 30297 dataplane_comm.cc:206] Created dataplane connection into (13,6)
I0321 18:44:07.284385 30293 experiment_operators.cc:501] RootReport@ 1363905847 Avg window: 2714.29 - 344053 bytes/sec 3756 tuples/sec
I0321 18:44:07.284418 30293 experiment_operators.cc:503] Statistics: bytes_in=7448392  bytes_out=19182 Lifetime total count=9331539
I0321 18:44:07.487028 30293 congestion_monitors.cc:53] (logged every 211) Queue for cube global_coral_urls process: 1281 inserts (max is inf); 1280 removes. Queue length 1/10000. Space Ratio is 8.80484, downstream is 39.1642 and final result is 8.80484
I0321 18:44:08.250812 30293 dataplane_comm.cc:89]  got an end-of-window marker, acking it; ts was 0 and window size was 1000
I0321 18:44:08.496851 30319 tuple_batch.cc:111] Finished flush in 18446744073709551600 of 12 elements with 1 flushes. Rate = 6.50521e-19 tuples/ms
I0321 18:44:09.284638 30295 experiment_operators.cc:501] RootReport@ 1363905849 Avg window: 2760 - 252040 bytes/sec 2771 tuples/sec
I0321 18:44:09.284669 30295 experiment_operators.cc:503] Statistics: bytes_in=7952472  bytes_out=20334 Lifetime total count=10015682
I0321 18:44:09.475365 30291 dataplane_comm.cc:89]  got an end-of-window marker, acking it; ts was 1363905849322 and window size was 1000
I0321 18:44:09.593171 30319 tuple_batch.cc:111] Finished flush in 18446744073709551601 of 7 elements with 1 flushes. Rate = 3.79471e-19 tuples/ms
I0321 18:44:09.624783 30313 tuple_batch.cc:111] Finished flush in 18446744073709551601 of 7 elements with 1 flushes. Rate = 3.79471e-19 tuples/ms
I0321 18:44:10.484899 30319 tuple_batch.cc:111] Finished flush in 18446744073709551599 of 3 elements with 1 flushes. Rate = 1.6263e-19 tuples/ms
I0321 18:44:10.494657 30315 tuple_batch.cc:111] Finished flush in 18446744073709551602 of 15 elements with 1 flushes. Rate = 8.13152e-19 tuples/ms
I0321 18:44:10.581141 30292 dataplane_comm.cc:89]  got an end-of-window marker, acking it; ts was 1363905850403 and window size was 1000
I0321 18:44:11.284879 30292 experiment_operators.cc:501] RootReport@ 1363905851 Avg window: 2760 - 263384 bytes/sec 2898.5 tuples/sec
I0321 18:44:11.284914 30292 experiment_operators.cc:503] Statistics: bytes_in=8479241  bytes_out=21486 Lifetime total count=10841918
I0321 18:44:11.312046 30319 tuple_batch.cc:111] Finished flush in 18446744073709551603 of 6 elements with 1 flushes. Rate = 3.25261e-19 tuples/ms
I0321 18:44:11.598261 30315 tuple_batch.cc:111] Finished flush in 18446744073709551601 of 22 elements with 1 flushes. Rate = 1.19262e-18 tuples/ms
I0321 18:44:11.629565 30297 dataplane_comm.cc:89]  got an end-of-window marker, acking it; ts was 1363905851432 and window size was 1000
I0321 18:44:11.758422 30298 liveness_manager.cc:108] Successfully scheduled message on 128.112.7.139:38655-128.112.7.136:3456
I0321 18:44:12.460950 30317 tuple_batch.cc:111] Finished flush in 18446744073709551603 of 4 elements with 1 flushes. Rate = 2.1684e-19 tuples/ms
I0321 18:44:12.461252 30315 tuple_batch.cc:111] Finished flush in 18446744073709551603 of 4 elements with 1 flushes. Rate = 2.1684e-19 tuples/ms
I0321 18:44:12.462610 30317 tuple_batch.cc:111] Finished flush in 18446744073709551603 of 5 elements with 1 flushes. Rate = 2.71051e-19 tuples/ms
I0321 18:44:12.566099 30319 tuple_batch.cc:111] Finished flush in 18446744073709551604 of 28 elements with 1 flushes. Rate = 1.51788e-18 tuples/ms
I0321 18:44:12.744398 30298 dataplane_comm.cc:89]  got an end-of-window marker, acking it; ts was 1363905852463 and window size was 5000
I0321 18:44:13.285094 30292 experiment_operators.cc:501] RootReport@ 1363905853 Avg window: 2760 - 322116 bytes/sec 3527 tuples/sec
I0321 18:44:13.285126 30292 experiment_operators.cc:503] Statistics: bytes_in=9123472  bytes_out=22656 Lifetime total count=11770485
I0321 18:44:14.478799 30295 dataplane_comm.cc:89]  got an end-of-window marker, acking it; ts was 1363905854359 and window size was 1000
I0321 18:44:14.529320 30315 tuple_batch.cc:111] Finished flush in 18446744073709551605 of 2 elements with 1 flushes. Rate = 1.0842e-19 tuples/ms
I0321 18:44:14.624605 30317 tuple_batch.cc:111] Finished flush in 18446744073709551599 of 1 elements with 1 flushes. Rate = 5.42101e-20 tuples/ms
I0321 18:44:15.285292 30298 experiment_operators.cc:501] RootReport@ 1363905855 Avg window: 2760 - 267232 bytes/sec 2934 tuples/sec
I0321 18:44:15.285323 30298 experiment_operators.cc:503] Statistics: bytes_in=9657936  bytes_out=23754 Lifetime total count=12521793
I0321 18:44:15.492424 30313 tuple_batch.cc:111] Finished flush in 18446744073709551605 of 20 elements with 1 flushes. Rate = 1.0842e-18 tuples/ms
I0321 18:44:15.588657 30294 dataplane_comm.cc:89]  got an end-of-window marker, acking it; ts was 1363905855412 and window size was 1000
I0321 18:44:15.631443 30315 tuple_batch.cc:111] Finished flush in 18446744073709551602 of 1 elements with 1 flushes. Rate = 5.42101e-20 tuples/ms
I0321 18:44:16.549868 30319 tuple_batch.cc:111] Finished flush in 18446744073709551604 of 2 elements with 1 flushes. Rate = 1.0842e-19 tuples/ms
I0321 18:44:16.565485 30317 tuple_batch.cc:111] Finished flush in 18446744073709551600 of 7 elements with 1 flushes. Rate = 3.79471e-19 tuples/ms
I0321 18:44:16.565881 30313 tuple_batch.cc:111] Finished flush in 18446744073709551600 of 11 elements with 1 flushes. Rate = 5.96311e-19 tuples/ms
I0321 18:44:16.636494 30292 dataplane_comm.cc:89]  got an end-of-window marker, acking it; ts was 1363905856465 and window size was 1000
I0321 18:44:17.285537 30291 experiment_operators.cc:501] RootReport@ 1363905857 Avg window: 2760 - 344969 bytes/sec 3774 tuples/sec
I0321 18:44:17.285572 30291 experiment_operators.cc:503] Statistics: bytes_in=10347874  bytes_out=24960 Lifetime total count=13530058
(13,3): (21-03-13 20:56:30 ,I=0 ,ipv4.tracker.harry.lu.nyud.net,I=1513027 )
(13,3): (21-03-13 20:56:30 ,I=0 ,malawin.ftpaccess.cc.nyud.net,I=13609 )
(13,3): (21-03-13 20:56:30 ,I=0 ,www.fevernet.com.nyud.net,I=3987 )
(13,3): (21-03-13 20:56:30 ,I=0 ,www.navixtreme.com.nyud.net,I=9118 )
(13,3): (21-03-13 20:56:30 ,I=0 ,www.mega-porno-hd.ru.nyud.net,I=3359 )
(13,3): (21-03-13 20:56:30 ,I=0 ,94.228.192.98.nyud.net,I=3649 )
(13,3): (21-03-13 20:56:30 ,I=0 ,news.google.com.nyud.net:8090,I=14336 )
(13,3): (21-03-13 20:56:30 ,I=0 ,www.niftybuttons.com.nyud.net,I=3204 )
(13,3): (21-03-13 20:56:30 ,I=0 ,66.232.101.219.nyud.net,I=2012 )
(13,3): (21-03-13 20:56:30 ,I=0 ,ck3r.org.nyud.net,I=2503 )
I0321 18:44:17.614090 30313 tuple_batch.cc:111] Finished flush in 18446744073709551599 of 2 elements with 1 flushes. Rate = 1.0842e-19 tuples/ms
I0321 18:44:18.260520 30317 tuple_batch.cc:111] Finished flush in 18446744073709551603 of 2 elements with 1 flushes. Rate = 1.0842e-19 tuples/ms
I0321 18:44:18.349444 30294 dataplane_comm.cc:89]  got an end-of-window marker, acking it; ts was 1363905858267 and window size was 1000
I0321 18:44:19.285809 30296 experiment_operators.cc:501] RootReport@ 1363905859 Avg window: 2840 - 284146 bytes/sec 3119.5 tuples/sec
I0321 18:44:19.285840 30296 experiment_operators.cc:503] Statistics: bytes_in=10916165  bytes_out=26094 Lifetime total count=14240880
I0321 18:44:19.500571 30298 dataplane_comm.cc:89]  got an end-of-window marker, acking it; ts was 1363905859355 and window size was 1000
I0321 18:44:20.626535 30292 dataplane_comm.cc:89]  got an end-of-window marker, acking it; ts was 1363905860455 and window size was 1000
I0321 18:44:20.662806 30317 tuple_batch.cc:111] Finished flush in 18446744073709551603 of 19 elements with 1 flushes. Rate = 1.02999e-18 tuples/ms
I0321 18:44:20.684783 30313 tuple_batch.cc:111] Finished flush in 18446744073709551599 of 2 elements with 1 flushes. Rate = 1.0842e-19 tuples/ms
I0321 18:44:21.286043 30298 experiment_operators.cc:501] RootReport@ 1363905861 Avg window: 2840 - 258282 bytes/sec 2840.5 tuples/sec
I0321 18:44:21.286077 30298 experiment_operators.cc:503] Statistics: bytes_in=11432729  bytes_out=27174 Lifetime total count=14994902
I0321 18:44:21.519505 30313 tuple_batch.cc:111] Finished flush in 18446744073709551605 of 2 elements with 1 flushes. Rate = 1.0842e-19 tuples/ms
I0321 18:44:21.669669 30317 tuple_batch.cc:111] Finished flush in 18446744073709551605 of 3 elements with 1 flushes. Rate = 1.6263e-19 tuples/ms
I0321 18:44:21.751988 30319 tuple_batch.cc:111] Finished flush in 18446744073709551601 of 2 elements with 1 flushes. Rate = 1.0842e-19 tuples/ms
I0321 18:44:21.763751 30297 dataplane_comm.cc:89]  got an end-of-window marker, acking it; ts was 1363905861482 and window size was 5000
I0321 18:44:22.522729 30319 tuple_batch.cc:111] Finished flush in 18446744073709551601 of 2 elements with 1 flushes. Rate = 1.0842e-19 tuples/ms
(13,3): (21-03-13 20:56:30 ,I=0 ,ipv4.tracker.harry.lu.nyud.net,I=1895628 )
(13,3): (21-03-13 20:56:30 ,I=0 ,bbs.soul-plus.net.nyud.net,I=43150 )
(13,3): (21-03-13 20:56:30 ,I=0 ,www.navixtreme.com.nyud.net,I=9871 )
(13,3): (21-03-13 20:56:30 ,I=0 ,userscripts.org.nyud.net,I=10943 )
(13,3): (21-03-13 20:56:30 ,I=0 ,(null),I=12828 )
(13,3): (21-03-13 20:56:30 ,I=0 ,malawin.ftpaccess.cc.nyud.net,I=13559 )
(13,3): (21-03-13 20:56:30 ,I=0 ,calu-atrack.appspot.com.nyud.net,I=7039 )
(13,3): (21-03-13 20:56:30 ,I=0 ,news.google.com.nyud.net:8090,I=20576 )
(13,3): (21-03-13 20:56:30 ,I=0 ,www.fevernet.com.nyud.net,I=4932 )
(13,3): (21-03-13 20:56:30 ,I=0 ,94.228.192.98.nyud.net,I=4214 )
I0321 18:44:23.286314 30291 experiment_operators.cc:501] RootReport@ 1363905863 Avg window: 2840 - 301406 bytes/sec 3299 tuples/sec
I0321 18:44:23.286348 30291 experiment_operators.cc:503] Statistics: bytes_in=12035540  bytes_out=28272 Lifetime total count=15814210
I0321 18:44:23.454110 30317 tuple_batch.cc:111] Finished flush in 18446744073709551601 of 3 elements with 1 flushes. Rate = 1.6263e-19 tuples/ms
I0321 18:44:23.510967 30296 dataplane_comm.cc:89]  got an end-of-window marker, acking it; ts was 1363905863366 and window size was 1000
I0321 18:44:23.723064 30315 tuple_batch.cc:111] Finished flush in 18446744073709551602 of 6 elements with 1 flushes. Rate = 3.25261e-19 tuples/ms
I0321 18:44:24.321483 30319 tuple_batch.cc:111] Finished flush in 18446744073709551602 of 1 elements with 1 flushes. Rate = 5.42101e-20 tuples/ms
I0321 18:44:24.544879 30295 dataplane_comm.cc:89]  got an end-of-window marker, acking it; ts was 1363905864409 and window size was 5000
I0321 18:44:25.286583 30294 experiment_operators.cc:501] RootReport@ 1363905865 Avg window: 2920 - 251191 bytes/sec 2761.5 tuples/sec
I0321 18:44:25.286614 30294 experiment_operators.cc:503] Statistics: bytes_in=12537922  bytes_out=29352 Lifetime total count=16597860
I0321 18:44:25.453831 30315 tuple_batch.cc:111] Finished flush in 18446744073709551600 of 8 elements with 1 flushes. Rate = 4.33681e-19 tuples/ms
I0321 18:44:25.509057 30315 tuple_batch.cc:111] Finished flush in 18446744073709551605 of 2 elements with 1 flushes. Rate = 1.0842e-19 tuples/ms
I0321 18:44:25.670984 30295 dataplane_comm.cc:89]  got an end-of-window marker, acking it; ts was 1363905865475 and window size was 1000
I0321 18:44:25.674092 30313 tuple_batch.cc:111] Finished flush in 18446744073709551601 of 4 elements with 1 flushes. Rate = 2.1684e-19 tuples/ms
I0321 18:44:25.683521 30319 tuple_batch.cc:111] Finished flush in 18446744073709551601 of 3 elements with 1 flushes. Rate = 1.6263e-19 tuples/ms
I0321 18:44:26.480136 30298 congestion_monitors.cc:53] (logged every 211) Queue for cube global_coral_urls flush: 474 inserts (max is inf); 452 removes. Queue length 22/34000. Space Ratio is 72.6371, downstream is inf and final result is 72.6371
I0321 18:44:27.286684 30298 experiment_operators.cc:501] RootReport@ 1363905867 Avg window: 2920 - 341839 bytes/sec 3740 tuples/sec
I0321 18:44:27.286705 30298 experiment_operators.cc:503] Statistics: bytes_in=13221600  bytes_out=30522 Lifetime total count=17719748
I0321 18:44:27.476466 30298 dataplane_comm.cc:89]  got an end-of-window marker, acking it; ts was 1363905867385 and window size was 1000
(13,3): (21-03-13 20:56:30 ,I=0 ,ipv4.tracker.harry.lu.nyud.net,I=1785132 )
(13,3): (21-03-13 20:56:30 ,I=0 ,userscripts.org.nyud.net,I=10523 )
(13,3): (21-03-13 20:56:30 ,I=0 ,bbs.soul-plus.net.nyud.net,I=38131 )
(13,3): (21-03-13 20:56:30 ,I=0 ,(null),I=12590 )
(13,3): (21-03-13 20:56:30 ,I=0 ,www.mega-porno-hd.ru.nyud.net,I=2281 )
(13,3): (21-03-13 20:56:30 ,I=0 ,malawin.ftpaccess.cc.nyud.net,I=14852 )
(13,3): (21-03-13 20:56:30 ,I=0 ,calu-atrack.appspot.com.nyud.net,I=7190 )
(13,3): (21-03-13 20:56:30 ,I=0 ,www.navixtreme.com.nyud.net,I=3680 )
(13,3): (21-03-13 20:56:30 ,I=0 ,94.228.192.98.nyud.net,I=4194 )
(13,3): (21-03-13 20:56:30 ,I=0 ,ck3r.org.nyud.net,I=3066 )
I0321 18:44:28.550866 30295 dataplane_comm.cc:89]  got an end-of-window marker, acking it; ts was 1363905868455 and window size was 5000
I0321 18:44:29.286924 30294 experiment_operators.cc:501] RootReport@ 1363905869 Avg window: 2920 - 301684 bytes/sec 3308 tuples/sec
I0321 18:44:29.286958 30294 experiment_operators.cc:503] Statistics: bytes_in=13824968  bytes_out=31584 Lifetime total count=18780106
I0321 18:44:29.671010 30298 dataplane_comm.cc:89]  got an end-of-window marker, acking it; ts was 1363905869501 and window size was 1000
I0321 18:44:30.611521 30317 tuple_batch.cc:111] Finished flush in 18446744073709551603 of 8 elements with 1 flushes. Rate = 4.33681e-19 tuples/ms
I0321 18:44:30.643069 30317 tuple_batch.cc:111] Finished flush in 18446744073709551602 of 3 elements with 1 flushes. Rate = 1.6263e-19 tuples/ms
I0321 18:44:31.287194 30296 experiment_operators.cc:501] RootReport@ 1363905871 Avg window: 2920 - 263404 bytes/sec 2891 tuples/sec
I0321 18:44:31.287230 30296 experiment_operators.cc:503] Statistics: bytes_in=14351777  bytes_out=32628 Lifetime total count=19651192
I0321 18:44:31.431962 30313 tuple_batch.cc:111] Finished flush in 18446744073709551602 of 2 elements with 1 flushes. Rate = 1.0842e-19 tuples/ms
I0321 18:44:31.508584 30292 dataplane_comm.cc:89]  got an end-of-window marker, acking it; ts was 1363905871370 and window size was 1000
I0321 18:44:32.535403 30315 tuple_batch.cc:111] Finished flush in 18446744073709551599 of 2 elements with 1 flushes. Rate = 1.0842e-19 tuples/ms
I0321 18:44:32.584678 30295 dataplane_comm.cc:89]  got an end-of-window marker, acking it; ts was 1363905872384 and window size was 1000
(13,3): (21-03-13 20:57:00 ,I=0 ,ipv4.tracker.harry.lu.nyud.net,I=1482166 )
(13,3): (21-03-13 20:56:30 ,I=0 ,ipv4.tracker.harry.lu.nyud.net,I=187455 )
(13,3): (21-03-13 20:57:00 ,I=0 ,userscripts.org.nyud.net,I=9203 )
(13,3): (21-03-13 20:57:00 ,I=0 ,malawin.ftpaccess.cc.nyud.net,I=10709 )
(13,3): (21-03-13 20:57:00 ,I=0 ,www.fevernet.com.nyud.net,I=5734 )
(13,3): (21-03-13 20:57:00 ,I=0 ,calu-atrack.appspot.com.nyud.net,I=5610 )
(13,3): (21-03-13 20:57:00 ,I=0 ,news.google.com.nyud.net:8090,I=22466 )
(13,3): (21-03-13 20:57:00 ,I=0 ,94.228.192.98.nyud.net,I=3732 )
(13,3): (21-03-13 20:57:00 ,I=0 ,www.mega-porno-hd.ru.nyud.net,I=2345 )
(13,3): (21-03-13 20:57:00 ,I=0 ,www.navixtreme.com.nyud.net,I=3471 )
I0321 18:44:33.287468 30295 experiment_operators.cc:501] RootReport@ 1363905873 Avg window: 3000 - 296831 bytes/sec 3237.5 tuples/sec
I0321 18:44:33.287507 30295 experiment_operators.cc:503] Statistics: bytes_in=14945439  bytes_out=33708 Lifetime total count=20669433
I0321 18:44:33.634582 30313 tuple_batch.cc:111] Finished flush in 18446744073709551599 of 1 elements with 1 flushes. Rate = 5.42101e-20 tuples/ms
I0321 18:44:33.672360 30297 dataplane_comm.cc:89]  got an end-of-window marker, acking it; ts was 1363905873463 and window size was 1000
I0321 18:44:34.408704 30317 tuple_batch.cc:111] Finished flush in 18446744073709551605 of 2 elements with 1 flushes. Rate = 1.0842e-19 tuples/ms
I0321 18:44:34.480203 30319 tuple_batch.cc:111] Finished flush in 18446744073709551605 of 1 elements with 1 flushes. Rate = 5.42101e-20 tuples/ms
I0321 18:44:34.542182 30317 tuple_batch.cc:111] Finished flush in 18446744073709551602 of 1 elements with 1 flushes. Rate = 5.42101e-20 tuples/ms
I0321 18:44:34.548884 30317 tuple_batch.cc:111] Finished flush in 18446744073709551605 of 2 elements with 1 flushes. Rate = 1.0842e-19 tuples/ms
I0321 18:44:35.287719 30293 experiment_operators.cc:501] RootReport@ 1363905875 Avg window: 3000 - 277185 bytes/sec 3036.5 tuples/sec
I0321 18:44:35.287752 30293 experiment_operators.cc:503] Statistics: bytes_in=15499809  bytes_out=34752 Lifetime total count=21695830
I0321 18:44:35.473831 30319 tuple_batch.cc:111] Finished flush in 18446744073709551600 of 1 elements with 1 flushes. Rate = 5.42101e-20 tuples/ms
I0321 18:44:35.474055 30317 tuple_batch.cc:111] Finished flush in 18446744073709551601 of 4 elements with 1 flushes. Rate = 2.1684e-19 tuples/ms
I0321 18:44:35.491235 30319 tuple_batch.cc:111] Finished flush in 18446744073709551603 of 2 elements with 1 flushes. Rate = 1.0842e-19 tuples/ms
I0321 18:44:35.530344 30298 dataplane_comm.cc:89]  got an end-of-window marker, acking it; ts was 1363905875412 and window size was 1000
I0321 18:44:35.657162 30317 tuple_batch.cc:111] Finished flush in 18446744073709551602 of 19 elements with 1 flushes. Rate = 1.02999e-18 tuples/ms
I0321 18:44:36.632233 30298 dataplane_comm.cc:89]  got an end-of-window marker, acking it; ts was 1363905876453 and window size was 1000
I0321 18:44:36.641721 30317 tuple_batch.cc:111] Finished flush in 18446744073709551604 of 5 elements with 1 flushes. Rate = 2.71051e-19 tuples/ms
I0321 18:44:36.665634 30317 tuple_batch.cc:111] Finished flush in 18446744073709551598 of 4 elements with 1 flushes. Rate = 2.1684e-19 tuples/ms
I0321 18:44:36.696459 30317 tuple_batch.cc:111] Finished flush in 18446744073709551600 of 8 elements with 1 flushes. Rate = 4.33681e-19 tuples/ms
I0321 18:44:37.287983 30298 experiment_operators.cc:501] RootReport@ 1363905877 Avg window: 3000 - 361276 bytes/sec 3938.5 tuples/sec
I0321 18:44:37.288014 30298 experiment_operators.cc:503] Statistics: bytes_in=16222361  bytes_out=35850 Lifetime total count=22906232
I0321 18:44:37.502737 30317 tuple_batch.cc:111] Finished flush in 18446744073709551601 of 1 elements with 1 flushes. Rate = 5.42101e-20 tuples/ms
I0321 18:44:37.503242 30319 tuple_batch.cc:111] Finished flush in 18446744073709551602 of 2 elements with 1 flushes. Rate = 1.0842e-19 tuples/ms
I0321 18:44:37.713779 30319 tuple_batch.cc:111] Finished flush in 18446744073709551602 of 7 elements with 1 flushes. Rate = 3.79471e-19 tuples/ms
I0321 18:44:37.856596 30296 dataplane_comm.cc:89]  got an end-of-window marker, acking it; ts was 1363905877576 and window size was 5000
(13,3): (21-03-13 20:57:00 ,I=0 ,ipv4.tracker.harry.lu.nyud.net,I=1755351 )
(13,3): (21-03-13 20:57:00 ,I=0 ,malawin.ftpaccess.cc.nyud.net,I=9140 )
(13,3): (21-03-13 20:57:00 ,I=0 ,news.google.com.nyud.net:8090,I=22412 )
(13,3): (21-03-13 20:57:00 ,I=0 ,userscripts.org.nyud.net,I=9486 )
(13,3): (21-03-13 20:57:00 ,I=0 ,calu-atrack.appspot.com.nyud.net,I=6562 )
(13,3): (21-03-13 20:57:00 ,I=0 ,www.fevernet.com.nyud.net,I=7622 )
(13,3): (21-03-13 20:57:00 ,I=0 ,94.228.192.98.nyud.net,I=4216 )
(13,3): (21-03-13 20:57:00 ,I=0 ,ck3r.org.nyud.net,I=3475 )
(13,3): (21-03-13 20:57:00 ,I=0 ,www.navixtreme.com.nyud.net,I=5293 )
(13,3): (21-03-13 20:57:00 ,I=0 ,bt.home-ix.ru.nyud.net,I=3032 )
I0321 18:44:38.616808 30319 tuple_batch.cc:111] Finished flush in 18446744073709551602 of 10 elements with 1 flushes. Rate = 5.42101e-19 tuples/ms
I0321 18:44:38.750649 30313 tuple_batch.cc:111] Finished flush in 18446744073709551604 of 4 elements with 1 flushes. Rate = 2.1684e-19 tuples/ms
I0321 18:44:39.288198 30297 experiment_operators.cc:501] RootReport@ 1363905879 Avg window: 3000 - 306299 bytes/sec 3341 tuples/sec
I0321 18:44:39.288229 30297 experiment_operators.cc:503] Statistics: bytes_in=16834959  bytes_out=36840 Lifetime total count=23973098
I0321 18:44:39.461129 30319 tuple_batch.cc:111] Finished flush in 18446744073709551603 of 2 elements with 1 flushes. Rate = 1.0842e-19 tuples/ms
I0321 18:44:39.562016 30295 dataplane_comm.cc:89]  got an end-of-window marker, acking it; ts was 1363905879473 and window size was 1000
I0321 18:44:40.725155 30298 dataplane_comm.cc:89]  got an end-of-window marker, acking it; ts was 1363905880527 and window size was 1000
I0321 18:44:41.288480 30291 experiment_operators.cc:501] RootReport@ 1363905881 Avg window: 3160 - 260533 bytes/sec 2851.5 tuples/sec
I0321 18:44:41.288506 30291 experiment_operators.cc:503] Statistics: bytes_in=17356025  bytes_out=37812 Lifetime total count=24769942
