I0327 19:05:36.021091  6182 node.cc:32] creating node
I0327 19:05:36.021191  6182 node.cc:41] possible controller: 128.112.7.136:3456
I0327 19:05:36.021816  6182 node.cc:70] *********** 
					Node ID is 128.112.7.139:59294
 					     *********** 
I0327 19:05:36.021939  6182 node.cc:99] starting thread pool with 20 threads
I0327 19:05:36.023190  6185 node.cc:189] Connected to controller: 128.112.7.136:3456
I0327 19:05:36.023316  6185 liveness_manager.cc:37] Starting notifications; four-tuple is 128.112.7.139:58693-128.112.7.136:3456
I0327 19:05:36.023583  6185 liveness_manager.cc:108] Successfully scheduled message on 128.112.7.139:58693-128.112.7.136:3456
I0327 19:05:36.024185  6182 node_web_interface.cc:32] Web server on port 128.112.7.139:8080 of 
I0327 19:06:00.118818  6203 node.cc:411] Request to create 1 cubes and 6 operators.
I0327 19:06:00.118998  6203 node.cc:431] configured operator (52,3) of type EchoOperator ok
I0327 19:06:00.119328  6203 node.cc:431] configured operator (52,4) of type LatencyMeasureSubscriber ok
I0327 19:06:00.119359  6203 experiment_operators.cc:208] clear_file is 0
I0327 19:06:00.119438  6203 node.cc:431] configured operator (52,5) of type EchoOperator ok
I0327 19:06:00.119500  6203 node.cc:431] configured operator (52,6) of type AvgCongestLogger ok
I0327 19:06:00.119531  6203 node.cc:431] configured operator (52,257) of type TimestampOperator ok
I0327 19:06:00.119768  6203 base_subscribers.cc:206] configuring a TimeSubscriber simulation
I0327 19:06:00.119792  6203 node.cc:431] configured operator (52,2) of type TimeBasedSubscriber ok
I0327 19:06:00.120229  6203 cube.cc:99] Starting cube with 16 threads 
I0327 19:06:00.121438  6203 cube.cc:19] creating cube test_cube.global_coral_urls and deleting prior contents
I0327 19:06:00.228451  6201 node.cc:268] Incoming dataplane connection from 130.207.98.49:44033
I0327 19:06:00.234369  6184 node.cc:268] Incoming dataplane connection from 130.207.98.19:56581
I0327 19:06:00.244132  6202 node.cc:268] Incoming dataplane connection from 130.207.98.39:37598
I0327 19:06:00.244359  6184 node.cc:268] Incoming dataplane connection from 130.207.98.33:51510
I0327 19:06:00.244879  6185 node.cc:268] Incoming dataplane connection from 130.207.98.73:48135
I0327 19:06:00.246273  6188 node.cc:268] Incoming dataplane connection from 130.207.98.56:59237
I0327 19:06:00.249160  6195 node.cc:268] Incoming dataplane connection from 130.207.98.26:47296
I0327 19:06:00.249686  6195 node.cc:268] Incoming dataplane connection from 130.207.98.46:38908
I0327 19:06:00.253382  6184 node.cc:268] Incoming dataplane connection from 130.207.98.60:49314
I0327 19:06:00.255548  6184 node.cc:268] Incoming dataplane connection from 130.207.98.29:56291
I0327 19:06:00.259860  6184 node.cc:268] Incoming dataplane connection from 130.207.98.50:51562
I0327 19:06:00.266449  6200 node.cc:268] Incoming dataplane connection from 130.207.98.40:52786
I0327 19:06:00.269577  6199 node.cc:268] Incoming dataplane connection from 130.207.98.25:53528
I0327 19:06:00.272939  6199 node.cc:268] Incoming dataplane connection from 130.207.98.61:44125
I0327 19:06:00.277878  6199 node.cc:268] Incoming dataplane connection from 130.207.98.42:41676
I0327 19:06:00.281199  6188 node.cc:268] Incoming dataplane connection from 130.207.98.47:59451
I0327 19:06:00.283948  6203 node.cc:463] Created cube global_coral_urls
I0327 19:06:00.284092  6203 node.cc:537] Edge from (52,4) to (52,5)
I0327 19:06:00.284111  6203 node.cc:523] edge from (52,257) to global_coral_urls
I0327 19:06:00.284183  6203 cube.cc:254] Adding subscriber (52,4) to global_coral_urls
I0327 19:06:00.284201  6203 node.cc:537] Edge from (52,2) to (52,3)
I0327 19:06:00.284225  6203 cube.cc:254] Adding subscriber (52,2) to global_coral_urls
I0327 19:06:00.284235  6203 node.cc:537] Edge from (52,6) to (52,257)
I0327 19:06:00.284343  6203 node.cc:391] added default congestion policy for (52,3). Monitor is defined
I0327 19:06:00.284379  6203 node.cc:391] added default congestion policy for (52,4). Monitor is defined
I0327 19:06:00.284390  6203 node.cc:391] added default congestion policy for (52,5). Monitor is defined
I0327 19:06:00.284401  6203 node.cc:391] added default congestion policy for (52,6). Monitor is defined
I0327 19:06:00.284410  6203 node.cc:391] added default congestion policy for (52,257). Monitor is defined
I0327 19:06:00.284425  6203 node.cc:391] added default congestion policy for (52,2). Monitor is defined
I0327 19:06:00.284729  6184 node.cc:268] Incoming dataplane connection from 130.207.98.23:34416
I0327 19:06:00.284855  6251 base_subscribers.cc:306] (52,2) is attached to global_coral_urls
I0327 19:06:00.284837  6196 node.cc:316] Chain-connect request for (52,6) from 130.207.98.49:44033
I0327 19:06:00.284904  6202 node.cc:316] Chain-connect request for (52,6) from 130.207.98.39:37598
I0327 19:06:00.284919  6192 node.cc:316] Chain-connect request for (52,6) from 130.207.98.73:48135
I0327 19:06:00.285022  6188 node.cc:316] Chain-connect request for (52,6) from 130.207.98.23:34416
I0327 19:06:00.285110  6188 dataplane_comm.cc:206] Created dataplane connection into (52,6)
I0327 19:06:00.285121  6202 dataplane_comm.cc:206] Created dataplane connection into (52,6)
I0327 19:06:00.285137  6196 dataplane_comm.cc:206] Created dataplane connection into (52,6)
I0327 19:06:00.284860  6201 node.cc:316] Chain-connect request for (52,6) from 130.207.98.19:56581
I0327 19:06:00.285202  6192 dataplane_comm.cc:206] Created dataplane connection into (52,6)
I0327 19:06:00.285228  6201 dataplane_comm.cc:206] Created dataplane connection into (52,6)
I0327 19:06:00.285213  6193 node.cc:316] Chain-connect request for (52,6) from 130.207.98.56:59237
I0327 19:06:00.285322  6193 dataplane_comm.cc:206] Created dataplane connection into (52,6)
I0327 19:06:00.285387  6185 node.cc:316] Chain-connect request for (52,6) from 130.207.98.33:51510
I0327 19:06:00.285437  6194 node.cc:316] Chain-connect request for (52,6) from 130.207.98.26:47296
I0327 19:06:00.285452  6190 node.cc:316] Chain-connect request for (52,6) from 130.207.98.46:38908
I0327 19:06:00.285485  6185 dataplane_comm.cc:206] Created dataplane connection into (52,6)
I0327 19:06:00.285518  6195 node.cc:316] Chain-connect request for (52,6) from 130.207.98.60:49314
I0327 19:06:00.285557  6194 dataplane_comm.cc:206] Created dataplane connection into (52,6)
I0327 19:06:00.285533  6191 node.cc:316] Chain-connect request for (52,6) from 130.207.98.29:56291
I0327 19:06:00.285585  6190 dataplane_comm.cc:206] Created dataplane connection into (52,6)
I0327 19:06:00.285593  6198 node.cc:316] Chain-connect request for (52,6) from 130.207.98.25:53528
I0327 19:06:00.285584  6187 node.cc:316] Chain-connect request for (52,6) from 130.207.98.40:52786
I0327 19:06:00.285640  6189 node.cc:316] Chain-connect request for (52,6) from 130.207.98.47:59451
I0327 19:06:00.285670  6200 node.cc:316] Chain-connect request for (52,6) from 130.207.98.42:41676
I0327 19:06:00.285634  6186 node.cc:316] Chain-connect request for (52,6) from 130.207.98.61:44125
I0327 19:06:00.285662  6194 node.cc:268] Incoming dataplane connection from 130.207.98.71:38226
I0327 19:06:00.285576  6197 node.cc:316] Chain-connect request for (52,6) from 130.207.98.50:51562
I0327 19:06:00.285780  6191 dataplane_comm.cc:206] Created dataplane connection into (52,6)
I0327 19:06:00.285809  6189 dataplane_comm.cc:206] Created dataplane connection into (52,6)
I0327 19:06:00.285833  6200 dataplane_comm.cc:206] Created dataplane connection into (52,6)
I0327 19:06:00.285784  6187 dataplane_comm.cc:206] Created dataplane connection into (52,6)
I0327 19:06:00.285883  6197 dataplane_comm.cc:206] Created dataplane connection into (52,6)
I0327 19:06:00.285913  6186 dataplane_comm.cc:206] Created dataplane connection into (52,6)
I0327 19:06:00.285842  6198 dataplane_comm.cc:206] Created dataplane connection into (52,6)
I0327 19:06:00.285989  6195 dataplane_comm.cc:206] Created dataplane connection into (52,6)
I0327 19:06:00.288070  6199 node.cc:316] Chain-connect request for (52,6) from 130.207.98.71:38226
I0327 19:06:00.288153  6199 dataplane_comm.cc:206] Created dataplane connection into (52,6)
I0327 19:06:00.288450  6198 node.cc:268] Incoming dataplane connection from 130.207.98.58:33128
I0327 19:06:00.288982  6199 node.cc:268] Incoming dataplane connection from 130.207.98.27:38352
I0327 19:06:00.290827  6191 node.cc:316] Chain-connect request for (52,6) from 130.207.98.58:33128
I0327 19:06:00.290925  6191 dataplane_comm.cc:206] Created dataplane connection into (52,6)
I0327 19:06:00.290982  6185 node.cc:268] Incoming dataplane connection from 130.207.98.52:55330
I0327 19:06:00.291368  6194 node.cc:268] Incoming dataplane connection from 130.207.98.31:46427
I0327 19:06:00.291642  6200 node.cc:316] Chain-connect request for (52,6) from 130.207.98.27:38352
I0327 19:06:00.291707  6200 dataplane_comm.cc:206] Created dataplane connection into (52,6)
I0327 19:06:00.291939  6197 node.cc:268] Incoming dataplane connection from 130.207.98.55:59085
I0327 19:06:00.292232  6200 node.cc:316] Chain-connect request for (52,6) from 130.207.98.52:55330
I0327 19:06:00.292300  6200 dataplane_comm.cc:206] Created dataplane connection into (52,6)
I0327 19:06:00.293103  6197 node.cc:316] Chain-connect request for (52,6) from 130.207.98.55:59085
I0327 19:06:00.293185  6197 dataplane_comm.cc:206] Created dataplane connection into (52,6)
I0327 19:06:00.294307  6192 node.cc:316] Chain-connect request for (52,6) from 130.207.98.31:46427
I0327 19:06:00.294402  6192 dataplane_comm.cc:206] Created dataplane connection into (52,6)
I0327 19:06:00.296546  6185 node.cc:268] Incoming dataplane connection from 130.207.98.64:50320
I0327 19:06:00.297780  6197 node.cc:316] Chain-connect request for (52,6) from 130.207.98.64:50320
I0327 19:06:00.297849  6197 dataplane_comm.cc:206] Created dataplane connection into (52,6)
I0327 19:06:00.298804  6200 node.cc:268] Incoming dataplane connection from 130.207.98.41:52213
I0327 19:06:00.299029  6185 node.cc:316] Chain-connect request for (52,6) from 130.207.98.41:52213
I0327 19:06:00.299118  6185 dataplane_comm.cc:206] Created dataplane connection into (52,6)
I0327 19:06:00.326114  6192 node.cc:268] Incoming dataplane connection from 141.39.220.46:38804
I0327 19:06:00.326292  6197 node.cc:316] Chain-connect request for (52,6) from 141.39.220.46:38804
I0327 19:06:00.326360  6197 dataplane_comm.cc:206] Created dataplane connection into (52,6)
I0327 19:06:00.337672  6197 node.cc:268] Incoming dataplane connection from 141.39.220.54:41352
I0327 19:06:00.340520  6185 node.cc:316] Chain-connect request for (52,6) from 141.39.220.54:41352
I0327 19:06:00.340622  6185 dataplane_comm.cc:206] Created dataplane connection into (52,6)
I0327 19:06:00.341261  6198 node.cc:268] Incoming dataplane connection from 141.39.220.24:38772
I0327 19:06:00.342239  6192 node.cc:316] Chain-connect request for (52,6) from 141.39.220.24:38772
I0327 19:06:00.342325  6192 dataplane_comm.cc:206] Created dataplane connection into (52,6)
I0327 19:06:00.347156  6196 node.cc:268] Incoming dataplane connection from 141.39.220.43:37769
I0327 19:06:00.347326  6194 node.cc:316] Chain-connect request for (52,6) from 141.39.220.43:37769
I0327 19:06:00.347393  6194 dataplane_comm.cc:206] Created dataplane connection into (52,6)
I0327 19:06:00.347508  6194 node.cc:268] Incoming dataplane connection from 141.39.220.17:60904
I0327 19:06:00.347681  6192 node.cc:268] Incoming dataplane connection from 141.39.220.25:60757
I0327 19:06:00.347869  6199 node.cc:316] Chain-connect request for (52,6) from 141.39.220.25:60757
I0327 19:06:00.347959  6199 dataplane_comm.cc:206] Created dataplane connection into (52,6)
I0327 19:06:00.347981  6188 node.cc:268] Incoming dataplane connection from 141.39.220.32:52537
I0327 19:06:00.348489  6194 node.cc:316] Chain-connect request for (52,6) from 141.39.220.17:60904
I0327 19:06:00.348583  6194 dataplane_comm.cc:206] Created dataplane connection into (52,6)
I0327 19:06:00.348830  6195 node.cc:268] Incoming dataplane connection from 141.39.220.29:33543
I0327 19:06:00.351459  6194 node.cc:316] Chain-connect request for (52,6) from 141.39.220.29:33543
I0327 19:06:00.351562  6194 dataplane_comm.cc:206] Created dataplane connection into (52,6)
I0327 19:06:00.351593  6192 node.cc:268] Incoming dataplane connection from 141.39.220.48:42443
I0327 19:06:00.353391  6196 node.cc:316] Chain-connect request for (52,6) from 141.39.220.48:42443
I0327 19:06:00.353473  6196 dataplane_comm.cc:206] Created dataplane connection into (52,6)
I0327 19:06:00.353477  6194 node.cc:316] Chain-connect request for (52,6) from 141.39.220.32:52537
I0327 19:06:00.353554  6194 dataplane_comm.cc:206] Created dataplane connection into (52,6)
I0327 19:06:00.356634  6197 node.cc:268] Incoming dataplane connection from 141.39.220.20:44928
I0327 19:06:00.360932  6188 node.cc:268] Incoming dataplane connection from 141.39.220.36:35462
I0327 19:06:00.361068  6193 node.cc:316] Chain-connect request for (52,6) from 141.39.220.20:44928
I0327 19:06:00.361140  6193 dataplane_comm.cc:206] Created dataplane connection into (52,6)
I0327 19:06:00.363878  6196 node.cc:316] Chain-connect request for (52,6) from 141.39.220.36:35462
I0327 19:06:00.363904  6199 node.cc:268] Incoming dataplane connection from 141.39.220.21:38371
I0327 19:06:00.363953  6196 dataplane_comm.cc:206] Created dataplane connection into (52,6)
I0327 19:06:00.367750  6193 node.cc:268] Incoming dataplane connection from 141.39.220.41:49810
I0327 19:06:00.368499  6194 node.cc:316] Chain-connect request for (52,6) from 141.39.220.41:49810
I0327 19:06:00.368587  6194 dataplane_comm.cc:206] Created dataplane connection into (52,6)
I0327 19:06:00.369397  6195 node.cc:268] Incoming dataplane connection from 141.39.220.11:51612
I0327 19:06:00.371660  6197 node.cc:268] Incoming dataplane connection from 141.39.220.15:44638
I0327 19:06:00.371702  6194 node.cc:316] Chain-connect request for (52,6) from 141.39.220.11:51612
I0327 19:06:00.371810  6194 dataplane_comm.cc:206] Created dataplane connection into (52,6)
I0327 19:06:00.374042  6192 node.cc:316] Chain-connect request for (52,6) from 141.39.220.15:44638
I0327 19:06:00.374130  6192 dataplane_comm.cc:206] Created dataplane connection into (52,6)
I0327 19:06:00.375814  6197 node.cc:268] Incoming dataplane connection from 141.39.220.49:37562
I0327 19:06:00.377846  6196 node.cc:316] Chain-connect request for (52,6) from 141.39.220.49:37562
I0327 19:06:00.377935  6196 dataplane_comm.cc:206] Created dataplane connection into (52,6)
I0327 19:06:00.386603  6195 node.cc:268] Incoming dataplane connection from 141.39.220.34:56484
I0327 19:06:00.388154  6193 dataplane_comm.cc:89]  got an end-of-window marker, acking it; ts was 0 and window size was 1000
I0327 19:06:00.388150  6192 node.cc:316] Chain-connect request for (52,6) from 141.39.220.34:56484
I0327 19:06:00.388281  6192 dataplane_comm.cc:206] Created dataplane connection into (52,6)
I0327 19:06:00.388736  6186 node.cc:268] Incoming dataplane connection from 141.39.220.57:43868
I0327 19:06:00.389125  6186 node.cc:268] Incoming dataplane connection from 141.39.220.38:40505
I0327 19:06:00.390182  6192 node.cc:316] Chain-connect request for (52,6) from 141.39.220.57:43868
I0327 19:06:00.390261  6192 dataplane_comm.cc:206] Created dataplane connection into (52,6)
I0327 19:06:00.391664  6197 node.cc:316] Chain-connect request for (52,6) from 141.39.220.38:40505
I0327 19:06:00.391757  6197 dataplane_comm.cc:206] Created dataplane connection into (52,6)
I0327 19:06:00.399533  6194 node.cc:268] Incoming dataplane connection from 141.39.220.12:40098
I0327 19:06:00.399739  6194 node.cc:316] Chain-connect request for (52,6) from 141.39.220.12:40098
I0327 19:06:00.399831  6194 dataplane_comm.cc:206] Created dataplane connection into (52,6)
I0327 19:06:00.410495  6185 node.cc:268] Incoming dataplane connection from 141.39.220.30:34740
I0327 19:06:00.412879  6197 node.cc:268] Incoming dataplane connection from 141.39.220.22:42835
I0327 19:06:00.413038  6185 node.cc:316] Chain-connect request for (52,6) from 141.39.220.30:34740
I0327 19:06:00.413100  6185 dataplane_comm.cc:206] Created dataplane connection into (52,6)
I0327 19:06:00.413718  6197 node.cc:316] Chain-connect request for (52,6) from 141.39.220.22:42835
I0327 19:06:00.413808  6197 dataplane_comm.cc:206] Created dataplane connection into (52,6)
I0327 19:06:00.415426  6185 node.cc:268] Incoming dataplane connection from 141.39.220.31:52504
I0327 19:06:00.417647  6197 node.cc:316] Chain-connect request for (52,6) from 141.39.220.31:52504
I0327 19:06:00.417721  6197 dataplane_comm.cc:206] Created dataplane connection into (52,6)
I0327 19:06:00.431716  6196 node.cc:268] Incoming dataplane connection from 141.39.220.27:46201
I0327 19:06:00.435050  6196 node.cc:316] Chain-connect request for (52,6) from 141.39.220.27:46201
I0327 19:06:00.435111  6196 dataplane_comm.cc:206] Created dataplane connection into (52,6)
I0327 19:06:00.444749  6198 node.cc:268] Incoming dataplane connection from 141.39.220.19:40537
I0327 19:06:00.445868  6199 node.cc:316] Chain-connect request for (52,6) from 141.39.220.19:40537
I0327 19:06:00.445943  6199 dataplane_comm.cc:206] Created dataplane connection into (52,6)
I0327 19:06:00.641285  6188 dataplane_comm.cc:89]  got an end-of-window marker, acking it; ts was 0 and window size was 1000
I0327 19:06:01.352076  6203 cube.cc:121] Using thread in process thread_id is: 7ffd1a055700
I0327 19:06:01.353210  6201 cube.cc:121] Using thread in process thread_id is: 7ffd12856700
I0327 19:06:01.457797  6188 dataplane_comm.cc:89]  got an end-of-window marker, acking it; ts was 0 and window size was 1000
I0327 19:06:02.284761  6203 experiment_operators.cc:534] RootReport@ 1364425562 Avg window: 1000 - 2493.5 bytes/sec 3.5 tuples/sec
I0327 19:06:02.284822  6203 experiment_operators.cc:536] Statistics: bytes_in=4987  bytes_out=2058 Lifetime total count=16
I0327 19:06:02.284832  6203 experiment_operators.cc:540] Filter-error bound: 0
I0327 19:06:02.340456  6201 congestion_monitors.cc:53] (logged every 211) Queue for cube global_coral_urls flush: 7 inserts (max is inf); 7 removes. Queue length 0/34000. Space Ratio is 4858.14, downstream is inf and final result is 4858.14
I0327 19:06:02.341786  6197 cube.cc:121] Using thread in process thread_id is: 7ffd1c85a700
I0327 19:06:02.342950  6188 cube.cc:121] Using thread in process thread_id is: 7ffd21063700
I0327 19:06:02.343088  6184 cube.cc:121] Using thread in process thread_id is: 7ffd23067700
I0327 19:06:02.343165  6192 cube.cc:121] Using thread in process thread_id is: 7ffd1f05f700
I0327 19:06:02.343418  6198 cube.cc:121] Using thread in process thread_id is: 7ffd1c059700
I0327 19:06:02.345084  6196 cube.cc:121] Using thread in process thread_id is: 7ffd1d05b700
I0327 19:06:02.345088  6190 cube.cc:121] Using thread in process thread_id is: 7ffd20061700
I0327 19:06:02.346617  6185 cube.cc:121] Using thread in process thread_id is: 7ffd22866700
I0327 19:06:02.394637  6195 cube.cc:121] Using thread in process thread_id is: 7ffd1d85c700
I0327 19:06:02.427244  6199 cube.cc:121] Using thread in process thread_id is: 7ffd1b858700
I0327 19:06:02.428879  6197 dataplane_comm.cc:89]  got an end-of-window marker, acking it; ts was 1364425562315 and window size was 1000
I0327 19:06:03.342449  6189 cube.cc:121] Using thread in process thread_id is: 7ffd20862700
I0327 19:06:03.346881  6191 cube.cc:121] Using thread in process thread_id is: 7ffd1f860700
I0327 19:06:03.348637  6193 cube.cc:121] Using thread in process thread_id is: 7ffd1e85e700
I0327 19:06:03.348709  6186 cube.cc:121] Using thread in process thread_id is: 7ffd22065700
I0327 19:06:03.350348  6187 cube.cc:121] Using thread in process thread_id is: 7ffd21864700
I0327 19:06:03.350581  6194 cube.cc:121] Using thread in process thread_id is: 7ffd1e05d700
I0327 19:06:03.350630  6202 cube.cc:121] Using thread in process thread_id is: 7ffd1a856700
I0327 19:06:03.350718  6200 cube.cc:121] Using thread in process thread_id is: 7ffd1b057700
I0327 19:06:03.402132  6203 dataplane_comm.cc:89]  got an end-of-window marker, acking it; ts was 1364425563316 and window size was 1000
I0327 19:06:03.663911  6228 tuple_batch.cc:111] Finished flush in 18446744073709551605 of 1 elements with 1 flushes. Rate = 5.42101e-20 tuples/ms
I0327 19:06:03.836328  6228 tuple_batch.cc:111] Finished flush in 18446744073709551604 of 1 elements with 1 flushes. Rate = 5.42101e-20 tuples/ms
I0327 19:06:03.836341  6234 tuple_batch.cc:111] Finished flush in 18446744073709551604 of 2 elements with 1 flushes. Rate = 1.0842e-19 tuples/ms
I0327 19:06:04.285032  6203 experiment_operators.cc:534] RootReport@ 1364425564 Avg window: 1000 - 211069 bytes/sec 2341 tuples/sec
I0327 19:06:04.285066  6203 experiment_operators.cc:536] Statistics: bytes_in=427125  bytes_out=3804 Lifetime total count=439941
I0327 19:06:04.285073  6203 experiment_operators.cc:540] Filter-error bound: 0
I0327 19:06:04.402242  6198 dataplane_comm.cc:89]  got an end-of-window marker, acking it; ts was 1364425564313 and window size was 1000
I0327 19:06:05.401792  6201 dataplane_comm.cc:89]  got an end-of-window marker, acking it; ts was 1364425565322 and window size was 1000
I0327 19:06:06.285259  6192 experiment_operators.cc:534] RootReport@ 1364425566 Avg window: 1000 - 288469 bytes/sec 3192.5 tuples/sec
I0327 19:06:06.285292  6192 experiment_operators.cc:536] Statistics: bytes_in=1004063  bytes_out=5244 Lifetime total count=1032437
I0327 19:06:06.285300  6192 experiment_operators.cc:540] Filter-error bound: 0
I0327 19:06:06.410409  6190 dataplane_comm.cc:89]  got an end-of-window marker, acking it; ts was 1364425566321 and window size was 1000
I0327 19:06:07.412742  6187 dataplane_comm.cc:89]  got an end-of-window marker, acking it; ts was 1364425567323 and window size was 1000
I0327 19:06:07.483902  6236 tuple_batch.cc:111] Finished flush in 18446744073709551605 of 1 elements with 1 flushes. Rate = 5.42101e-20 tuples/ms
I0327 19:06:07.484941  6236 tuple_batch.cc:111] Finished flush in 18446744073709551605 of 2 elements with 1 flushes. Rate = 1.0842e-19 tuples/ms
I0327 19:06:08.285523  6196 experiment_operators.cc:534] RootReport@ 1364425568 Avg window: 1081.63 - 230132 bytes/sec 2543.5 tuples/sec
I0327 19:06:08.285557  6196 experiment_operators.cc:536] Statistics: bytes_in=1464328  bytes_out=6504 Lifetime total count=1527141
I0327 19:06:08.285568  6196 experiment_operators.cc:540] Filter-error bound: 0
I0327 19:06:08.419680  6190 dataplane_comm.cc:89]  got an end-of-window marker, acking it; ts was 1364425568332 and window size was 1000
I0327 19:06:08.515718  6226 tuple_batch.cc:111] Finished flush in 18446744073709551604 of 1 elements with 1 flushes. Rate = 5.42101e-20 tuples/ms
I0327 19:06:08.543006  6226 tuple_batch.cc:111] Finished flush in 18446744073709551605 of 2 elements with 1 flushes. Rate = 1.0842e-19 tuples/ms
I0327 19:06:09.433449  6203 dataplane_comm.cc:89]  got an end-of-window marker, acking it; ts was 1364425569341 and window size was 1000
W0327 19:06:10.273350  6194 connected_socket.cc:57] unexpected error in ConnectedSocket::fail connecting to 141.39.220.21:38371 End of file
W0327 19:06:10.273491  6194 node.cc:331] Unexpected dataplane message: 2 from 141.39.220.21:38371
I0327 19:06:10.285799  6200 experiment_operators.cc:534] RootReport@ 1364425570 Avg window: 1897.96 - 219978 bytes/sec 2421 tuples/sec
I0327 19:06:10.285825  6200 experiment_operators.cc:536] Statistics: bytes_in=1904283  bytes_out=7836 Lifetime total count=1999339
I0327 19:06:10.285830  6200 experiment_operators.cc:540] Filter-error bound: 0
I0327 19:06:10.589282  6199 dataplane_comm.cc:89]  got an end-of-window marker, acking it; ts was 1364425570434 and window size was 1000
I0327 19:06:11.655176  6203 dataplane_comm.cc:89]  got an end-of-window marker, acking it; ts was 1364425571486 and window size was 1000
I0327 19:06:12.286063  6187 experiment_operators.cc:534] RootReport@ 1364425572 Avg window: 2306.12 - 204134 bytes/sec 2250.5 tuples/sec
I0327 19:06:12.286098  6187 experiment_operators.cc:536] Statistics: bytes_in=2312550  bytes_out=9042 Lifetime total count=2454076
I0327 19:06:12.286103  6187 experiment_operators.cc:540] Filter-error bound: 0
I0327 19:06:12.423646  6232 tuple_batch.cc:111] Finished flush in 18446744073709551605 of 1 elements with 1 flushes. Rate = 5.42101e-20 tuples/ms
I0327 19:06:12.423871  6224 tuple_batch.cc:111] Finished flush in 18446744073709551605 of 2 elements with 1 flushes. Rate = 1.0842e-19 tuples/ms
I0327 19:06:12.457128  6220 tuple_batch.cc:111] Finished flush in 18446744073709551604 of 2 elements with 1 flushes. Rate = 1.0842e-19 tuples/ms
I0327 19:06:12.525272  6242 tuple_batch.cc:111] Finished flush in 18446744073709551604 of 1 elements with 1 flushes. Rate = 5.42101e-20 tuples/ms
I0327 19:06:13.427351  6200 dataplane_comm.cc:89]  got an end-of-window marker, acking it; ts was 1364425573345 and window size was 1000
I0327 19:06:13.555755  6224 tuple_batch.cc:111] Finished flush in 18446744073709551603 of 1 elements with 1 flushes. Rate = 5.42101e-20 tuples/ms
I0327 19:06:13.584776  6238 tuple_batch.cc:111] Finished flush in 18446744073709551605 of 1 elements with 1 flushes. Rate = 5.42101e-20 tuples/ms
I0327 19:06:14.286337  6188 experiment_operators.cc:534] RootReport@ 1364425574 Avg window: 2469.39 - 321890 bytes/sec 3535 tuples/sec
I0327 19:06:14.286376  6188 experiment_operators.cc:536] Statistics: bytes_in=2956329  bytes_out=10248 Lifetime total count=3304402
I0327 19:06:14.286382  6188 experiment_operators.cc:540] Filter-error bound: 0
I0327 19:06:14.434720  6186 dataplane_comm.cc:89]  got an end-of-window marker, acking it; ts was 1364425574352 and window size was 1000
I0327 19:06:14.764678  6242 tuple_batch.cc:111] Finished flush in 18446744073709551605 of 1 elements with 1 flushes. Rate = 5.42101e-20 tuples/ms
I0327 19:06:15.582538  6187 dataplane_comm.cc:89]  got an end-of-window marker, acking it; ts was 1364425575422 and window size was 1000
I0327 19:06:16.027209  6200 liveness_manager.cc:108] Successfully scheduled message on 128.112.7.139:58693-128.112.7.136:3456
I0327 19:06:16.286638  6187 experiment_operators.cc:534] RootReport@ 1364425576 Avg window: 2469.39 - 274132 bytes/sec 2991.5 tuples/sec
I0327 19:06:16.286664  6187 experiment_operators.cc:536] Statistics: bytes_in=3504593  bytes_out=11346 Lifetime total count=4031161
I0327 19:06:16.286669  6187 experiment_operators.cc:540] Filter-error bound: 0
I0327 19:06:16.563700  6240 tuple_batch.cc:111] Finished flush in 18446744073709551605 of 1 elements with 1 flushes. Rate = 5.42101e-20 tuples/ms
I0327 19:06:16.563894  6234 tuple_batch.cc:111] Finished flush in 18446744073709551605 of 2 elements with 1 flushes. Rate = 1.0842e-19 tuples/ms
I0327 19:06:16.669507  6200 dataplane_comm.cc:89]  got an end-of-window marker, acking it; ts was 1364425576500 and window size was 1000
I0327 19:06:17.714054  6226 tuple_batch.cc:111] Finished flush in 18446744073709551604 of 1 elements with 1 flushes. Rate = 5.42101e-20 tuples/ms
I0327 19:06:18.286824  6197 experiment_operators.cc:534] RootReport@ 1364425578 Avg window: 2632.65 - 240655 bytes/sec 2638.5 tuples/sec
I0327 19:06:18.286855  6197 experiment_operators.cc:536] Statistics: bytes_in=3985903  bytes_out=12426 Lifetime total count=4630438
I0327 19:06:18.286862  6197 experiment_operators.cc:540] Filter-error bound: 0
I0327 19:06:18.444831  6194 dataplane_comm.cc:89]  got an end-of-window marker, acking it; ts was 1364425578357 and window size was 1000
I0327 19:06:18.565624  6236 tuple_batch.cc:111] Finished flush in 18446744073709551605 of 1 elements with 1 flushes. Rate = 5.42101e-20 tuples/ms
I0327 19:06:18.705399  6240 tuple_batch.cc:111] Finished flush in 18446744073709551605 of 1 elements with 1 flushes. Rate = 5.42101e-20 tuples/ms
I0327 19:06:19.453752  6201 dataplane_comm.cc:89]  got an end-of-window marker, acking it; ts was 1364425579362 and window size was 1000
I0327 19:06:19.634860  6246 tuple_batch.cc:111] Finished flush in 18446744073709551605 of 1 elements with 1 flushes. Rate = 5.42101e-20 tuples/ms
I0327 19:06:20.287072  6186 experiment_operators.cc:534] RootReport@ 1364425580 Avg window: 2795.92 - 360822 bytes/sec 3940 tuples/sec
I0327 19:06:20.287104  6186 experiment_operators.cc:536] Statistics: bytes_in=4707546  bytes_out=13650 Lifetime total count=5602327
I0327 19:06:20.287111  6186 experiment_operators.cc:540] Filter-error bound: 0
I0327 19:06:20.516437  6234 tuple_batch.cc:111] Finished flush in 18446744073709551604 of 1 elements with 1 flushes. Rate = 5.42101e-20 tuples/ms
I0327 19:06:20.524709  6246 tuple_batch.cc:111] Finished flush in 18446744073709551604 of 1 elements with 1 flushes. Rate = 5.42101e-20 tuples/ms
I0327 19:06:20.619488  6195 dataplane_comm.cc:89]  got an end-of-window marker, acking it; ts was 1364425580454 and window size was 1000
I0327 19:06:21.496147  6238 tuple_batch.cc:111] Finished flush in 18446744073709551604 of 1 elements with 1 flushes. Rate = 5.42101e-20 tuples/ms
I0327 19:06:21.625897  6224 tuple_batch.cc:111] Finished flush in 18446744073709551603 of 1 elements with 1 flushes. Rate = 5.42101e-20 tuples/ms
I0327 19:06:21.726454  6199 dataplane_comm.cc:89]  got an end-of-window marker, acking it; ts was 1364425581539 and window size was 1000
I0327 19:06:22.287302  6188 experiment_operators.cc:534] RootReport@ 1364425582 Avg window: 2795.92 - 268624 bytes/sec 2942.5 tuples/sec
I0327 19:06:22.287340  6188 experiment_operators.cc:536] Statistics: bytes_in=5244793  bytes_out=14748 Lifetime total count=6355915
I0327 19:06:22.287348  6188 experiment_operators.cc:540] Filter-error bound: 0
I0327 19:06:23.464586  6201 dataplane_comm.cc:89]  got an end-of-window marker, acking it; ts was 1364425583384 and window size was 1000
I0327 19:06:23.466866  6228 tuple_batch.cc:111] Finished flush in 18446744073709551605 of 4 elements with 1 flushes. Rate = 2.1684e-19 tuples/ms
I0327 19:06:23.494951  6226 tuple_batch.cc:111] Finished flush in 18446744073709551604 of 1 elements with 1 flushes. Rate = 5.42101e-20 tuples/ms
I0327 19:06:23.737296  6224 tuple_batch.cc:111] Finished flush in 18446744073709551604 of 3 elements with 1 flushes. Rate = 1.6263e-19 tuples/ms
I0327 19:06:24.287567  6199 experiment_operators.cc:534] RootReport@ 1364425584 Avg window: 2795.92 - 330568 bytes/sec 3612.5 tuples/sec
I0327 19:06:24.287605  6199 experiment_operators.cc:536] Statistics: bytes_in=5905929  bytes_out=15900 Lifetime total count=7269578
I0327 19:06:24.287611  6199 experiment_operators.cc:540] Filter-error bound: 0
I0327 19:06:24.484688  6188 dataplane_comm.cc:89]  got an end-of-window marker, acking it; ts was 1364425584371 and window size was 1000
I0327 19:06:25.640372  6201 dataplane_comm.cc:89]  got an end-of-window marker, acking it; ts was 1364425585487 and window size was 1000
I0327 19:06:25.695318  6226 tuple_batch.cc:111] Finished flush in 18446744073709551604 of 1 elements with 1 flushes. Rate = 5.42101e-20 tuples/ms
I0327 19:06:26.287828  6186 experiment_operators.cc:534] RootReport@ 1364425586 Avg window: 2795.92 - 265017 bytes/sec 2892 tuples/sec
I0327 19:06:26.287866  6186 experiment_operators.cc:536] Statistics: bytes_in=6435963  bytes_out=16998 Lifetime total count=7929951
I0327 19:06:26.287871  6186 experiment_operators.cc:540] Filter-error bound: 0
I0327 19:06:26.509973  6199 congestion_monitors.cc:53] (logged every 211) Queue for cube global_coral_urls process: 1809 inserts (max is inf); 1809 removes. Queue length 0/10000. Space Ratio is 6.52792, downstream is 22.2633 and final result is 6.52792
I0327 19:06:27.449134  6191 dataplane_comm.cc:89]  got an end-of-window marker, acking it; ts was 1364425587368 and window size was 1000
I0327 19:06:27.586751  6246 tuple_batch.cc:111] Finished flush in 18446744073709551604 of 2 elements with 1 flushes. Rate = 1.0842e-19 tuples/ms
I0327 19:06:27.597512  6220 tuple_batch.cc:111] Finished flush in 18446744073709551605 of 2 elements with 1 flushes. Rate = 1.0842e-19 tuples/ms
I0327 19:06:27.597553  6218 tuple_batch.cc:111] Finished flush in 18446744073709551605 of 1 elements with 1 flushes. Rate = 5.42101e-20 tuples/ms
I0327 19:06:28.288059  6191 experiment_operators.cc:534] RootReport@ 1364425588 Avg window: 2795.92 - 249849 bytes/sec 2744 tuples/sec
I0327 19:06:28.288090  6191 experiment_operators.cc:536] Statistics: bytes_in=6935661  bytes_out=18060 Lifetime total count=8591662
I0327 19:06:28.288102  6191 experiment_operators.cc:540] Filter-error bound: 0
I0327 19:06:28.484760  6203 dataplane_comm.cc:89]  got an end-of-window marker, acking it; ts was 1364425588390 and window size was 5000
I0327 19:06:28.495892  6248 tuple_batch.cc:111] Finished flush in 18446744073709551605 of 2 elements with 1 flushes. Rate = 1.0842e-19 tuples/ms
I0327 19:06:28.495972  6236 tuple_batch.cc:111] Finished flush in 18446744073709551605 of 2 elements with 1 flushes. Rate = 1.0842e-19 tuples/ms
I0327 19:06:29.415786  6228 tuple_batch.cc:111] Finished flush in 18446744073709551604 of 1 elements with 1 flushes. Rate = 5.42101e-20 tuples/ms
I0327 19:06:29.415886  6222 tuple_batch.cc:111] Finished flush in 18446744073709551604 of 1 elements with 1 flushes. Rate = 5.42101e-20 tuples/ms
I0327 19:06:29.616195  6224 tuple_batch.cc:111] Finished flush in 18446744073709551605 of 2 elements with 1 flushes. Rate = 1.0842e-19 tuples/ms
I0327 19:06:29.644754  6200 dataplane_comm.cc:89]  got an end-of-window marker, acking it; ts was 1364425589495 and window size was 1000
I0327 19:06:30.288352  6197 experiment_operators.cc:534] RootReport@ 1364425590 Avg window: 2795.92 - 359017 bytes/sec 3923.5 tuples/sec
I0327 19:06:30.288382  6197 experiment_operators.cc:536] Statistics: bytes_in=7653695  bytes_out=19248 Lifetime total count=9647134
I0327 19:06:30.288386  6197 experiment_operators.cc:540] Filter-error bound: 0
I0327 19:06:30.525909  6238 tuple_batch.cc:111] Finished flush in 18446744073709551604 of 1 elements with 1 flushes. Rate = 5.42101e-20 tuples/ms
I0327 19:06:30.526025  6248 tuple_batch.cc:111] Finished flush in 18446744073709551604 of 1 elements with 1 flushes. Rate = 5.42101e-20 tuples/ms
I0327 19:06:30.775503  6188 dataplane_comm.cc:89]  got an end-of-window marker, acking it; ts was 1364425590593 and window size was 1000
I0327 19:06:31.415840  6222 tuple_batch.cc:111] Finished flush in 18446744073709551603 of 1 elements with 1 flushes. Rate = 5.42101e-20 tuples/ms
I0327 19:06:31.485628  6236 tuple_batch.cc:111] Finished flush in 18446744073709551604 of 1 elements with 1 flushes. Rate = 5.42101e-20 tuples/ms
I0327 19:06:31.644049  6232 tuple_batch.cc:111] Finished flush in 18446744073709551605 of 1 elements with 1 flushes. Rate = 5.42101e-20 tuples/ms
I0327 19:06:32.288609  6199 experiment_operators.cc:534] RootReport@ 1364425592 Avg window: 2877.55 - 244821 bytes/sec 2689.5 tuples/sec
I0327 19:06:32.288641  6199 experiment_operators.cc:536] Statistics: bytes_in=8143337  bytes_out=20328 Lifetime total count=10374809
I0327 19:06:32.288652  6199 experiment_operators.cc:540] Filter-error bound: 0
I0327 19:06:32.489902  6188 dataplane_comm.cc:89]  got an end-of-window marker, acking it; ts was 1364425592401 and window size was 1000
I0327 19:06:33.427189  6248 tuple_batch.cc:111] Finished flush in 18446744073709551604 of 2 elements with 1 flushes. Rate = 1.0842e-19 tuples/ms
I0327 19:06:33.475596  6244 tuple_batch.cc:111] Finished flush in 18446744073709551604 of 2 elements with 1 flushes. Rate = 1.0842e-19 tuples/ms
I0327 19:06:33.653115  6194 dataplane_comm.cc:89]  got an end-of-window marker, acking it; ts was 1364425593504 and window size was 1000
I0327 19:06:34.288907  6194 experiment_operators.cc:534] RootReport@ 1364425594 Avg window: 2877.55 - 290776 bytes/sec 3193 tuples/sec
I0327 19:06:34.288941  6194 experiment_operators.cc:536] Statistics: bytes_in=8724888  bytes_out=21444 Lifetime total count=11286856
I0327 19:06:34.288946  6194 experiment_operators.cc:540] Filter-error bound: 0
I0327 19:06:34.495726  6242 tuple_batch.cc:111] Finished flush in 18446744073709551604 of 1 elements with 1 flushes. Rate = 5.42101e-20 tuples/ms
I0327 19:06:34.605386  6244 tuple_batch.cc:111] Finished flush in 18446744073709551605 of 1 elements with 1 flushes. Rate = 5.42101e-20 tuples/ms
I0327 19:06:34.741034  6203 dataplane_comm.cc:89]  got an end-of-window marker, acking it; ts was 1364425594484 and window size was 5000
(52,3): (27-03-13 21:03:00 ,I=0 ,ipv4.tracker.harry.lu.nyud.net,I=194534 )
(52,3): (27-03-13 21:03:00 ,I=0 ,malawis.ftpaccess.cc.nyud.net,I=1646 )
(52,3): (27-03-13 21:03:00 ,I=0 ,userscripts.org.nyud.net,I=1492 )
(52,3): (27-03-13 21:03:00 ,I=0 ,malawin.ftpaccess.cc.nyud.net,I=1729 )
(52,3): (27-03-13 21:03:00 ,I=0 ,(null),I=1633 )
(52,3): (27-03-13 21:03:00 ,I=0 ,www.navixtreme.com.nyud.net,I=1267 )
(52,3): (27-03-13 21:03:00 ,I=0 ,bbs.soul-plus.net.nyud.net,I=2883 )
(52,3): (27-03-13 21:03:00 ,I=0 ,www.mega-porno-hd.ru.nyud.net,I=911 )
(52,3): (27-03-13 21:03:00 ,I=0 ,calu-atrack.appspot.com.nyud.net,I=868 )
(52,3): (27-03-13 21:03:00 ,I=0 ,www.redtube.com.nyud.net,I=449 )
I0327 19:06:35.587110  6246 tuple_batch.cc:111] Finished flush in 18446744073709551605 of 1 elements with 1 flushes. Rate = 5.42101e-20 tuples/ms
I0327 19:06:36.289180  6194 experiment_operators.cc:534] RootReport@ 1364425596 Avg window: 2877.55 - 260351 bytes/sec 2849.5 tuples/sec
I0327 19:06:36.289216  6194 experiment_operators.cc:536] Statistics: bytes_in=9245590  bytes_out=22506 Lifetime total count=12034093
I0327 19:06:36.289222  6194 experiment_operators.cc:540] Filter-error bound: 0
I0327 19:06:36.494410  6246 tuple_batch.cc:111] Finished flush in 18446744073709551605 of 1 elements with 1 flushes. Rate = 5.42101e-20 tuples/ms
I0327 19:06:36.494624  6186 dataplane_comm.cc:89]  got an end-of-window marker, acking it; ts was 1364425596413 and window size was 1000
I0327 19:06:36.495790  6240 tuple_batch.cc:111] Finished flush in 18446744073709551604 of 2 elements with 1 flushes. Rate = 1.0842e-19 tuples/ms
I0327 19:06:36.625133  6246 tuple_batch.cc:111] Finished flush in 18446744073709551605 of 2 elements with 1 flushes. Rate = 1.0842e-19 tuples/ms
I0327 19:06:37.604055  6226 tuple_batch.cc:111] Finished flush in 18446744073709551604 of 1 elements with 1 flushes. Rate = 5.42101e-20 tuples/ms
I0327 19:06:37.640382  6186 dataplane_comm.cc:89]  got an end-of-window marker, acking it; ts was 1364425597479 and window size was 1000
I0327 19:06:38.289448  6186 experiment_operators.cc:534] RootReport@ 1364425598 Avg window: 2877.55 - 263222 bytes/sec 2890.5 tuples/sec
I0327 19:06:38.289482  6186 experiment_operators.cc:536] Statistics: bytes_in=9772033  bytes_out=23550 Lifetime total count=12762665
I0327 19:06:38.289489  6186 experiment_operators.cc:540] Filter-error bound: 0
I0327 19:06:38.536237  6248 tuple_batch.cc:111] Finished flush in 18446744073709551605 of 1 elements with 1 flushes. Rate = 5.42101e-20 tuples/ms
I0327 19:06:38.684911  6222 tuple_batch.cc:111] Finished flush in 18446744073709551604 of 1 elements with 1 flushes. Rate = 5.42101e-20 tuples/ms
I0327 19:06:38.686434  6236 tuple_batch.cc:111] Finished flush in 18446744073709551605 of 1 elements with 1 flushes. Rate = 5.42101e-20 tuples/ms
I0327 19:06:38.734627  6194 dataplane_comm.cc:89]  got an end-of-window marker, acking it; ts was 1364425598549 and window size was 1000
I0327 19:06:38.965646  6234 tuple_batch.cc:111] Finished flush in 18446744073709551604 of 2 elements with 1 flushes. Rate = 1.0842e-19 tuples/ms
I0327 19:06:38.965783  6242 tuple_batch.cc:111] Finished flush in 18446744073709551604 of 2 elements with 1 flushes. Rate = 1.0842e-19 tuples/ms
I0327 19:06:39.795886  6242 tuple_batch.cc:111] Finished flush in 18446744073709551603 of 1 elements with 1 flushes. Rate = 5.42101e-20 tuples/ms
I0327 19:06:40.289736  6186 experiment_operators.cc:534] RootReport@ 1364425600 Avg window: 2877.55 - 347306 bytes/sec 3797 tuples/sec
I0327 19:06:40.289772  6186 experiment_operators.cc:536] Statistics: bytes_in=10466645  bytes_out=24702 Lifetime total count=13798506
I0327 19:06:40.289777  6186 experiment_operators.cc:540] Filter-error bound: 0
(52,3): (27-03-13 21:03:00 ,I=0 ,ipv4.tracker.harry.lu.nyud.net,I=1860474 )
(52,3): (27-03-13 21:03:00 ,I=0 ,xplanet.sourceforge.net.nyud.net,I=429 )
(52,3): (27-03-13 21:03:00 ,I=0 ,userscripts.org.nyud.net,I=11842 )
(52,3): (27-03-13 21:03:00 ,I=0 ,(null),I=14511 )
(52,3): (27-03-13 21:03:00 ,I=0 ,bbs.soul-plus.net.nyud.net,I=39895 )
(52,3): (27-03-13 21:03:00 ,I=0 ,www.fevernet.com.nyud.net,I=5067 )
(52,3): (27-03-13 21:03:00 ,I=0 ,www.navixtreme.com.nyud.net,I=11078 )
(52,3): (27-03-13 21:03:00 ,I=0 ,imgs.segundamano.es.nyud.net,I=446 )
(52,3): (27-03-13 21:03:00 ,I=0 ,calu-atrack.appspot.com.nyud.net,I=7663 )
(52,3): (27-03-13 21:03:00 ,I=0 ,beta.ivancover.com.nyud.net,I=227 )
I0327 19:06:40.507823  6188 dataplane_comm.cc:89]  got an end-of-window marker, acking it; ts was 1364425600424 and window size was 1000
I0327 19:06:40.574640  6234 tuple_batch.cc:111] Finished flush in 18446744073709551605 of 1 elements with 1 flushes. Rate = 5.42101e-20 tuples/ms
I0327 19:06:40.605165  6218 tuple_batch.cc:111] Finished flush in 18446744073709551604 of 1 elements with 1 flushes. Rate = 5.42101e-20 tuples/ms
I0327 19:06:41.463791  6246 tuple_batch.cc:111] Finished flush in 18446744073709551605 of 1 elements with 1 flushes. Rate = 5.42101e-20 tuples/ms
I0327 19:06:41.464879  6234 tuple_batch.cc:111] Finished flush in 18446744073709551605 of 1 elements with 1 flushes. Rate = 5.42101e-20 tuples/ms
I0327 19:06:41.629276  6197 dataplane_comm.cc:89]  got an end-of-window marker, acking it; ts was 1364425601481 and window size was 1000
I0327 19:06:41.678014  6248 tuple_batch.cc:111] Finished flush in 18446744073709551604 of 2 elements with 1 flushes. Rate = 1.0842e-19 tuples/ms
I0327 19:06:42.290037  6186 experiment_operators.cc:534] RootReport@ 1364425602 Avg window: 2959.18 - 252030 bytes/sec 2761 tuples/sec
I0327 19:06:42.290063  6186 experiment_operators.cc:536] Statistics: bytes_in=10970705  bytes_out=25764 Lifetime total count=14523054
I0327 19:06:42.290070  6186 experiment_operators.cc:540] Filter-error bound: 0
I0327 19:06:42.435634  6244 tuple_batch.cc:111] Finished flush in 18446744073709551605 of 1 elements with 1 flushes. Rate = 5.42101e-20 tuples/ms
I0327 19:06:42.474833  6232 tuple_batch.cc:111] Finished flush in 18446744073709551604 of 1 elements with 1 flushes. Rate = 5.42101e-20 tuples/ms
I0327 19:06:42.817203  6234 tuple_batch.cc:111] Finished flush in 18446744073709551604 of 1 elements with 1 flushes. Rate = 5.42101e-20 tuples/ms
I0327 19:06:43.477610  6186 dataplane_comm.cc:89]  got an end-of-window marker, acking it; ts was 1364425603398 and window size was 1000
I0327 19:06:43.676561  6238 tuple_batch.cc:111] Finished flush in 18446744073709551604 of 1 elements with 1 flushes. Rate = 5.42101e-20 tuples/ms
I0327 19:06:43.677767  6242 tuple_batch.cc:111] Finished flush in 18446744073709551605 of 3 elements with 1 flushes. Rate = 1.6263e-19 tuples/ms
I0327 19:06:43.774732  6240 tuple_batch.cc:111] Finished flush in 18446744073709551604 of 1 elements with 1 flushes. Rate = 5.42101e-20 tuples/ms
I0327 19:06:43.866125  6222 tuple_batch.cc:111] Finished flush in 18446744073709551605 of 2 elements with 1 flushes. Rate = 1.0842e-19 tuples/ms
I0327 19:06:43.866133  6242 tuple_batch.cc:111] Finished flush in 18446744073709551605 of 1 elements with 1 flushes. Rate = 5.42101e-20 tuples/ms
I0327 19:06:44.290312  6200 experiment_operators.cc:534] RootReport@ 1364425604 Avg window: 2959.18 - 289284 bytes/sec 3176 tuples/sec
I0327 19:06:44.290344  6200 experiment_operators.cc:536] Statistics: bytes_in=11549273  bytes_out=26808 Lifetime total count=15319954
I0327 19:06:44.290352  6200 experiment_operators.cc:540] Filter-error bound: 0
I0327 19:06:44.530899  6195 dataplane_comm.cc:89]  got an end-of-window marker, acking it; ts was 1364425604446 and window size was 1000
I0327 19:06:44.726150  6226 tuple_batch.cc:111] Finished flush in 18446744073709551604 of 2 elements with 1 flushes. Rate = 1.0842e-19 tuples/ms
(52,3): (27-03-13 21:03:00 ,I=0 ,ipv4.tracker.harry.lu.nyud.net,I=1888944 )
(52,3): (27-03-13 21:03:00 ,I=0 ,bbs.soul-plus.net.nyud.net,I=42563 )
(52,3): (27-03-13 21:03:00 ,I=0 ,www.navixtreme.com.nyud.net,I=7750 )
(52,3): (27-03-13 21:03:00 ,I=0 ,userscripts.org.nyud.net,I=10889 )
(52,3): (27-03-13 21:03:00 ,I=0 ,(null),I=13039 )
(52,3): (27-03-13 21:03:00 ,I=0 ,calu-atrack.appspot.com.nyud.net,I=7859 )
(52,3): (27-03-13 21:03:00 ,I=0 ,malawin.ftpaccess.cc.nyud.net,I=11907 )
(52,3): (27-03-13 21:03:00 ,I=0 ,news.google.com.nyud.net:8090,I=18297 )
(52,3): (27-03-13 21:03:00 ,I=0 ,malawis.ftpaccess.cc.nyud.net,I=3936 )
(52,3): (27-03-13 21:03:00 ,I=0 ,94.228.192.98.nyud.net,I=4270 )
I0327 19:06:45.692986  6203 dataplane_comm.cc:89]  got an end-of-window marker, acking it; ts was 1364425605528 and window size was 1000
I0327 19:06:45.704674  6232 tuple_batch.cc:111] Finished flush in 18446744073709551604 of 1 elements with 1 flushes. Rate = 5.42101e-20 tuples/ms
I0327 19:06:45.704684  6242 tuple_batch.cc:111] Finished flush in 18446744073709551604 of 1 elements with 1 flushes. Rate = 5.42101e-20 tuples/ms
I0327 19:06:46.290575  6188 experiment_operators.cc:534] RootReport@ 1364425606 Avg window: 2959.18 - 239174 bytes/sec 2613.5 tuples/sec
I0327 19:06:46.290609  6188 experiment_operators.cc:536] Statistics: bytes_in=12027620  bytes_out=27798 Lifetime total count=15988244
I0327 19:06:46.290614  6188 experiment_operators.cc:540] Filter-error bound: 0
I0327 19:06:47.490821  6200 dataplane_comm.cc:89]  got an end-of-window marker, acking it; ts was 1364425607407 and window size was 1000
I0327 19:06:47.534296  6218 tuple_batch.cc:111] Finished flush in 18446744073709551605 of 1 elements with 1 flushes. Rate = 5.42101e-20 tuples/ms
I0327 19:06:48.290838  6191 experiment_operators.cc:534] RootReport@ 1364425608 Avg window: 3040.82 - 250977 bytes/sec 2759 tuples/sec
I0327 19:06:48.290873  6191 experiment_operators.cc:536] Statistics: bytes_in=12529574  bytes_out=28824 Lifetime total count=16784630
I0327 19:06:48.290877  6191 experiment_operators.cc:540] Filter-error bound: 0
I0327 19:06:48.485488  6246 tuple_batch.cc:111] Finished flush in 18446744073709551604 of 2 elements with 1 flushes. Rate = 1.0842e-19 tuples/ms
I0327 19:06:48.607136  6244 tuple_batch.cc:111] Finished flush in 18446744073709551605 of 1 elements with 1 flushes. Rate = 5.42101e-20 tuples/ms
I0327 19:06:48.633035  6199 dataplane_comm.cc:89]  got an end-of-window marker, acking it; ts was 1364425608492 and window size was 5000
I0327 19:06:49.055331  6222 tuple_batch.cc:111] Finished flush in 18446744073709551604 of 1 elements with 1 flushes. Rate = 5.42101e-20 tuples/ms
I0327 19:06:49.541844  6194 congestion_monitors.cc:53] (logged every 211) Queue for cube global_coral_urls flush: 850 inserts (max is inf); 850 removes. Queue length 0/34000. Space Ratio is 41, downstream is inf and final result is 41
I0327 19:06:49.802768  6190 dataplane_comm.cc:89]  got an end-of-window marker, acking it; ts was 1364425609583 and window size was 1000
I0327 19:06:49.805819  6234 tuple_batch.cc:111] Finished flush in 18446744073709551604 of 1 elements with 1 flushes. Rate = 5.42101e-20 tuples/ms
I0327 19:06:50.291086  6187 experiment_operators.cc:534] RootReport@ 1364425610 Avg window: 3040.82 - 340448 bytes/sec 3726 tuples/sec
I0327 19:06:50.291118  6187 experiment_operators.cc:536] Statistics: bytes_in=13210471  bytes_out=29940 Lifetime total count=17931488
I0327 19:06:50.291126  6187 experiment_operators.cc:540] Filter-error bound: 0
I0327 19:06:50.506974  6220 tuple_batch.cc:111] Finished flush in 18446744073709551604 of 1 elements with 1 flushes. Rate = 5.42101e-20 tuples/ms
(52,3): (27-03-13 21:03:00 ,I=0 ,ipv4.tracker.harry.lu.nyud.net,I=1738317 )
(52,3): (27-03-13 21:03:00 ,I=0 ,bbs.soul-plus.net.nyud.net,I=37911 )
(52,3): (27-03-13 21:03:00 ,I=0 ,www.mega-porno-hd.ru.nyud.net,I=3093 )
(52,3): (27-03-13 21:03:00 ,I=0 ,userscripts.org.nyud.net,I=10375 )
(52,3): (27-03-13 21:03:00 ,I=0 ,(null),I=12046 )
(52,3): (27-03-13 21:03:00 ,I=0 ,www.navixtreme.com.nyud.net,I=4116 )
(52,3): (27-03-13 21:03:00 ,I=0 ,calu-atrack.appspot.com.nyud.net,I=6345 )
(52,3): (27-03-13 21:03:00 ,I=0 ,94.228.192.98.nyud.net,I=4270 )
(52,3): (27-03-13 21:03:00 ,I=0 ,ck3r.org.nyud.net,I=3091 )
(52,3): (27-03-13 21:03:00 ,I=0 ,news.google.com.nyud.net:8090,I=16759 )
I0327 19:06:51.548281  6200 dataplane_comm.cc:89]  got an end-of-window marker, acking it; ts was 1364425611463 and window size was 1000
I0327 19:06:51.774966  6244 tuple_batch.cc:111] Finished flush in 18446744073709551605 of 1 elements with 1 flushes. Rate = 5.42101e-20 tuples/ms
I0327 19:06:52.291317  6194 experiment_operators.cc:534] RootReport@ 1364425612 Avg window: 3040.82 - 275446 bytes/sec 3013 tuples/sec
I0327 19:06:52.291352  6194 experiment_operators.cc:536] Statistics: bytes_in=13761364  bytes_out=30948 Lifetime total count=18960516
I0327 19:06:52.291359  6194 experiment_operators.cc:540] Filter-error bound: 0
I0327 19:06:52.715328  6194 dataplane_comm.cc:89]  got an end-of-window marker, acking it; ts was 1364425612548 and window size was 1000
I0327 19:06:54.291578  6190 experiment_operators.cc:534] RootReport@ 1364425614 Avg window: 3040.82 - 294667 bytes/sec 3229.5 tuples/sec
I0327 19:06:54.291616  6190 experiment_operators.cc:536] Statistics: bytes_in=14350698  bytes_out=31956 Lifetime total count=19972155
I0327 19:06:54.291627  6190 experiment_operators.cc:540] Filter-error bound: 0
I0327 19:06:54.502517  6194 dataplane_comm.cc:89]  got an end-of-window marker, acking it; ts was 0 and window size was 5000
I0327 19:06:54.706444  6232 tuple_batch.cc:111] Finished flush in 18446744073709551604 of 1 elements with 1 flushes. Rate = 5.42101e-20 tuples/ms
