I0328 14:08:41.201282 21754 node.cc:32] creating node
I0328 14:08:41.201381 21754 node.cc:41] possible controller: 128.112.7.136:3456
I0328 14:08:41.202003 21754 node.cc:70] *********** 
					Node ID is 128.112.7.139:46024
 					     *********** 
I0328 14:08:41.202127 21754 node.cc:99] starting thread pool with 20 threads
I0328 14:08:41.203057 21757 node.cc:189] Connected to controller: 128.112.7.136:3456
I0328 14:08:41.203137 21757 liveness_manager.cc:37] Starting notifications; four-tuple is 128.112.7.139:45978-128.112.7.136:3456
I0328 14:08:41.203387 21757 liveness_manager.cc:108] Successfully scheduled message on 128.112.7.139:45978-128.112.7.136:3456
I0328 14:08:41.205119 21754 node_web_interface.cc:32] Web server on port 128.112.7.139:8080 of 
I0328 14:09:21.207038 21758 liveness_manager.cc:108] Successfully scheduled message on 128.112.7.139:45978-128.112.7.136:3456
I0328 14:09:29.351944 21772 node.cc:411] Request to create 1 cubes and 6 operators.
I0328 14:09:29.352105 21772 node.cc:431] configured operator (61,3) of type EchoOperator ok
I0328 14:09:29.352416 21772 node.cc:431] configured operator (61,4) of type LatencyMeasureSubscriber ok
I0328 14:09:29.352445 21772 experiment_operators.cc:208] clear_file is 0
I0328 14:09:29.352524 21772 node.cc:431] configured operator (61,5) of type EchoOperator ok
I0328 14:09:29.352586 21772 node.cc:431] configured operator (61,6) of type AvgCongestLogger ok
I0328 14:09:29.352615 21772 node.cc:431] configured operator (61,257) of type TimestampOperator ok
I0328 14:09:29.352844 21772 base_subscribers.cc:206] configuring a TimeSubscriber simulation
I0328 14:09:29.352870 21772 node.cc:431] configured operator (61,2) of type TimeBasedSubscriber ok
I0328 14:09:29.353293 21772 cube.cc:99] Starting cube with 16 threads 
I0328 14:09:29.354540 21772 cube.cc:19] creating cube test_cube.global_coral_urls and deleting prior contents
I0328 14:09:29.450209 21758 node.cc:268] Incoming dataplane connection from 130.207.98.19:60292
I0328 14:09:29.468688 21758 node.cc:268] Incoming dataplane connection from 130.207.98.23:59981
I0328 14:09:29.473475 21773 node.cc:268] Incoming dataplane connection from 130.207.98.46:50064
I0328 14:09:29.474481 21758 node.cc:268] Incoming dataplane connection from 130.207.98.29:52171
I0328 14:09:29.477675 21758 node.cc:268] Incoming dataplane connection from 130.207.98.71:41766
I0328 14:09:29.482527 21769 node.cc:268] Incoming dataplane connection from 130.207.98.52:40629
I0328 14:09:29.487121 21768 node.cc:268] Incoming dataplane connection from 130.207.98.58:56038
I0328 14:09:29.497936 21771 node.cc:268] Incoming dataplane connection from 130.207.98.41:57254
I0328 14:09:29.505538 21768 node.cc:268] Incoming dataplane connection from 130.207.98.49:54189
I0328 14:09:29.512063 21765 node.cc:268] Incoming dataplane connection from 130.207.98.42:43046
I0328 14:09:29.513411 21771 node.cc:268] Incoming dataplane connection from 130.207.98.39:59932
I0328 14:09:29.520303 21763 node.cc:268] Incoming dataplane connection from 130.207.98.33:34030
I0328 14:09:29.520828 21771 node.cc:268] Incoming dataplane connection from 130.207.98.40:59573
I0328 14:09:29.520964 21765 node.cc:268] Incoming dataplane connection from 130.207.98.64:35690
I0328 14:09:29.522050 21756 node.cc:268] Incoming dataplane connection from 130.207.98.27:52571
I0328 14:09:29.522230 21762 node.cc:268] Incoming dataplane connection from 130.207.98.31:44536
I0328 14:09:29.523380 21765 node.cc:268] Incoming dataplane connection from 130.207.98.55:44374
I0328 14:09:29.525181 21761 node.cc:268] Incoming dataplane connection from 130.207.98.47:39663
I0328 14:09:29.535086 21757 node.cc:268] Incoming dataplane connection from 130.207.98.61:45327
I0328 14:09:29.540696 21759 node.cc:268] Incoming dataplane connection from 130.207.98.60:37669
I0328 14:09:29.542866 21759 node.cc:268] Incoming dataplane connection from 141.39.220.57:42653
I0328 14:09:29.544435 21759 node.cc:268] Incoming dataplane connection from 130.207.98.26:44076
I0328 14:09:29.544556 21759 node.cc:268] Incoming dataplane connection from 130.207.98.50:32789
I0328 14:09:29.558960 21772 node.cc:463] Created cube global_coral_urls
I0328 14:09:29.559095 21772 node.cc:537] Edge from (61,4) to (61,5)
I0328 14:09:29.559115 21772 node.cc:523] edge from (61,257) to global_coral_urls
I0328 14:09:29.559190 21772 cube.cc:254] Adding subscriber (61,4) to global_coral_urls
I0328 14:09:29.559207 21772 node.cc:537] Edge from (61,2) to (61,3)
I0328 14:09:29.559231 21772 cube.cc:254] Adding subscriber (61,2) to global_coral_urls
I0328 14:09:29.559241 21772 node.cc:537] Edge from (61,6) to (61,257)
I0328 14:09:29.559345 21772 node.cc:391] added default congestion policy for (61,3). Monitor is defined
I0328 14:09:29.559383 21772 node.cc:391] added default congestion policy for (61,4). Monitor is defined
I0328 14:09:29.559394 21772 node.cc:391] added default congestion policy for (61,5). Monitor is defined
I0328 14:09:29.559406 21772 node.cc:391] added default congestion policy for (61,6). Monitor is defined
I0328 14:09:29.559414 21772 node.cc:391] added default congestion policy for (61,257). Monitor is defined
I0328 14:09:29.559428 21772 node.cc:391] added default congestion policy for (61,2). Monitor is defined
I0328 14:09:29.559926 21823 base_subscribers.cc:306] (61,2) is attached to global_coral_urls
I0328 14:09:29.559965 21774 node.cc:316] Chain-connect request for (61,6) from 130.207.98.19:60292
I0328 14:09:29.560613 21761 node.cc:316] Chain-connect request for (61,6) from 130.207.98.33:34030
I0328 14:09:29.560485 21767 node.cc:316] Chain-connect request for (61,6) from 130.207.98.58:56038
I0328 14:09:29.560037 21775 node.cc:316] Chain-connect request for (61,6) from 130.207.98.23:59981
I0328 14:09:29.560088 21769 node.cc:316] Chain-connect request for (61,6) from 130.207.98.52:40629
I0328 14:09:29.561030 21766 node.cc:316] Chain-connect request for (61,6) from 130.207.98.41:57254
I0328 14:09:29.560734 21765 node.cc:316] Chain-connect request for (61,6) from 130.207.98.31:44536
I0328 14:09:29.560855 21772 node.cc:268] Incoming dataplane connection from 130.207.98.73:55798
I0328 14:09:29.561300 21764 node.cc:316] Chain-connect request for (61,6) from 130.207.98.49:54189
I0328 14:09:29.561424 21768 node.cc:316] Chain-connect request for (61,6) from 130.207.98.39:59932
I0328 14:09:29.561489 21771 node.cc:316] Chain-connect request for (61,6) from 130.207.98.40:59573
I0328 14:09:29.561553 21763 node.cc:316] Chain-connect request for (61,6) from 130.207.98.64:35690
I0328 14:09:29.561594 21772 node.cc:316] Chain-connect request for (61,6) from 130.207.98.26:44076
I0328 14:09:29.561636 21762 node.cc:316] Chain-connect request for (61,6) from 130.207.98.55:44374
I0328 14:09:29.561673 21773 node.cc:316] Chain-connect request for (61,6) from 130.207.98.29:52171
I0328 14:09:29.561732 21756 node.cc:316] Chain-connect request for (61,6) from 130.207.98.27:52571
I0328 14:09:29.560408 21758 node.cc:316] Chain-connect request for (61,6) from 130.207.98.46:50064
I0328 14:09:29.561843 21757 node.cc:316] Chain-connect request for (61,6) from 130.207.98.61:45327
I0328 14:09:29.561914 21759 node.cc:316] Chain-connect request for (61,6) from 141.39.220.57:42653
I0328 14:09:29.561902 21760 node.cc:316] Chain-connect request for (61,6) from 130.207.98.47:39663
I0328 14:09:29.561955 21770 node.cc:316] Chain-connect request for (61,6) from 130.207.98.42:43046
I0328 14:09:29.562057 21774 dataplane_comm.cc:206] Created dataplane connection into (61,6)
I0328 14:09:29.562059 21760 dataplane_comm.cc:206] Created dataplane connection into (61,6)
I0328 14:09:29.562091 21767 dataplane_comm.cc:206] Created dataplane connection into (61,6)
I0328 14:09:29.562149 21760 node.cc:316] Chain-connect request for (61,6) from 130.207.98.50:32789
I0328 14:09:29.562183 21775 dataplane_comm.cc:206] Created dataplane connection into (61,6)
I0328 14:09:29.562186 21774 node.cc:268] Incoming dataplane connection from 130.207.98.25:40876
I0328 14:09:29.562206 21760 dataplane_comm.cc:206] Created dataplane connection into (61,6)
I0328 14:09:29.562266 21769 dataplane_comm.cc:206] Created dataplane connection into (61,6)
I0328 14:09:29.562263 21760 node.cc:316] Chain-connect request for (61,6) from 130.207.98.73:55798
I0328 14:09:29.562324 21760 dataplane_comm.cc:206] Created dataplane connection into (61,6)
I0328 14:09:29.562353 21769 node.cc:268] Incoming dataplane connection from 130.207.98.56:42632
I0328 14:09:29.562367 21766 dataplane_comm.cc:206] Created dataplane connection into (61,6)
I0328 14:09:29.562391 21764 dataplane_comm.cc:206] Created dataplane connection into (61,6)
I0328 14:09:29.562378 21767 node.cc:316] Chain-connect request for (61,6) from 130.207.98.25:40876
I0328 14:09:29.562460 21767 dataplane_comm.cc:206] Created dataplane connection into (61,6)
I0328 14:09:29.562486 21760 node.cc:316] Chain-connect request for (61,6) from 130.207.98.56:42632
I0328 14:09:29.562556 21771 dataplane_comm.cc:206] Created dataplane connection into (61,6)
I0328 14:09:29.562500 21768 dataplane_comm.cc:206] Created dataplane connection into (61,6)
I0328 14:09:29.562613 21763 dataplane_comm.cc:206] Created dataplane connection into (61,6)
I0328 14:09:29.562654 21772 dataplane_comm.cc:206] Created dataplane connection into (61,6)
I0328 14:09:29.562778 21762 dataplane_comm.cc:206] Created dataplane connection into (61,6)
I0328 14:09:29.562851 21773 dataplane_comm.cc:206] Created dataplane connection into (61,6)
I0328 14:09:29.562937 21756 dataplane_comm.cc:206] Created dataplane connection into (61,6)
I0328 14:09:29.563019 21758 dataplane_comm.cc:206] Created dataplane connection into (61,6)
I0328 14:09:29.563053 21757 dataplane_comm.cc:206] Created dataplane connection into (61,6)
I0328 14:09:29.563067 21759 dataplane_comm.cc:206] Created dataplane connection into (61,6)
I0328 14:09:29.563133 21761 dataplane_comm.cc:206] Created dataplane connection into (61,6)
I0328 14:09:29.563166 21770 dataplane_comm.cc:206] Created dataplane connection into (61,6)
I0328 14:09:29.563205 21765 dataplane_comm.cc:206] Created dataplane connection into (61,6)
I0328 14:09:29.563218 21760 dataplane_comm.cc:206] Created dataplane connection into (61,6)
I0328 14:09:29.563601 21769 node.cc:268] Incoming dataplane connection from 141.39.220.48:39384
I0328 14:09:29.564664 21760 node.cc:316] Chain-connect request for (61,6) from 141.39.220.48:39384
I0328 14:09:29.564754 21760 dataplane_comm.cc:206] Created dataplane connection into (61,6)
I0328 14:09:29.564762 21769 node.cc:268] Incoming dataplane connection from 141.39.220.24:46184
I0328 14:09:29.568251 21774 node.cc:268] Incoming dataplane connection from 141.39.220.20:60242
I0328 14:09:29.571782 21775 node.cc:316] Chain-connect request for (61,6) from 130.207.98.71:41766
I0328 14:09:29.571851 21775 dataplane_comm.cc:206] Created dataplane connection into (61,6)
I0328 14:09:29.573683 21774 node.cc:268] Incoming dataplane connection from 141.39.220.12:54428
I0328 14:09:29.573765 21775 node.cc:316] Chain-connect request for (61,6) from 141.39.220.20:60242
I0328 14:09:29.573833 21775 dataplane_comm.cc:206] Created dataplane connection into (61,6)
I0328 14:09:29.575949 21768 node.cc:316] Chain-connect request for (61,6) from 141.39.220.12:54428
I0328 14:09:29.576027 21768 dataplane_comm.cc:206] Created dataplane connection into (61,6)
I0328 14:09:29.584138 21774 node.cc:268] Incoming dataplane connection from 141.39.220.29:56363
I0328 14:09:29.584302 21775 node.cc:268] Incoming dataplane connection from 141.39.220.54:39028
I0328 14:09:29.586218 21769 node.cc:316] Chain-connect request for (61,6) from 141.39.220.54:39028
I0328 14:09:29.586308 21769 dataplane_comm.cc:206] Created dataplane connection into (61,6)
I0328 14:09:29.586827 21774 node.cc:316] Chain-connect request for (61,6) from 141.39.220.29:56363
I0328 14:09:29.586900 21774 dataplane_comm.cc:206] Created dataplane connection into (61,6)
I0328 14:09:29.606264 21769 node.cc:268] Incoming dataplane connection from 141.39.220.17:37185
I0328 14:09:29.606719 21768 node.cc:316] Chain-connect request for (61,6) from 141.39.220.17:37185
I0328 14:09:29.606808 21768 dataplane_comm.cc:206] Created dataplane connection into (61,6)
I0328 14:09:29.607264 21770 node.cc:316] Chain-connect request for (61,6) from 130.207.98.60:37669
I0328 14:09:29.607347 21770 dataplane_comm.cc:206] Created dataplane connection into (61,6)
I0328 14:09:29.610641 21771 node.cc:268] Incoming dataplane connection from 141.39.220.11:53463
I0328 14:09:29.612906 21762 node.cc:316] Chain-connect request for (61,6) from 141.39.220.24:46184
I0328 14:09:29.612998 21768 node.cc:316] Chain-connect request for (61,6) from 141.39.220.11:53463
I0328 14:09:29.613010 21762 dataplane_comm.cc:206] Created dataplane connection into (61,6)
I0328 14:09:29.613070 21768 dataplane_comm.cc:206] Created dataplane connection into (61,6)
I0328 14:09:29.616881 21768 node.cc:268] Incoming dataplane connection from 141.39.220.36:33215
I0328 14:09:29.617058 21771 node.cc:268] Incoming dataplane connection from 141.39.220.32:39218
I0328 14:09:29.617903 21760 node.cc:268] Incoming dataplane connection from 141.39.220.43:57689
I0328 14:09:29.618903 21760 node.cc:316] Chain-connect request for (61,6) from 141.39.220.43:57689
I0328 14:09:29.618988 21760 dataplane_comm.cc:206] Created dataplane connection into (61,6)
I0328 14:09:29.619148 21768 node.cc:268] Incoming dataplane connection from 141.39.220.19:36982
I0328 14:09:29.619235 21762 node.cc:316] Chain-connect request for (61,6) from 141.39.220.36:33215
I0328 14:09:29.619297 21762 dataplane_comm.cc:206] Created dataplane connection into (61,6)
I0328 14:09:29.620398 21768 node.cc:316] Chain-connect request for (61,6) from 141.39.220.32:39218
I0328 14:09:29.620501 21768 dataplane_comm.cc:206] Created dataplane connection into (61,6)
I0328 14:09:29.621258 21769 node.cc:268] Incoming dataplane connection from 141.39.220.41:37899
I0328 14:09:29.621876 21771 node.cc:316] Chain-connect request for (61,6) from 141.39.220.41:37899
I0328 14:09:29.621950 21771 dataplane_comm.cc:206] Created dataplane connection into (61,6)
I0328 14:09:29.622283 21760 node.cc:316] Chain-connect request for (61,6) from 141.39.220.19:36982
I0328 14:09:29.622356 21760 dataplane_comm.cc:206] Created dataplane connection into (61,6)
I0328 14:09:29.627794 21770 node.cc:268] Incoming dataplane connection from 141.39.220.25:54379
I0328 14:09:29.628665 21768 node.cc:316] Chain-connect request for (61,6) from 141.39.220.25:54379
I0328 14:09:29.628741 21768 dataplane_comm.cc:206] Created dataplane connection into (61,6)
I0328 14:09:29.631075 21769 node.cc:268] Incoming dataplane connection from 141.39.220.49:42329
I0328 14:09:29.633752 21774 node.cc:316] Chain-connect request for (61,6) from 141.39.220.49:42329
I0328 14:09:29.633841 21774 dataplane_comm.cc:206] Created dataplane connection into (61,6)
I0328 14:09:29.633903 21760 node.cc:268] Incoming dataplane connection from 141.39.220.38:36012
I0328 14:09:29.634091 21762 node.cc:316] Chain-connect request for (61,6) from 141.39.220.38:36012
I0328 14:09:29.634160 21762 dataplane_comm.cc:206] Created dataplane connection into (61,6)
I0328 14:09:29.636553 21770 node.cc:268] Incoming dataplane connection from 141.39.220.46:36614
I0328 14:09:29.638332 21769 node.cc:268] Incoming dataplane connection from 141.39.220.31:57595
I0328 14:09:29.639278 21762 node.cc:316] Chain-connect request for (61,6) from 141.39.220.46:36614
I0328 14:09:29.639365 21762 dataplane_comm.cc:206] Created dataplane connection into (61,6)
I0328 14:09:29.639550 21770 node.cc:316] Chain-connect request for (61,6) from 141.39.220.31:57595
I0328 14:09:29.639622 21770 dataplane_comm.cc:206] Created dataplane connection into (61,6)
I0328 14:09:29.644928 21769 node.cc:268] Incoming dataplane connection from 141.39.220.30:56690
I0328 14:09:29.647686 21768 node.cc:316] Chain-connect request for (61,6) from 141.39.220.30:56690
I0328 14:09:29.647763 21768 dataplane_comm.cc:206] Created dataplane connection into (61,6)
I0328 14:09:29.648166 21771 node.cc:268] Incoming dataplane connection from 141.39.220.34:43178
I0328 14:09:29.648291 21774 node.cc:316] Chain-connect request for (61,6) from 141.39.220.34:43178
I0328 14:09:29.648352 21774 dataplane_comm.cc:206] Created dataplane connection into (61,6)
I0328 14:09:29.651617 21771 node.cc:268] Incoming dataplane connection from 141.39.220.15:35407
I0328 14:09:29.652283 21774 node.cc:316] Chain-connect request for (61,6) from 141.39.220.15:35407
I0328 14:09:29.652367 21774 dataplane_comm.cc:206] Created dataplane connection into (61,6)
I0328 14:09:29.654162 21775 node.cc:268] Incoming dataplane connection from 141.39.220.27:58452
I0328 14:09:29.654346 21769 node.cc:316] Chain-connect request for (61,6) from 141.39.220.27:58452
I0328 14:09:29.654435 21769 dataplane_comm.cc:206] Created dataplane connection into (61,6)
I0328 14:09:29.662250 21769 dataplane_comm.cc:89]  got an end-of-window marker, acking it; ts was 0 and window size was 1000
I0328 14:09:29.666674 21762 node.cc:268] Incoming dataplane connection from 141.39.220.21:54318
I0328 14:09:29.668539 21769 node.cc:316] Chain-connect request for (61,6) from 141.39.220.21:54318
I0328 14:09:29.668617 21769 dataplane_comm.cc:206] Created dataplane connection into (61,6)
I0328 14:09:29.673339 21762 node.cc:268] Incoming dataplane connection from 141.39.220.22:59044
I0328 14:09:29.675895 21769 node.cc:316] Chain-connect request for (61,6) from 141.39.220.22:59044
I0328 14:09:29.675986 21769 dataplane_comm.cc:206] Created dataplane connection into (61,6)
I0328 14:09:29.882854 21774 dataplane_comm.cc:89]  got an end-of-window marker, acking it; ts was 0 and window size was 1000
I0328 14:09:30.697968 21765 dataplane_comm.cc:89]  got an end-of-window marker, acking it; ts was 0 and window size was 1000
I0328 14:09:31.559839 21756 experiment_operators.cc:534] RootReport@ 1364494171 Avg window: 1000 - 2163 bytes/sec 0 tuples/sec
I0328 14:09:31.559871 21756 experiment_operators.cc:536] Statistics: bytes_in=4326  bytes_out=2100 Lifetime total count=0 avg sample freq 1
I0328 14:09:31.559883 21756 experiment_operators.cc:540] Filter-error bound: 0
I0328 14:09:31.618505 21773 cube.cc:121] Using thread in process thread_id is: 7fcd37ff7700
I0328 14:09:31.619680 21769 cube.cc:121] Using thread in process thread_id is: 7fcd39ffb700
I0328 14:09:31.619803 21771 cube.cc:121] Using thread in process thread_id is: 7fcd38ff9700
I0328 14:09:31.619976 21756 cube.cc:121] Using thread in process thread_id is: 7fcd44a89700
I0328 14:09:31.619977 21761 cube.cc:121] Using thread in process thread_id is: 7fcd42284700
I0328 14:09:31.619982 21759 cube.cc:121] Using thread in process thread_id is: 7fcd43286700
I0328 14:09:31.629972 21760 cube.cc:121] Using thread in process thread_id is: 7fcd42a85700
I0328 14:09:31.674542 21770 cube.cc:121] Using thread in process thread_id is: 7fcd397fa700
I0328 14:09:31.678647 21774 cube.cc:121] Using thread in process thread_id is: 7fcd377f6700
I0328 14:09:31.705123 21774 dataplane_comm.cc:89]  got an end-of-window marker, acking it; ts was 1364494171535 and window size was 1000
I0328 14:09:31.718214 21767 cube.cc:121] Using thread in process thread_id is: 7fcd3affd700
I0328 14:09:31.723724 21771 congestion_monitors.cc:53] (logged every 211) Queue for cube global_coral_urls flush: 21 inserts (max is inf); 21 removes. Queue length 0/34000. Space Ratio is 1620.05, downstream is inf and final result is 1620.05
I0328 14:09:31.768985 21766 cube.cc:121] Using thread in process thread_id is: 7fcd3b7fe700
I0328 14:09:32.619895 21812 tuple_batch.cc:111] Finished flush in 18446744073709551604 of 1 elements with 1 flushes. Rate = 5.42101e-20 tuples/ms
I0328 14:09:32.620728 21792 tuple_batch.cc:111] Finished flush in 18446744073709551605 of 3 elements with 1 flushes. Rate = 1.6263e-19 tuples/ms
I0328 14:09:32.622390 21768 cube.cc:121] Using thread in process thread_id is: 7fcd3a7fc700
I0328 14:09:32.625088 21772 cube.cc:121] Using thread in process thread_id is: 7fcd387f8700
I0328 14:09:32.628263 21762 cube.cc:121] Using thread in process thread_id is: 7fcd41a83700
I0328 14:09:32.628602 21775 cube.cc:121] Using thread in process thread_id is: 7fcd36ff5700
I0328 14:09:32.628613 21758 cube.cc:121] Using thread in process thread_id is: 7fcd43a87700
I0328 14:09:32.631136 21763 cube.cc:121] Using thread in process thread_id is: 7fcd41282700
I0328 14:09:32.632201 21764 cube.cc:121] Using thread in process thread_id is: 7fcd40a81700
I0328 14:09:32.635238 21765 cube.cc:121] Using thread in process thread_id is: 7fcd3bfff700
I0328 14:09:32.636948 21757 cube.cc:121] Using thread in process thread_id is: 7fcd44288700
I0328 14:09:32.678308 21763 dataplane_comm.cc:89]  got an end-of-window marker, acking it; ts was 1364494172564 and window size was 1000
I0328 14:09:32.753931 21810 tuple_batch.cc:111] Finished flush in 18446744073709551600 of 1 elements with 1 flushes. Rate = 5.42101e-20 tuples/ms
I0328 14:09:32.760891 21816 tuple_batch.cc:111] Finished flush in 18446744073709551605 of 2 elements with 1 flushes. Rate = 1.0842e-19 tuples/ms
I0328 14:09:32.854589 21820 tuple_batch.cc:111] Finished flush in 18446744073709551600 of 4 elements with 1 flushes. Rate = 2.1684e-19 tuples/ms
I0328 14:09:33.560108 21760 experiment_operators.cc:534] RootReport@ 1364494173 Avg window: 1000 - 187149 bytes/sec 2068 tuples/sec
I0328 14:09:33.560139 21760 experiment_operators.cc:536] Statistics: bytes_in=378624  bytes_out=3900 Lifetime total count=395481 avg sample freq 1
I0328 14:09:33.560148 21760 experiment_operators.cc:540] Filter-error bound: 0
I0328 14:09:33.644865 21806 tuple_batch.cc:111] Finished flush in 18446744073709551605 of 12 elements with 1 flushes. Rate = 6.50521e-19 tuples/ms
I0328 14:09:33.676141 21773 dataplane_comm.cc:89]  got an end-of-window marker, acking it; ts was 1364494173548 and window size was 1000
I0328 14:09:33.732429 21808 tuple_batch.cc:111] Finished flush in 18446744073709551602 of 1 elements with 1 flushes. Rate = 5.42101e-20 tuples/ms
I0328 14:09:33.732530 21804 tuple_batch.cc:111] Finished flush in 18446744073709551602 of 1 elements with 1 flushes. Rate = 5.42101e-20 tuples/ms
I0328 14:09:33.913977 21764 dataplane_comm.cc:89]  got an end-of-window marker, acking it; ts was 1364494173672 and window size was 1000
I0328 14:09:34.672930 21814 tuple_batch.cc:111] Finished flush in 18446744073709551603 of 1 elements with 1 flushes. Rate = 5.42101e-20 tuples/ms
I0328 14:09:34.732336 21820 tuple_batch.cc:111] Finished flush in 18446744073709551605 of 3 elements with 1 flushes. Rate = 1.6263e-19 tuples/ms
I0328 14:09:34.733026 21816 tuple_batch.cc:111] Finished flush in 18446744073709551605 of 3 elements with 1 flushes. Rate = 1.6263e-19 tuples/ms
I0328 14:09:34.740914 21794 tuple_batch.cc:111] Finished flush in 18446744073709551602 of 1 elements with 1 flushes. Rate = 5.42101e-20 tuples/ms
I0328 14:09:34.765177 21792 tuple_batch.cc:111] Finished flush in 18446744073709551600 of 1 elements with 1 flushes. Rate = 5.42101e-20 tuples/ms
I0328 14:09:34.825510 21820 tuple_batch.cc:111] Finished flush in 18446744073709551600 of 2 elements with 1 flushes. Rate = 1.0842e-19 tuples/ms
I0328 14:09:34.897769 21760 dataplane_comm.cc:89]  got an end-of-window marker, acking it; ts was 1364494174661 and window size was 1000
I0328 14:09:34.934015 21804 tuple_batch.cc:111] Finished flush in 18446744073709551600 of 1 elements with 1 flushes. Rate = 5.42101e-20 tuples/ms
I0328 14:09:35.560338 21762 experiment_operators.cc:534] RootReport@ 1364494175 Avg window: 1000 - 295674 bytes/sec 3274.5 tuples/sec
I0328 14:09:35.560367 21762 experiment_operators.cc:536] Statistics: bytes_in=969971  bytes_out=5394 Lifetime total count=997275 avg sample freq 1
I0328 14:09:35.560379 21762 experiment_operators.cc:540] Filter-error bound: 0
I0328 14:09:35.713064 21806 tuple_batch.cc:111] Finished flush in 18446744073709551603 of 1 elements with 1 flushes. Rate = 5.42101e-20 tuples/ms
I0328 14:09:36.680347 21771 dataplane_comm.cc:89]  got an end-of-window marker, acking it; ts was 1364494176553 and window size was 1000
I0328 14:09:36.713376 21820 tuple_batch.cc:111] Finished flush in 18446744073709551602 of 1 elements with 1 flushes. Rate = 5.42101e-20 tuples/ms
I0328 14:09:36.713484 21798 tuple_batch.cc:111] Finished flush in 18446744073709551602 of 1 elements with 1 flushes. Rate = 5.42101e-20 tuples/ms
I0328 14:09:36.784553 21806 tuple_batch.cc:111] Finished flush in 18446744073709551600 of 1 elements with 1 flushes. Rate = 5.42101e-20 tuples/ms
I0328 14:09:36.882679 21806 tuple_batch.cc:111] Finished flush in 18446744073709551604 of 1 elements with 1 flushes. Rate = 5.42101e-20 tuples/ms
I0328 14:09:37.560611 21769 experiment_operators.cc:534] RootReport@ 1364494177 Avg window: 1000 - 234464 bytes/sec 2590 tuples/sec
I0328 14:09:37.560638 21769 experiment_operators.cc:536] Statistics: bytes_in=1438899  bytes_out=6690 Lifetime total count=1470403 avg sample freq 1
I0328 14:09:37.560647 21769 experiment_operators.cc:540] Filter-error bound: 0
I0328 14:09:37.685046 21769 dataplane_comm.cc:89]  got an end-of-window marker, acking it; ts was 1364494177558 and window size was 1000
I0328 14:09:37.685602 21800 tuple_batch.cc:111] Finished flush in 18446744073709551600 of 1 elements with 1 flushes. Rate = 5.42101e-20 tuples/ms
I0328 14:09:38.653621 21790 tuple_batch.cc:111] Finished flush in 18446744073709551603 of 8 elements with 1 flushes. Rate = 4.33681e-19 tuples/ms
I0328 14:09:38.698194 21760 dataplane_comm.cc:89]  got an end-of-window marker, acking it; ts was 1364494178541 and window size was 1000
I0328 14:09:39.560850 21764 experiment_operators.cc:534] RootReport@ 1364494179 Avg window: 1880 - 223224 bytes/sec 2457.5 tuples/sec
I0328 14:09:39.560886 21764 experiment_operators.cc:536] Statistics: bytes_in=1885348  bytes_out=8076 Lifetime total count=1915810 avg sample freq 1
I0328 14:09:39.560894 21764 experiment_operators.cc:540] Filter-error bound: 0
I0328 14:09:39.696812 21808 tuple_batch.cc:111] Finished flush in 18446744073709551599 of 1 elements with 1 flushes. Rate = 5.42101e-20 tuples/ms
I0328 14:09:39.699309 21769 dataplane_comm.cc:89]  got an end-of-window marker, acking it; ts was 1364494179551 and window size was 1000
I0328 14:09:39.814452 21798 tuple_batch.cc:111] Finished flush in 18446744073709551600 of 1 elements with 1 flushes. Rate = 5.42101e-20 tuples/ms
I0328 14:09:40.705536 21757 dataplane_comm.cc:89]  got an end-of-window marker, acking it; ts was 1364494180566 and window size was 1000
I0328 14:09:41.561161 21764 experiment_operators.cc:534] RootReport@ 1364494181 Avg window: 2200 - 204919 bytes/sec 2256 tuples/sec
I0328 14:09:41.561188 21764 experiment_operators.cc:536] Statistics: bytes_in=2295186  bytes_out=9300 Lifetime total count=2335868 avg sample freq 1
I0328 14:09:41.561195 21764 experiment_operators.cc:540] Filter-error bound: 0
I0328 14:09:41.752871 21792 tuple_batch.cc:111] Finished flush in 18446744073709551601 of 1 elements with 1 flushes. Rate = 5.42101e-20 tuples/ms
I0328 14:09:41.835129 21756 dataplane_comm.cc:89]  got an end-of-window marker, acking it; ts was 1364494181613 and window size was 1000
I0328 14:09:41.871351 21814 tuple_batch.cc:111] Finished flush in 18446744073709551603 of 1 elements with 1 flushes. Rate = 5.42101e-20 tuples/ms
I0328 14:09:42.795444 21814 tuple_batch.cc:111] Finished flush in 18446744073709551600 of 2 elements with 1 flushes. Rate = 1.0842e-19 tuples/ms
I0328 14:09:42.844024 21808 tuple_batch.cc:111] Finished flush in 18446744073709551601 of 1 elements with 1 flushes. Rate = 5.42101e-20 tuples/ms
I0328 14:09:42.857318 21761 dataplane_comm.cc:89]  got an end-of-window marker, acking it; ts was 1364494182665 and window size was 1000
I0328 14:09:42.869014 21798 tuple_batch.cc:111] Finished flush in 18446744073709551605 of 2 elements with 1 flushes. Rate = 1.0842e-19 tuples/ms
I0328 14:09:42.871531 21808 tuple_batch.cc:111] Finished flush in 18446744073709551604 of 1 elements with 1 flushes. Rate = 5.42101e-20 tuples/ms
I0328 14:09:42.871657 21814 tuple_batch.cc:111] Finished flush in 18446744073709551604 of 1 elements with 1 flushes. Rate = 5.42101e-20 tuples/ms
I0328 14:09:42.940085 21808 tuple_batch.cc:111] Finished flush in 18446744073709551604 of 1 elements with 1 flushes. Rate = 5.42101e-20 tuples/ms
I0328 14:09:43.034276 21792 tuple_batch.cc:111] Finished flush in 18446744073709551601 of 1 elements with 1 flushes. Rate = 5.42101e-20 tuples/ms
I0328 14:09:43.034559 21804 tuple_batch.cc:111] Finished flush in 18446744073709551601 of 1 elements with 1 flushes. Rate = 5.42101e-20 tuples/ms
I0328 14:09:43.561388 21774 experiment_operators.cc:534] RootReport@ 1364494183 Avg window: 2440 - 299084 bytes/sec 3290 tuples/sec
I0328 14:09:43.561418 21774 experiment_operators.cc:536] Statistics: bytes_in=2893353  bytes_out=10542 Lifetime total count=3035783 avg sample freq 1
I0328 14:09:43.561429 21774 experiment_operators.cc:540] Filter-error bound: 0
I0328 14:09:43.663990 21792 tuple_batch.cc:111] Finished flush in 18446744073709551605 of 4 elements with 1 flushes. Rate = 2.1684e-19 tuples/ms
I0328 14:09:43.763761 21812 tuple_batch.cc:111] Finished flush in 18446744073709551600 of 1 elements with 1 flushes. Rate = 5.42101e-20 tuples/ms
I0328 14:09:44.026918 21774 dataplane_comm.cc:89]  got an end-of-window marker, acking it; ts was 1364494183646 and window size was 5000
I0328 14:09:44.701634 21792 tuple_batch.cc:111] Finished flush in 18446744073709551604 of 1 elements with 1 flushes. Rate = 5.42101e-20 tuples/ms
I0328 14:09:44.702294 21804 tuple_batch.cc:111] Finished flush in 18446744073709551604 of 4 elements with 1 flushes. Rate = 2.1684e-19 tuples/ms
I0328 14:09:44.714175 21816 tuple_batch.cc:111] Finished flush in 18446744073709551603 of 1 elements with 1 flushes. Rate = 5.42101e-20 tuples/ms
I0328 14:09:44.880992 21794 tuple_batch.cc:111] Finished flush in 18446744073709551605 of 2 elements with 1 flushes. Rate = 1.0842e-19 tuples/ms
I0328 14:09:45.561673 21774 experiment_operators.cc:534] RootReport@ 1364494185 Avg window: 2440 - 309410 bytes/sec 3377 tuples/sec
I0328 14:09:45.561700 21774 experiment_operators.cc:536] Statistics: bytes_in=3512173  bytes_out=11730 Lifetime total count=3901609 avg sample freq 1
I0328 14:09:45.561709 21774 experiment_operators.cc:540] Filter-error bound: 0
I0328 14:09:45.712102 21775 dataplane_comm.cc:89]  got an end-of-window marker, acking it; ts was 1364494185578 and window size was 1000
I0328 14:09:45.712561 21796 tuple_batch.cc:111] Finished flush in 18446744073709551604 of 1 elements with 1 flushes. Rate = 5.42101e-20 tuples/ms
I0328 14:09:45.741422 21804 tuple_batch.cc:111] Finished flush in 18446744073709551603 of 1 elements with 1 flushes. Rate = 5.42101e-20 tuples/ms
I0328 14:09:45.741487 21790 tuple_batch.cc:111] Finished flush in 18446744073709551603 of 1 elements with 1 flushes. Rate = 5.42101e-20 tuples/ms
I0328 14:09:45.742069 21792 tuple_batch.cc:111] Finished flush in 18446744073709551602 of 1 elements with 1 flushes. Rate = 5.42101e-20 tuples/ms
I0328 14:09:45.859946 21810 tuple_batch.cc:111] Finished flush in 18446744073709551604 of 2 elements with 1 flushes. Rate = 1.0842e-19 tuples/ms
I0328 14:09:45.931148 21804 tuple_batch.cc:111] Finished flush in 18446744073709551603 of 1 elements with 1 flushes. Rate = 5.42101e-20 tuples/ms
I0328 14:09:46.744053 21760 dataplane_comm.cc:89]  got an end-of-window marker, acking it; ts was 1364494186593 and window size was 1000
I0328 14:09:46.745584 21794 tuple_batch.cc:111] Finished flush in 18446744073709551600 of 1 elements with 1 flushes. Rate = 5.42101e-20 tuples/ms
I0328 14:09:47.561902 21769 experiment_operators.cc:534] RootReport@ 1364494187 Avg window: 2600 - 229820 bytes/sec 2511.5 tuples/sec
I0328 14:09:47.561939 21769 experiment_operators.cc:536] Statistics: bytes_in=3971812  bytes_out=12864 Lifetime total count=4464321 avg sample freq 1
I0328 14:09:47.561950 21769 experiment_operators.cc:540] Filter-error bound: 0
I0328 14:09:47.752965 21802 tuple_batch.cc:111] Finished flush in 18446744073709551605 of 1 elements with 1 flushes. Rate = 5.42101e-20 tuples/ms
I0328 14:09:47.834820 21796 tuple_batch.cc:111] Finished flush in 18446744073709551600 of 1 elements with 1 flushes. Rate = 5.42101e-20 tuples/ms
I0328 14:09:47.841619 21814 tuple_batch.cc:111] Finished flush in 18446744073709551603 of 2 elements with 1 flushes. Rate = 1.0842e-19 tuples/ms
I0328 14:09:47.844666 21765 dataplane_comm.cc:89]  got an end-of-window marker, acking it; ts was 1364494187628 and window size was 1000
I0328 14:09:47.865805 21802 tuple_batch.cc:111] Finished flush in 18446744073709551600 of 4 elements with 1 flushes. Rate = 2.1684e-19 tuples/ms
I0328 14:09:47.890256 21796 tuple_batch.cc:111] Finished flush in 18446744073709551604 of 1 elements with 1 flushes. Rate = 5.42101e-20 tuples/ms
I0328 14:09:47.936612 21810 tuple_batch.cc:111] Finished flush in 18446744073709551598 of 2 elements with 1 flushes. Rate = 1.0842e-19 tuples/ms
I0328 14:09:47.939502 21818 tuple_batch.cc:111] Finished flush in 18446744073709551605 of 1 elements with 1 flushes. Rate = 5.42101e-20 tuples/ms
I0328 14:09:47.939764 21796 tuple_batch.cc:111] Finished flush in 18446744073709551605 of 1 elements with 1 flushes. Rate = 5.42101e-20 tuples/ms
I0328 14:09:48.764905 21814 tuple_batch.cc:111] Finished flush in 18446744073709551600 of 1 elements with 1 flushes. Rate = 5.42101e-20 tuples/ms
I0328 14:09:48.834753 21796 tuple_batch.cc:111] Finished flush in 18446744073709551601 of 1 elements with 1 flushes. Rate = 5.42101e-20 tuples/ms
I0328 14:09:48.836556 21810 tuple_batch.cc:111] Finished flush in 18446744073709551603 of 5 elements with 1 flushes. Rate = 2.71051e-19 tuples/ms
I0328 14:09:48.896188 21812 tuple_batch.cc:111] Finished flush in 18446744073709551598 of 1 elements with 1 flushes. Rate = 5.42101e-20 tuples/ms
I0328 14:09:48.909638 21760 dataplane_comm.cc:89]  got an end-of-window marker, acking it; ts was 1364494188685 and window size was 1000
I0328 14:09:48.943202 21814 tuple_batch.cc:111] Finished flush in 18446744073709551602 of 1 elements with 1 flushes. Rate = 5.42101e-20 tuples/ms
I0328 14:09:49.022040 21804 tuple_batch.cc:111] Finished flush in 18446744073709551603 of 1 elements with 1 flushes. Rate = 5.42101e-20 tuples/ms
I0328 14:09:49.562151 21767 experiment_operators.cc:534] RootReport@ 1364494189 Avg window: 2680 - 393982 bytes/sec 4301 tuples/sec
I0328 14:09:49.562180 21767 experiment_operators.cc:536] Statistics: bytes_in=4759777  bytes_out=14160 Lifetime total count=5559178 avg sample freq 1
I0328 14:09:49.562188 21767 experiment_operators.cc:540] Filter-error bound: 0
I0328 14:09:49.940851 21800 tuple_batch.cc:111] Finished flush in 18446744073709551603 of 1 elements with 1 flushes. Rate = 5.42101e-20 tuples/ms
I0328 14:09:49.981817 21769 dataplane_comm.cc:89]  got an end-of-window marker, acking it; ts was 1364494189730 and window size was 1000
I0328 14:09:50.706367 21820 tuple_batch.cc:111] Finished flush in 18446744073709551600 of 1 elements with 1 flushes. Rate = 5.42101e-20 tuples/ms
I0328 14:09:50.706513 21796 tuple_batch.cc:111] Finished flush in 18446744073709551600 of 1 elements with 1 flushes. Rate = 5.42101e-20 tuples/ms
I0328 14:09:50.759740 21790 tuple_batch.cc:111] Finished flush in 18446744073709551605 of 1 elements with 1 flushes. Rate = 5.42101e-20 tuples/ms
I0328 14:09:50.790896 21806 tuple_batch.cc:111] Finished flush in 18446744073709551605 of 1 elements with 1 flushes. Rate = 5.42101e-20 tuples/ms
I0328 14:09:51.562415 21764 experiment_operators.cc:534] RootReport@ 1364494191 Avg window: 2680 - 251284 bytes/sec 2755.5 tuples/sec
I0328 14:09:51.562448 21764 experiment_operators.cc:536] Statistics: bytes_in=5262344  bytes_out=15312 Lifetime total count=6234206 avg sample freq 1
I0328 14:09:51.562456 21764 experiment_operators.cc:540] Filter-error bound: 0
I0328 14:09:51.705701 21794 tuple_batch.cc:111] Finished flush in 18446744073709551599 of 1 elements with 1 flushes. Rate = 5.42101e-20 tuples/ms
I0328 14:09:51.737103 21774 dataplane_comm.cc:89]  got an end-of-window marker, acking it; ts was 1364494191596 and window size was 1000
I0328 14:09:51.749021 21798 tuple_batch.cc:111] Finished flush in 18446744073709551602 of 16 elements with 1 flushes. Rate = 8.67362e-19 tuples/ms
I0328 14:09:51.751860 21816 tuple_batch.cc:111] Finished flush in 18446744073709551605 of 18 elements with 1 flushes. Rate = 9.75782e-19 tuples/ms
I0328 14:09:51.762403 21816 tuple_batch.cc:111] Finished flush in 18446744073709551602 of 2 elements with 1 flushes. Rate = 1.0842e-19 tuples/ms
I0328 14:09:51.783550 21806 tuple_batch.cc:111] Finished flush in 18446744073709551603 of 1 elements with 1 flushes. Rate = 5.42101e-20 tuples/ms
I0328 14:09:51.844627 21790 tuple_batch.cc:111] Finished flush in 18446744073709551600 of 2 elements with 1 flushes. Rate = 1.0842e-19 tuples/ms
I0328 14:09:51.903066 21814 tuple_batch.cc:111] Finished flush in 18446744073709551602 of 1 elements with 1 flushes. Rate = 5.42101e-20 tuples/ms
I0328 14:09:52.797340 21761 dataplane_comm.cc:89]  got an end-of-window marker, acking it; ts was 1364494192631 and window size was 5000
I0328 14:09:52.841805 21802 tuple_batch.cc:111] Finished flush in 18446744073709551602 of 1 elements with 1 flushes. Rate = 5.42101e-20 tuples/ms
I0328 14:09:52.841917 21818 tuple_batch.cc:111] Finished flush in 18446744073709551602 of 1 elements with 1 flushes. Rate = 5.42101e-20 tuples/ms
I0328 14:09:52.850487 21810 tuple_batch.cc:111] Finished flush in 18446744073709551605 of 7 elements with 1 flushes. Rate = 3.79471e-19 tuples/ms
I0328 14:09:52.861460 21800 tuple_batch.cc:111] Finished flush in 18446744073709551604 of 7 elements with 1 flushes. Rate = 3.79471e-19 tuples/ms
I0328 14:09:52.902442 21802 tuple_batch.cc:111] Finished flush in 18446744073709551602 of 2 elements with 1 flushes. Rate = 1.0842e-19 tuples/ms
I0328 14:09:52.922025 21804 tuple_batch.cc:111] Finished flush in 18446744073709551604 of 1 elements with 1 flushes. Rate = 5.42101e-20 tuples/ms
I0328 14:09:53.562661 21772 experiment_operators.cc:534] RootReport@ 1364494193 Avg window: 2680 - 322646 bytes/sec 3532 tuples/sec
I0328 14:09:53.562692 21772 experiment_operators.cc:536] Statistics: bytes_in=5907637  bytes_out=16518 Lifetime total count=7094395 avg sample freq 1
I0328 14:09:53.562703 21772 experiment_operators.cc:540] Filter-error bound: 0
I0328 14:09:53.742277 21800 tuple_batch.cc:111] Finished flush in 18446744073709551605 of 1 elements with 1 flushes. Rate = 5.42101e-20 tuples/ms
I0328 14:09:53.849349 21812 tuple_batch.cc:111] Finished flush in 18446744073709551605 of 1 elements with 1 flushes. Rate = 5.42101e-20 tuples/ms
I0328 14:09:53.849483 21798 tuple_batch.cc:111] Finished flush in 18446744073709551605 of 2 elements with 1 flushes. Rate = 1.0842e-19 tuples/ms
I0328 14:09:53.860646 21769 dataplane_comm.cc:89]  got an end-of-window marker, acking it; ts was 1364494193642 and window size was 1000
I0328 14:09:53.885099 21796 tuple_batch.cc:111] Finished flush in 18446744073709551600 of 1 elements with 1 flushes. Rate = 5.42101e-20 tuples/ms
I0328 14:09:54.021854 21814 tuple_batch.cc:111] Finished flush in 18446744073709551604 of 1 elements with 1 flushes. Rate = 5.42101e-20 tuples/ms
I0328 14:09:54.853560 21816 tuple_batch.cc:111] Finished flush in 18446744073709551602 of 2 elements with 1 flushes. Rate = 1.0842e-19 tuples/ms
I0328 14:09:54.891824 21800 tuple_batch.cc:111] Finished flush in 18446744073709551603 of 1 elements with 1 flushes. Rate = 5.42101e-20 tuples/ms
I0328 14:09:54.892024 21794 tuple_batch.cc:111] Finished flush in 18446744073709551603 of 1 elements with 1 flushes. Rate = 5.42101e-20 tuples/ms
I0328 14:09:54.892467 21818 tuple_batch.cc:111] Finished flush in 18446744073709551603 of 2 elements with 1 flushes. Rate = 1.0842e-19 tuples/ms
I0328 14:09:54.903367 21798 tuple_batch.cc:111] Finished flush in 18446744073709551601 of 1 elements with 1 flushes. Rate = 5.42101e-20 tuples/ms
I0328 14:09:54.903626 21764 dataplane_comm.cc:89]  got an end-of-window marker, acking it; ts was 1364494194698 and window size was 1000
I0328 14:09:55.562928 21760 experiment_operators.cc:534] RootReport@ 1364494195 Avg window: 2680 - 295624 bytes/sec 3226.5 tuples/sec
I0328 14:09:55.562958 21760 experiment_operators.cc:536] Statistics: bytes_in=6498886  bytes_out=17706 Lifetime total count=7802937 avg sample freq 1
I0328 14:09:55.562963 21760 experiment_operators.cc:540] Filter-error bound: 0
I0328 14:09:55.777801 21812 tuple_batch.cc:111] Finished flush in 18446744073709551602 of 6 elements with 1 flushes. Rate = 3.25261e-19 tuples/ms
I0328 14:09:55.779217 21798 tuple_batch.cc:111] Finished flush in 18446744073709551604 of 7 elements with 1 flushes. Rate = 3.79471e-19 tuples/ms
I0328 14:09:55.843921 21802 tuple_batch.cc:111] Finished flush in 18446744073709551601 of 1 elements with 1 flushes. Rate = 5.42101e-20 tuples/ms
I0328 14:09:55.870117 21818 tuple_batch.cc:111] Finished flush in 18446744073709551605 of 1 elements with 1 flushes. Rate = 5.42101e-20 tuples/ms
I0328 14:09:55.870182 21810 tuple_batch.cc:111] Finished flush in 18446744073709551605 of 1 elements with 1 flushes. Rate = 5.42101e-20 tuples/ms
I0328 14:09:56.675175 21790 tuple_batch.cc:111] Finished flush in 18446744073709551600 of 1 elements with 1 flushes. Rate = 5.42101e-20 tuples/ms
I0328 14:09:56.695114 21794 tuple_batch.cc:111] Finished flush in 18446744073709551600 of 1 elements with 1 flushes. Rate = 5.42101e-20 tuples/ms
I0328 14:09:56.722456 21775 dataplane_comm.cc:89]  got an end-of-window marker, acking it; ts was 1364494196597 and window size was 1000
I0328 14:09:56.841303 21814 tuple_batch.cc:111] Finished flush in 18446744073709551605 of 1 elements with 1 flushes. Rate = 5.42101e-20 tuples/ms
I0328 14:09:56.844733 21808 tuple_batch.cc:111] Finished flush in 18446744073709551600 of 1 elements with 1 flushes. Rate = 5.42101e-20 tuples/ms
I0328 14:09:57.563140 21769 experiment_operators.cc:534] RootReport@ 1364494197 Avg window: 2680 - 232178 bytes/sec 2539.5 tuples/sec
I0328 14:09:57.563169 21769 experiment_operators.cc:536] Statistics: bytes_in=6963242  bytes_out=18822 Lifetime total count=8428863 avg sample freq 1
I0328 14:09:57.563177 21769 experiment_operators.cc:540] Filter-error bound: 0
I0328 14:09:57.731477 21818 tuple_batch.cc:111] Finished flush in 18446744073709551604 of 1 elements with 1 flushes. Rate = 5.42101e-20 tuples/ms
I0328 14:09:57.759781 21760 dataplane_comm.cc:89]  got an end-of-window marker, acking it; ts was 1364494197645 and window size was 1000
I0328 14:09:57.901918 21802 tuple_batch.cc:111] Finished flush in 18446744073709551603 of 1 elements with 1 flushes. Rate = 5.42101e-20 tuples/ms
I0328 14:09:57.936151 21812 tuple_batch.cc:111] Finished flush in 18446744073709551598 of 1 elements with 1 flushes. Rate = 5.42101e-20 tuples/ms
I0328 14:09:57.963457 21814 tuple_batch.cc:111] Finished flush in 18446744073709551603 of 3 elements with 1 flushes. Rate = 1.6263e-19 tuples/ms
I0328 14:09:58.702843 21818 tuple_batch.cc:111] Finished flush in 18446744073709551603 of 2 elements with 1 flushes. Rate = 1.0842e-19 tuples/ms
I0328 14:09:58.704071 21800 tuple_batch.cc:111] Finished flush in 18446744073709551605 of 2 elements with 1 flushes. Rate = 1.0842e-19 tuples/ms
I0328 14:09:58.757029 21808 tuple_batch.cc:111] Finished flush in 18446744073709551599 of 1 elements with 1 flushes. Rate = 5.42101e-20 tuples/ms
I0328 14:09:58.785486 21774 dataplane_comm.cc:89]  got an end-of-window marker, acking it; ts was 0 and window size was 1000
I0328 14:09:58.889837 21773 congestion_monitors.cc:53] (logged every 211) Queue for cube global_coral_urls flush: 1140 inserts (max is inf); 1291 removes. Queue length 0/34000. Space Ratio is 30.957, downstream is inf and final result is 30.957
I0328 14:09:58.926403 21804 tuple_batch.cc:111] Finished flush in 18446744073709551599 of 1 elements with 1 flushes. Rate = 5.42101e-20 tuples/ms
I0328 14:09:58.926803 21820 tuple_batch.cc:111] Finished flush in 18446744073709551598 of 1 elements with 1 flushes. Rate = 5.42101e-20 tuples/ms
I0328 14:09:58.932426 21792 tuple_batch.cc:111] Finished flush in 18446744073709551603 of 2 elements with 1 flushes. Rate = 1.0842e-19 tuples/ms
I0328 14:09:58.992104 21806 tuple_batch.cc:111] Finished flush in 18446744073709551604 of 1 elements with 1 flushes. Rate = 5.42101e-20 tuples/ms
I0328 14:09:58.992172 21814 tuple_batch.cc:111] Finished flush in 18446744073709551604 of 1 elements with 1 flushes. Rate = 5.42101e-20 tuples/ms
I0328 14:09:59.563374 21769 experiment_operators.cc:534] RootReport@ 1364494199 Avg window: 2680 - 381468 bytes/sec 4170 tuples/sec
I0328 14:09:59.563405 21769 experiment_operators.cc:536] Statistics: bytes_in=7726179  bytes_out=20082 Lifetime total count=9493189 avg sample freq 1
I0328 14:09:59.563411 21769 experiment_operators.cc:540] Filter-error bound: 0
I0328 14:09:59.703058 21792 tuple_batch.cc:111] Finished flush in 18446744073709551603 of 1 elements with 1 flushes. Rate = 5.42101e-20 tuples/ms
I0328 14:09:59.812382 21790 tuple_batch.cc:111] Finished flush in 18446744073709551602 of 1 elements with 1 flushes. Rate = 5.42101e-20 tuples/ms
I0328 14:09:59.859529 21808 tuple_batch.cc:111] Finished flush in 18446744073709551605 of 1 elements with 1 flushes. Rate = 5.42101e-20 tuples/ms
I0328 14:09:59.862694 21804 tuple_batch.cc:111] Finished flush in 18446744073709551605 of 1 elements with 1 flushes. Rate = 5.42101e-20 tuples/ms
I0328 14:09:59.898483 21770 dataplane_comm.cc:89]  got an end-of-window marker, acking it; ts was 1364494199707 and window size was 1000
I0328 14:10:00.704534 21790 tuple_batch.cc:111] Finished flush in 18446744073709551601 of 2 elements with 1 flushes. Rate = 1.0842e-19 tuples/ms
I0328 14:10:00.813117 21818 tuple_batch.cc:111] Finished flush in 18446744073709551602 of 1 elements with 1 flushes. Rate = 5.42101e-20 tuples/ms
I0328 14:10:00.814292 21798 tuple_batch.cc:111] Finished flush in 18446744073709551602 of 1 elements with 1 flushes. Rate = 5.42101e-20 tuples/ms
I0328 14:10:01.022815 21772 dataplane_comm.cc:89]  got an end-of-window marker, acking it; ts was 1364494200729 and window size was 5000
I0328 14:10:01.210862 21772 liveness_manager.cc:108] Successfully scheduled message on 128.112.7.139:45978-128.112.7.136:3456
I0328 14:10:01.563627 21765 experiment_operators.cc:534] RootReport@ 1364494201 Avg window: 2760 - 224194 bytes/sec 2462.5 tuples/sec
I0328 14:10:01.563658 21765 experiment_operators.cc:536] Statistics: bytes_in=8174567  bytes_out=21216 Lifetime total count=10109621 avg sample freq 1
I0328 14:10:01.563670 21765 experiment_operators.cc:540] Filter-error bound: 0
I0328 14:10:01.714304 21806 tuple_batch.cc:111] Finished flush in 18446744073709551603 of 4 elements with 1 flushes. Rate = 2.1684e-19 tuples/ms
I0328 14:10:01.764755 21806 tuple_batch.cc:111] Finished flush in 18446744073709551602 of 3 elements with 1 flushes. Rate = 1.6263e-19 tuples/ms
I0328 14:10:01.804324 21808 tuple_batch.cc:111] Finished flush in 18446744073709551603 of 1 elements with 1 flushes. Rate = 5.42101e-20 tuples/ms
I0328 14:10:01.870334 21808 tuple_batch.cc:111] Finished flush in 18446744073709551605 of 1 elements with 1 flushes. Rate = 5.42101e-20 tuples/ms
I0328 14:10:01.870415 21810 tuple_batch.cc:111] Finished flush in 18446744073709551605 of 1 elements with 1 flushes. Rate = 5.42101e-20 tuples/ms
I0328 14:10:02.693053 21810 tuple_batch.cc:111] Finished flush in 18446744073709551601 of 1 elements with 1 flushes. Rate = 5.42101e-20 tuples/ms
I0328 14:10:02.693178 21818 tuple_batch.cc:111] Finished flush in 18446744073709551601 of 1 elements with 1 flushes. Rate = 5.42101e-20 tuples/ms
I0328 14:10:02.739874 21814 tuple_batch.cc:111] Finished flush in 18446744073709551605 of 1 elements with 1 flushes. Rate = 5.42101e-20 tuples/ms
I0328 14:10:02.757604 21818 tuple_batch.cc:111] Finished flush in 18446744073709551605 of 5 elements with 1 flushes. Rate = 2.71051e-19 tuples/ms
I0328 14:10:02.775473 21765 dataplane_comm.cc:89]  got an end-of-window marker, acking it; ts was 1364494202660 and window size was 1000
I0328 14:10:02.829565 21790 tuple_batch.cc:111] Finished flush in 18446744073709551605 of 6 elements with 1 flushes. Rate = 3.25261e-19 tuples/ms
I0328 14:10:02.829663 21812 tuple_batch.cc:111] Finished flush in 18446744073709551605 of 10 elements with 1 flushes. Rate = 5.42101e-19 tuples/ms
I0328 14:10:02.841423 21806 tuple_batch.cc:111] Finished flush in 18446744073709551603 of 1 elements with 1 flushes. Rate = 5.42101e-20 tuples/ms
I0328 14:10:02.924921 21818 tuple_batch.cc:111] Finished flush in 18446744073709551599 of 1 elements with 1 flushes. Rate = 5.42101e-20 tuples/ms
I0328 14:10:02.964773 21798 tuple_batch.cc:111] Finished flush in 18446744073709551601 of 1 elements with 1 flushes. Rate = 5.42101e-20 tuples/ms
I0328 14:10:02.982969 21796 tuple_batch.cc:111] Finished flush in 18446744073709551602 of 2 elements with 1 flushes. Rate = 1.0842e-19 tuples/ms
I0328 14:10:02.995144 21810 tuple_batch.cc:111] Finished flush in 18446744073709551600 of 1 elements with 1 flushes. Rate = 5.42101e-20 tuples/ms
I0328 14:10:03.563879 21771 experiment_operators.cc:534] RootReport@ 1364494203 Avg window: 2760 - 291487 bytes/sec 3204 tuples/sec
I0328 14:10:03.563907 21771 experiment_operators.cc:536] Statistics: bytes_in=8757541  bytes_out=22386 Lifetime total count=10992822 avg sample freq 1
I0328 14:10:03.563915 21771 experiment_operators.cc:540] Filter-error bound: 0
I0328 14:10:03.723788 21792 tuple_batch.cc:111] Finished flush in 18446744073709551601 of 1 elements with 1 flushes. Rate = 5.42101e-20 tuples/ms
I0328 14:10:03.774139 21808 tuple_batch.cc:111] Finished flush in 18446744073709551600 of 1 elements with 1 flushes. Rate = 5.42101e-20 tuples/ms
