I0322 12:19:45.751864 14906 node.cc:31] creating node
I0322 12:19:45.751971 14906 node.cc:40] possible controller: 128.112.7.136:3456
I0322 12:19:45.752663 14906 node.cc:69] *********** 
					Node ID is 128.112.7.139:55133
 					     *********** 
I0322 12:19:45.752796 14906 node.cc:98] starting thread pool with 8 threads
I0322 12:19:45.754518 14906 node_web_interface.cc:32] Web server on port 128.112.7.139:8080 of 
I0322 12:19:45.756525 14913 node.cc:188] Connected to controller: 128.112.7.136:3456
I0322 12:19:45.756588 14913 liveness_manager.cc:37] Starting notifications; four-tuple is 128.112.7.139:40964-128.112.7.136:3456
I0322 12:19:45.756774 14913 liveness_manager.cc:108] Successfully scheduled message on 128.112.7.139:40964-128.112.7.136:3456
I0322 12:20:25.760182 14911 liveness_manager.cc:108] Successfully scheduled message on 128.112.7.139:40964-128.112.7.136:3456
I0322 12:20:32.879657 14911 node.cc:406] Request to create 1 cubes and 6 operators.
I0322 12:20:32.879801 14911 node.cc:426] configured operator (1,3) of type EchoOperator ok
I0322 12:20:32.880065 14911 node.cc:426] configured operator (1,4) of type LatencyMeasureSubscriber ok
I0322 12:20:32.880102 14911 experiment_operators.cc:208] clear_file is 0
I0322 12:20:32.880185 14911 node.cc:426] configured operator (1,5) of type EchoOperator ok
I0322 12:20:32.880247 14911 node.cc:426] configured operator (1,6) of type AvgCongestLogger ok
I0322 12:20:32.880292 14911 node.cc:426] configured operator (1,207) of type TimestampOperator ok
I0322 12:20:32.880519 14911 base_subscribers.cc:206] configuring a TimeSubscriber simulation
I0322 12:20:32.880548 14911 node.cc:426] configured operator (1,2) of type TimeBasedSubscriber ok
I0322 12:20:32.880926 14911 cube.cc:99] Starting cube with 4 threads 
I0322 12:20:32.881525 14911 cube.cc:19] creating cube test_cube.global_coral_urls and deleting prior contents
I0322 12:20:32.968233 14908 node.cc:267] Incoming dataplane connection from 130.207.98.31:35283
I0322 12:20:32.968497 14908 node.cc:267] Incoming dataplane connection from 130.207.98.26:43398
I0322 12:20:32.972465 14909 node.cc:267] Incoming dataplane connection from 130.207.98.41:38809
I0322 12:20:32.977537 14915 node.cc:267] Incoming dataplane connection from 130.207.98.23:53973
I0322 12:20:32.979109 14908 node.cc:267] Incoming dataplane connection from 130.207.98.44:46363
I0322 12:20:32.986124 14910 node.cc:267] Incoming dataplane connection from 130.207.98.25:60994
I0322 12:20:32.992045 14915 node.cc:267] Incoming dataplane connection from 130.207.98.21:44437
I0322 12:20:32.996387 14915 node.cc:267] Incoming dataplane connection from 130.207.98.52:37326
I0322 12:20:33.023391 14911 node.cc:458] Created cube global_coral_urls
I0322 12:20:33.023509 14911 node.cc:532] Edge from (1,6) to (1,207)
I0322 12:20:33.023581 14911 cube.cc:242] Adding subscriber (1,4) to global_coral_urls
I0322 12:20:33.023601 14911 node.cc:532] Edge from (1,2) to (1,3)
I0322 12:20:33.023622 14911 cube.cc:242] Adding subscriber (1,2) to global_coral_urls
I0322 12:20:33.023633 14911 node.cc:532] Edge from (1,4) to (1,5)
I0322 12:20:33.023643 14911 node.cc:518] edge from (1,207) to global_coral_urls
I0322 12:20:33.023742 14911 node.cc:386] added default congestion policy for (1,3). Monitor is defined
I0322 12:20:33.023777 14911 node.cc:386] added default congestion policy for (1,4). Monitor is defined
I0322 12:20:33.023789 14911 node.cc:386] added default congestion policy for (1,5). Monitor is defined
I0322 12:20:33.023800 14911 node.cc:386] added default congestion policy for (1,6). Monitor is defined
I0322 12:20:33.023808 14911 node.cc:386] added default congestion policy for (1,207). Monitor is defined
I0322 12:20:33.023824 14911 node.cc:386] added default congestion policy for (1,2). Monitor is defined
I0322 12:20:33.024101 14912 node.cc:315] Chain-connect request for (1,6) from 130.207.98.26:43398
I0322 12:20:33.024183 14939 base_subscribers.cc:306] (1,2) is attached to global_coral_urls
I0322 12:20:33.024168 14914 node.cc:315] Chain-connect request for (1,6) from 130.207.98.41:38809
I0322 12:20:33.024242 14908 node.cc:315] Chain-connect request for (1,6) from 130.207.98.23:53973
I0322 12:20:33.024250 14909 node.cc:315] Chain-connect request for (1,6) from 130.207.98.44:46363
I0322 12:20:33.024310 14912 dataplane_comm.cc:206] Created dataplane connection into (1,6)
I0322 12:20:33.024319 14914 dataplane_comm.cc:206] Created dataplane connection into (1,6)
I0322 12:20:33.024327 14910 node.cc:315] Chain-connect request for (1,6) from 130.207.98.25:60994
I0322 12:20:33.024101 14913 node.cc:315] Chain-connect request for (1,6) from 130.207.98.31:35283
I0322 12:20:33.024404 14908 dataplane_comm.cc:206] Created dataplane connection into (1,6)
I0322 12:20:33.024446 14909 dataplane_comm.cc:206] Created dataplane connection into (1,6)
I0322 12:20:33.024435 14911 node.cc:267] Incoming dataplane connection from 130.207.98.37:59317
I0322 12:20:33.024487 14910 dataplane_comm.cc:206] Created dataplane connection into (1,6)
I0322 12:20:33.024377 14915 node.cc:315] Chain-connect request for (1,6) from 130.207.98.21:44437
I0322 12:20:33.024525 14913 dataplane_comm.cc:206] Created dataplane connection into (1,6)
I0322 12:20:33.024524 14909 node.cc:315] Chain-connect request for (1,6) from 130.207.98.52:37326
I0322 12:20:33.024603 14915 dataplane_comm.cc:206] Created dataplane connection into (1,6)
I0322 12:20:33.024631 14909 dataplane_comm.cc:206] Created dataplane connection into (1,6)
I0322 12:20:33.024654 14912 node.cc:315] Chain-connect request for (1,6) from 130.207.98.37:59317
I0322 12:20:33.024657 14914 node.cc:267] Incoming dataplane connection from 130.207.98.40:38687
I0322 12:20:33.024729 14912 dataplane_comm.cc:206] Created dataplane connection into (1,6)
I0322 12:20:33.024834 14915 node.cc:315] Chain-connect request for (1,6) from 130.207.98.40:38687
I0322 12:20:33.024840 14908 node.cc:267] Incoming dataplane connection from 130.207.98.27:39601
I0322 12:20:33.024895 14915 dataplane_comm.cc:206] Created dataplane connection into (1,6)
I0322 12:20:33.025030 14908 node.cc:315] Chain-connect request for (1,6) from 130.207.98.27:39601
I0322 12:20:33.025118 14908 dataplane_comm.cc:206] Created dataplane connection into (1,6)
I0322 12:20:33.025030 14910 node.cc:267] Incoming dataplane connection from 130.207.98.19:48817
I0322 12:20:33.025353 14910 node.cc:267] Incoming dataplane connection from 130.207.98.55:59466
I0322 12:20:33.025357 14914 node.cc:315] Chain-connect request for (1,6) from 130.207.98.19:48817
I0322 12:20:33.025429 14914 dataplane_comm.cc:206] Created dataplane connection into (1,6)
I0322 12:20:33.025496 14910 node.cc:267] Incoming dataplane connection from 130.207.98.33:47103
I0322 12:20:33.025506 14914 node.cc:315] Chain-connect request for (1,6) from 130.207.98.55:59466
I0322 12:20:33.025567 14914 dataplane_comm.cc:206] Created dataplane connection into (1,6)
I0322 12:20:33.025624 14908 node.cc:267] Incoming dataplane connection from 130.207.98.28:44486
I0322 12:20:33.025651 14915 node.cc:315] Chain-connect request for (1,6) from 130.207.98.33:47103
I0322 12:20:33.025727 14915 dataplane_comm.cc:206] Created dataplane connection into (1,6)
I0322 12:20:33.025759 14909 node.cc:315] Chain-connect request for (1,6) from 130.207.98.28:44486
I0322 12:20:33.025775 14910 node.cc:267] Incoming dataplane connection from 130.207.98.46:48863
I0322 12:20:33.025841 14909 dataplane_comm.cc:206] Created dataplane connection into (1,6)
I0322 12:20:33.025936 14912 node.cc:315] Chain-connect request for (1,6) from 130.207.98.46:48863
I0322 12:20:33.025939 14910 node.cc:267] Incoming dataplane connection from 130.207.98.58:45618
I0322 12:20:33.026007 14912 dataplane_comm.cc:206] Created dataplane connection into (1,6)
I0322 12:20:33.026088 14913 node.cc:267] Incoming dataplane connection from 130.207.98.47:46507
I0322 12:20:33.026108 14912 node.cc:315] Chain-connect request for (1,6) from 130.207.98.58:45618
I0322 12:20:33.026171 14912 dataplane_comm.cc:206] Created dataplane connection into (1,6)
I0322 12:20:33.026242 14915 node.cc:267] Incoming dataplane connection from 130.207.98.56:53714
I0322 12:20:33.026284 14914 node.cc:315] Chain-connect request for (1,6) from 130.207.98.47:46507
I0322 12:20:33.026362 14914 dataplane_comm.cc:206] Created dataplane connection into (1,6)
I0322 12:20:33.026391 14910 node.cc:267] Incoming dataplane connection from 130.207.98.38:58869
I0322 12:20:33.026397 14909 node.cc:315] Chain-connect request for (1,6) from 130.207.98.56:53714
I0322 12:20:33.026475 14909 dataplane_comm.cc:206] Created dataplane connection into (1,6)
I0322 12:20:33.026515 14908 node.cc:315] Chain-connect request for (1,6) from 130.207.98.38:58869
I0322 12:20:33.026526 14913 node.cc:267] Incoming dataplane connection from 130.207.98.49:47856
I0322 12:20:33.026590 14908 dataplane_comm.cc:206] Created dataplane connection into (1,6)
I0322 12:20:33.026681 14912 node.cc:315] Chain-connect request for (1,6) from 130.207.98.49:47856
I0322 12:20:33.026685 14914 node.cc:267] Incoming dataplane connection from 130.207.98.42:34471
I0322 12:20:33.026751 14912 dataplane_comm.cc:206] Created dataplane connection into (1,6)
I0322 12:20:33.028689 14915 node.cc:315] Chain-connect request for (1,6) from 130.207.98.42:34471
I0322 12:20:33.028769 14915 dataplane_comm.cc:206] Created dataplane connection into (1,6)
I0322 12:20:33.057327 14911 node.cc:267] Incoming dataplane connection from 130.207.98.50:45960
I0322 12:20:33.057523 14912 node.cc:267] Incoming dataplane connection from 141.39.220.43:40263
I0322 12:20:33.059808 14908 node.cc:315] Chain-connect request for (1,6) from 141.39.220.43:40263
I0322 12:20:33.059885 14908 dataplane_comm.cc:206] Created dataplane connection into (1,6)
I0322 12:20:33.060338 14915 node.cc:315] Chain-connect request for (1,6) from 130.207.98.50:45960
I0322 12:20:33.060402 14915 dataplane_comm.cc:206] Created dataplane connection into (1,6)
I0322 12:20:33.061475 14913 node.cc:267] Incoming dataplane connection from 141.39.220.15:33856
I0322 12:20:33.061663 14910 node.cc:315] Chain-connect request for (1,6) from 141.39.220.15:33856
I0322 12:20:33.061746 14910 dataplane_comm.cc:206] Created dataplane connection into (1,6)
I0322 12:20:33.067776 14915 node.cc:267] Incoming dataplane connection from 141.39.220.20:38416
I0322 12:20:33.068589 14908 node.cc:267] Incoming dataplane connection from 141.39.220.49:37239
I0322 12:20:33.069164 14910 node.cc:315] Chain-connect request for (1,6) from 141.39.220.49:37239
I0322 12:20:33.069233 14910 dataplane_comm.cc:206] Created dataplane connection into (1,6)
I0322 12:20:33.069340 14915 node.cc:267] Incoming dataplane connection from 141.39.220.27:50470
I0322 12:20:33.070436 14910 node.cc:315] Chain-connect request for (1,6) from 141.39.220.20:38416
I0322 12:20:33.070523 14910 dataplane_comm.cc:206] Created dataplane connection into (1,6)
I0322 12:20:33.070538 14915 node.cc:267] Incoming dataplane connection from 141.39.220.25:38238
I0322 12:20:33.072029 14911 node.cc:315] Chain-connect request for (1,6) from 141.39.220.27:50470
I0322 12:20:33.072104 14911 dataplane_comm.cc:206] Created dataplane connection into (1,6)
I0322 12:20:33.072286 14912 node.cc:267] Incoming dataplane connection from 141.39.220.17:59574
I0322 12:20:33.072474 14908 node.cc:315] Chain-connect request for (1,6) from 141.39.220.17:59574
I0322 12:20:33.072545 14908 dataplane_comm.cc:206] Created dataplane connection into (1,6)
I0322 12:20:33.072655 14908 node.cc:315] Chain-connect request for (1,6) from 141.39.220.25:38238
I0322 12:20:33.072715 14908 dataplane_comm.cc:206] Created dataplane connection into (1,6)
I0322 12:20:33.076571 14909 node.cc:267] Incoming dataplane connection from 130.207.98.29:36026
I0322 12:20:33.078186 14910 node.cc:267] Incoming dataplane connection from 141.39.220.57:46952
I0322 12:20:33.078342 14913 node.cc:315] Chain-connect request for (1,6) from 141.39.220.57:46952
I0322 12:20:33.078430 14913 dataplane_comm.cc:206] Created dataplane connection into (1,6)
I0322 12:20:33.079222 14914 node.cc:315] Chain-connect request for (1,6) from 130.207.98.29:36026
I0322 12:20:33.079301 14914 dataplane_comm.cc:206] Created dataplane connection into (1,6)
I0322 12:20:33.081348 14913 node.cc:267] Incoming dataplane connection from 141.39.220.46:60847
I0322 12:20:33.081977 14915 node.cc:267] Incoming dataplane connection from 141.39.220.38:52176
I0322 12:20:33.082608 14914 node.cc:267] Incoming dataplane connection from 141.39.220.34:50937
I0322 12:20:33.083145 14915 node.cc:315] Chain-connect request for (1,6) from 141.39.220.38:52176
I0322 12:20:33.083214 14915 dataplane_comm.cc:206] Created dataplane connection into (1,6)
I0322 12:20:33.083760 14914 node.cc:315] Chain-connect request for (1,6) from 141.39.220.46:60847
I0322 12:20:33.083842 14914 dataplane_comm.cc:206] Created dataplane connection into (1,6)
I0322 12:20:33.084779 14913 node.cc:315] Chain-connect request for (1,6) from 141.39.220.34:50937
I0322 12:20:33.084858 14913 dataplane_comm.cc:206] Created dataplane connection into (1,6)
I0322 12:20:33.086933 14915 node.cc:267] Incoming dataplane connection from 141.39.220.48:37468
I0322 12:20:33.087551 14915 node.cc:315] Chain-connect request for (1,6) from 141.39.220.48:37468
I0322 12:20:33.087627 14915 dataplane_comm.cc:206] Created dataplane connection into (1,6)
I0322 12:20:33.095789 14913 node.cc:267] Incoming dataplane connection from 141.39.220.19:54348
I0322 12:20:33.098079 14913 node.cc:315] Chain-connect request for (1,6) from 141.39.220.19:54348
I0322 12:20:33.098170 14913 dataplane_comm.cc:206] Created dataplane connection into (1,6)
I0322 12:20:33.099133 14915 node.cc:267] Incoming dataplane connection from 130.207.98.39:58655
I0322 12:20:33.100056 14911 node.cc:267] Incoming dataplane connection from 141.39.220.24:33631
I0322 12:20:33.101132 14913 node.cc:267] Incoming dataplane connection from 141.39.220.21:49931
I0322 12:20:33.101305 14913 node.cc:315] Chain-connect request for (1,6) from 141.39.220.24:33631
I0322 12:20:33.101382 14913 dataplane_comm.cc:206] Created dataplane connection into (1,6)
I0322 12:20:33.102010 14915 node.cc:315] Chain-connect request for (1,6) from 141.39.220.21:49931
I0322 12:20:33.102107 14915 dataplane_comm.cc:206] Created dataplane connection into (1,6)
I0322 12:20:33.102426 14911 node.cc:315] Chain-connect request for (1,6) from 130.207.98.39:58655
I0322 12:20:33.102493 14911 dataplane_comm.cc:206] Created dataplane connection into (1,6)
I0322 12:20:33.107116 14914 node.cc:267] Incoming dataplane connection from 141.39.220.12:58496
I0322 12:20:33.107715 14913 node.cc:267] Incoming dataplane connection from 141.39.220.54:44304
I0322 12:20:33.108170 14915 node.cc:315] Chain-connect request for (1,6) from 141.39.220.54:44304
I0322 12:20:33.108233 14915 dataplane_comm.cc:206] Created dataplane connection into (1,6)
I0322 12:20:33.109609 14913 node.cc:315] Chain-connect request for (1,6) from 141.39.220.12:58496
I0322 12:20:33.109678 14913 dataplane_comm.cc:206] Created dataplane connection into (1,6)
I0322 12:20:33.110906 14911 node.cc:267] Incoming dataplane connection from 141.39.220.30:59347
I0322 12:20:33.111150 14914 node.cc:267] Incoming dataplane connection from 141.39.220.22:46583
I0322 12:20:33.113119 14911 node.cc:267] Incoming dataplane connection from 141.39.220.36:40755
I0322 12:20:33.113579 14912 node.cc:315] Chain-connect request for (1,6) from 141.39.220.30:59347
I0322 12:20:33.113656 14912 dataplane_comm.cc:206] Created dataplane connection into (1,6)
I0322 12:20:33.115432 14913 node.cc:315] Chain-connect request for (1,6) from 141.39.220.36:40755
I0322 12:20:33.115514 14913 dataplane_comm.cc:206] Created dataplane connection into (1,6)
I0322 12:20:33.116036 14914 node.cc:315] Chain-connect request for (1,6) from 141.39.220.22:46583
I0322 12:20:33.116097 14914 dataplane_comm.cc:206] Created dataplane connection into (1,6)
I0322 12:20:33.126692 14911 dataplane_comm.cc:89]  got an end-of-window marker, acking it; ts was 0 and window size was 1000
I0322 12:20:33.130385 14911 node.cc:267] Incoming dataplane connection from 141.39.220.11:42298
I0322 12:20:33.132889 14910 node.cc:315] Chain-connect request for (1,6) from 141.39.220.11:42298
I0322 12:20:33.132958 14910 dataplane_comm.cc:206] Created dataplane connection into (1,6)
I0322 12:20:33.152832 14911 node.cc:267] Incoming dataplane connection from 141.39.220.31:42665
I0322 12:20:33.155227 14912 node.cc:315] Chain-connect request for (1,6) from 141.39.220.31:42665
I0322 12:20:33.155308 14912 dataplane_comm.cc:206] Created dataplane connection into (1,6)
I0322 12:20:33.183404 14913 node.cc:267] Incoming dataplane connection from 141.39.220.29:56907
I0322 12:20:33.184838 14912 node.cc:267] Incoming dataplane connection from 141.39.220.32:39719
I0322 12:20:33.185932 14913 node.cc:315] Chain-connect request for (1,6) from 141.39.220.29:56907
I0322 12:20:33.186027 14913 dataplane_comm.cc:206] Created dataplane connection into (1,6)
I0322 12:20:33.187765 14912 node.cc:315] Chain-connect request for (1,6) from 141.39.220.32:39719
I0322 12:20:33.187857 14912 dataplane_comm.cc:206] Created dataplane connection into (1,6)
I0322 12:20:33.197238 14914 node.cc:267] Incoming dataplane connection from 141.39.220.41:46602
I0322 12:20:33.199697 14909 node.cc:315] Chain-connect request for (1,6) from 141.39.220.41:46602
I0322 12:20:33.199779 14909 dataplane_comm.cc:206] Created dataplane connection into (1,6)
I0322 12:20:33.328423 14914 dataplane_comm.cc:89]  got an end-of-window marker, acking it; ts was 0 and window size was 1000
I0322 12:20:34.188051 14914 dataplane_comm.cc:89]  got an end-of-window marker, acking it; ts was 0 and window size was 1000
I0322 12:20:35.024138 14910 experiment_operators.cc:501] RootReport@ 1363969235 Avg window: 1000 - 1485 bytes/sec 0 tuples/sec
I0322 12:20:35.024207 14910 experiment_operators.cc:503] Statistics: bytes_in=2970  bytes_out=2100 Lifetime total count=0
I0322 12:20:35.174507 14909 dataplane_comm.cc:89]  got an end-of-window marker, acking it; ts was 1363969235072 and window size was 1000
I0322 12:20:35.180418 14912 congestion_monitors.cc:53] (logged every 211) Queue for cube global_coral_urls flush: 16 inserts (max is inf); 16 removes. Queue length 0/34000. Space Ratio is 2126, downstream is inf and final result is 2126
I0322 12:20:36.149170 14909 dataplane_comm.cc:89]  got an end-of-window marker, acking it; ts was 1363969236072 and window size was 1000
I0322 12:20:37.024384 14910 experiment_operators.cc:501] RootReport@ 1363969237 Avg window: 1000 - 193122 bytes/sec 2139 tuples/sec
I0322 12:20:37.024421 14910 experiment_operators.cc:503] Statistics: bytes_in=389213  bytes_out=3900 Lifetime total count=410210
I0322 12:20:37.139919 14911 dataplane_comm.cc:89]  got an end-of-window marker, acking it; ts was 1363969237069 and window size was 1000
I0322 12:20:37.216022 14930 tuple_batch.cc:111] Finished flush in 18446744073709551604 of 3 elements with 1 flushes. Rate = 1.6263e-19 tuples/ms
I0322 12:20:37.321226 14913 dataplane_comm.cc:89]  got an end-of-window marker, acking it; ts was 1363969237172 and window size was 1000
I0322 12:20:38.299249 14913 dataplane_comm.cc:89]  got an end-of-window marker, acking it; ts was 1363969238148 and window size was 1000
I0322 12:20:38.315743 14932 tuple_batch.cc:111] Finished flush in 18446744073709551604 of 3 elements with 1 flushes. Rate = 1.6263e-19 tuples/ms
I0322 12:20:39.024653 14912 experiment_operators.cc:501] RootReport@ 1363969239 Avg window: 1000 - 402400 bytes/sec 4459.5 tuples/sec
I0322 12:20:39.024682 14912 experiment_operators.cc:503] Statistics: bytes_in=1194014  bytes_out=5700 Lifetime total count=1265530
I0322 12:20:39.185453 14910 dataplane_comm.cc:89]  got an end-of-window marker, acking it; ts was 1363969239120 and window size was 1000
I0322 12:20:39.195441 14936 tuple_batch.cc:111] Finished flush in 18446744073709551605 of 4 elements with 1 flushes. Rate = 2.1684e-19 tuples/ms
I0322 12:20:40.160958 14908 dataplane_comm.cc:89]  got an end-of-window marker, acking it; ts was 1363969239897 and window size was 1000
I0322 12:20:41.024904 14908 experiment_operators.cc:501] RootReport@ 1363969241 Avg window: 1000 - 392634 bytes/sec 4330.5 tuples/sec
I0322 12:20:41.024941 14908 experiment_operators.cc:503] Statistics: bytes_in=1979283  bytes_out=7500 Lifetime total count=2107602
I0322 12:20:41.151576 14909 dataplane_comm.cc:89]  got an end-of-window marker, acking it; ts was 1363969241084 and window size was 1000
I0322 12:20:41.337785 14911 dataplane_comm.cc:89]  got an end-of-window marker, acking it; ts was 1363969241186 and window size was 1000
I0322 12:20:42.311519 14913 dataplane_comm.cc:89]  got an end-of-window marker, acking it; ts was 1363969242159 and window size was 1000
I0322 12:20:43.025143 14909 experiment_operators.cc:501] RootReport@ 1363969243 Avg window: 1000 - 401764 bytes/sec 4419.5 tuples/sec
I0322 12:20:43.025177 14909 experiment_operators.cc:503] Statistics: bytes_in=2782812  bytes_out=9300 Lifetime total count=3019286
I0322 12:20:43.198236 14911 dataplane_comm.cc:89]  got an end-of-window marker, acking it; ts was 1363969243133 and window size was 1000
I0322 12:20:43.315376 14930 tuple_batch.cc:111] Finished flush in 18446744073709551605 of 10 elements with 1 flushes. Rate = 5.42101e-19 tuples/ms
I0322 12:20:44.173476 14913 dataplane_comm.cc:89]  got an end-of-window marker, acking it; ts was 1363969244031 and window size was 1000
I0322 12:20:45.025377 14914 experiment_operators.cc:501] RootReport@ 1363969245 Avg window: 1000 - 397074 bytes/sec 4359.5 tuples/sec
I0322 12:20:45.025418 14914 experiment_operators.cc:503] Statistics: bytes_in=3576959  bytes_out=11100 Lifetime total count=3887424
I0322 12:20:45.158180 14913 dataplane_comm.cc:89]  got an end-of-window marker, acking it; ts was 1363969245092 and window size was 1000
I0322 12:20:45.345217 14908 dataplane_comm.cc:89]  got an end-of-window marker, acking it; ts was 1363969245196 and window size was 1000
I0322 12:20:46.337723 14909 dataplane_comm.cc:89]  got an end-of-window marker, acking it; ts was 1363969246159 and window size was 1000
I0322 12:20:47.025596 14915 experiment_operators.cc:501] RootReport@ 1363969247 Avg window: 1000 - 375495 bytes/sec 4126.5 tuples/sec
I0322 12:20:47.025634 14915 experiment_operators.cc:503] Statistics: bytes_in=4327949  bytes_out=12900 Lifetime total count=4729051
I0322 12:20:47.210851 14910 dataplane_comm.cc:89]  got an end-of-window marker, acking it; ts was 1363969247145 and window size was 1000
I0322 12:20:48.186414 14908 dataplane_comm.cc:89]  got an end-of-window marker, acking it; ts was 1363969248114 and window size was 1000
I0322 12:20:48.195907 14934 tuple_batch.cc:111] Finished flush in 18446744073709551604 of 4 elements with 1 flushes. Rate = 2.1684e-19 tuples/ms
I0322 12:20:49.025854 14913 experiment_operators.cc:501] RootReport@ 1363969249 Avg window: 1000 - 404053 bytes/sec 4426.5 tuples/sec
I0322 12:20:49.025892 14913 experiment_operators.cc:503] Statistics: bytes_in=5136055  bytes_out=14700 Lifetime total count=5561420
I0322 12:20:49.165400 14908 dataplane_comm.cc:89]  got an end-of-window marker, acking it; ts was 1363969249097 and window size was 1000
I0322 12:20:49.265280 14934 tuple_batch.cc:111] Finished flush in 18446744073709551605 of 5 elements with 1 flushes. Rate = 2.71051e-19 tuples/ms
I0322 12:20:49.361992 14915 dataplane_comm.cc:89]  got an end-of-window marker, acking it; ts was 1363969249210 and window size was 1000
I0322 12:20:50.340219 14913 dataplane_comm.cc:89]  got an end-of-window marker, acking it; ts was 1363969250187 and window size was 1000
I0322 12:20:51.026075 14909 experiment_operators.cc:501] RootReport@ 1363969251 Avg window: 1000 - 374393 bytes/sec 4104.5 tuples/sec
I0322 12:20:51.026109 14909 experiment_operators.cc:503] Statistics: bytes_in=5884841  bytes_out=16500 Lifetime total count=6406700
I0322 12:20:51.226686 14913 dataplane_comm.cc:89]  got an end-of-window marker, acking it; ts was 1363969251160 and window size was 1000
I0322 12:20:52.135293 14936 tuple_batch.cc:111] Finished flush in 18446744073709551605 of 1 elements with 1 flushes. Rate = 5.42101e-20 tuples/ms
I0322 12:20:52.135404 14932 tuple_batch.cc:111] Finished flush in 18446744073709551605 of 1 elements with 1 flushes. Rate = 5.42101e-20 tuples/ms
I0322 12:20:52.197710 14912 dataplane_comm.cc:89]  got an end-of-window marker, acking it; ts was 1363969252128 and window size was 1000
I0322 12:20:52.304972 14932 tuple_batch.cc:111] Finished flush in 18446744073709551605 of 4 elements with 1 flushes. Rate = 2.1684e-19 tuples/ms
I0322 12:20:53.026314 14908 experiment_operators.cc:501] RootReport@ 1363969253 Avg window: 1000 - 357333 bytes/sec 3925 tuples/sec
I0322 12:20:53.026346 14908 experiment_operators.cc:503] Statistics: bytes_in=6599507  bytes_out=18300 Lifetime total count=7197031
I0322 12:20:53.172473 14910 dataplane_comm.cc:89]  got an end-of-window marker, acking it; ts was 1363969253104 and window size was 1000
I0322 12:20:53.376876 14914 dataplane_comm.cc:89]  got an end-of-window marker, acking it; ts was 1363969253227 and window size was 1000
I0322 12:20:54.345340 14930 tuple_batch.cc:111] Finished flush in 18446744073709551605 of 2 elements with 1 flushes. Rate = 1.0842e-19 tuples/ms
I0322 12:20:54.358361 14911 dataplane_comm.cc:89]  got an end-of-window marker, acking it; ts was 1363969254075 and window size was 1000
I0322 12:20:54.384728 14934 tuple_batch.cc:111] Finished flush in 18446744073709551605 of 1 elements with 1 flushes. Rate = 5.42101e-20 tuples/ms
I0322 12:20:54.384945 14936 tuple_batch.cc:111] Finished flush in 18446744073709551605 of 2 elements with 1 flushes. Rate = 1.0842e-19 tuples/ms
I0322 12:20:55.026578 14909 experiment_operators.cc:501] RootReport@ 1363969255 Avg window: 1000 - 358185 bytes/sec 3933 tuples/sec
I0322 12:20:55.026609 14909 experiment_operators.cc:503] Statistics: bytes_in=7315877  bytes_out=20100 Lifetime total count=8001717
I0322 12:20:55.195600 14930 tuple_batch.cc:111] Finished flush in 18446744073709551605 of 2 elements with 1 flushes. Rate = 1.0842e-19 tuples/ms
I0322 12:20:55.238633 14910 dataplane_comm.cc:89]  got an end-of-window marker, acking it; ts was 1363969255172 and window size was 1000
I0322 12:20:56.145840 14934 tuple_batch.cc:111] Finished flush in 18446744073709551605 of 4 elements with 1 flushes. Rate = 2.1684e-19 tuples/ms
I0322 12:20:56.206496 14910 dataplane_comm.cc:89]  got an end-of-window marker, acking it; ts was 1363969256136 and window size was 1000
I0322 12:20:57.026813 14914 experiment_operators.cc:501] RootReport@ 1363969257 Avg window: 1000 - 352012 bytes/sec 3861.5 tuples/sec
I0322 12:20:57.026852 14914 experiment_operators.cc:503] Statistics: bytes_in=8019900  bytes_out=21900 Lifetime total count=8799735
I0322 12:20:57.180619 14910 dataplane_comm.cc:89]  got an end-of-window marker, acking it; ts was 1363969257111 and window size was 1000
I0322 12:20:57.387645 14910 dataplane_comm.cc:89]  got an end-of-window marker, acking it; ts was 1363969257240 and window size was 1000
I0322 12:20:58.205684 14936 tuple_batch.cc:111] Finished flush in 18446744073709551605 of 1 elements with 1 flushes. Rate = 5.42101e-20 tuples/ms
I0322 12:20:58.368137 14912 dataplane_comm.cc:89]  got an end-of-window marker, acking it; ts was 1363969258184 and window size was 1000
I0322 12:20:59.027057 14915 experiment_operators.cc:501] RootReport@ 1363969259 Avg window: 1000 - 347436 bytes/sec 3818.5 tuples/sec
I0322 12:20:59.027094 14915 experiment_operators.cc:503] Statistics: bytes_in=8714773  bytes_out=23700 Lifetime total count=9611545
I0322 12:20:59.254119 14909 dataplane_comm.cc:89]  got an end-of-window marker, acking it; ts was 1363969259226 and window size was 1000
I0322 12:20:59.364939 14930 tuple_batch.cc:111] Finished flush in 18446744073709551605 of 2 elements with 1 flushes. Rate = 1.0842e-19 tuples/ms
I0322 12:21:00.216585 14909 dataplane_comm.cc:89]  got an end-of-window marker, acking it; ts was 1363969260146 and window size was 1000
I0322 12:21:00.524821 14913 congestion_monitors.cc:53] (logged every 211) Queue for cube global_coral_urls process: 769 inserts (max is inf); 769 removes. Queue length 0/10000. Space Ratio is 14.0039, downstream is 47.3847 and final result is 14.0039
I0322 12:21:01.027317 14909 experiment_operators.cc:501] RootReport@ 1363969261 Avg window: 1000 - 362720 bytes/sec 3977.5 tuples/sec
I0322 12:21:01.027349 14909 experiment_operators.cc:503] Statistics: bytes_in=9440214  bytes_out=25500 Lifetime total count=10487631
I0322 12:21:01.189287 14910 dataplane_comm.cc:89]  got an end-of-window marker, acking it; ts was 1363969261117 and window size was 1000
I0322 12:21:01.399831 14910 dataplane_comm.cc:89]  got an end-of-window marker, acking it; ts was 1363969261238 and window size was 1000
I0322 12:21:02.380820 14911 dataplane_comm.cc:89]  got an end-of-window marker, acking it; ts was 1363969262191 and window size was 1000
I0322 12:21:03.027539 14913 experiment_operators.cc:501] RootReport@ 1363969263 Avg window: 1000 - 365534 bytes/sec 4013 tuples/sec
I0322 12:21:03.027577 14913 experiment_operators.cc:503] Statistics: bytes_in=10171283  bytes_out=27300 Lifetime total count=11380426
I0322 12:21:03.267498 14913 dataplane_comm.cc:89]  got an end-of-window marker, acking it; ts was 1363969263242 and window size was 1000
I0322 12:21:04.229987 14915 dataplane_comm.cc:89]  got an end-of-window marker, acking it; ts was 1363969264157 and window size was 1000
I0322 12:21:04.426007 14934 tuple_batch.cc:111] Finished flush in 18446744073709551605 of 9 elements with 1 flushes. Rate = 4.87891e-19 tuples/ms
I0322 12:21:05.027740 14913 experiment_operators.cc:501] RootReport@ 1363969265 Avg window: 1000 - 352984 bytes/sec 3879.5 tuples/sec
I0322 12:21:05.027773 14913 experiment_operators.cc:503] Statistics: bytes_in=10877252  bytes_out=29100 Lifetime total count=12215767
I0322 12:21:05.194362 14909 dataplane_comm.cc:89]  got an end-of-window marker, acking it; ts was 1363969265123 and window size was 1000
I0322 12:21:05.416568 14911 dataplane_comm.cc:89]  got an end-of-window marker, acking it; ts was 1363969265239 and window size was 1000
I0322 12:21:05.763743 14911 liveness_manager.cc:108] Successfully scheduled message on 128.112.7.139:40964-128.112.7.136:3456
I0322 12:21:06.389500 14912 dataplane_comm.cc:89]  got an end-of-window marker, acking it; ts was 1363969266111 and window size was 1000
I0322 12:21:07.027969 14910 experiment_operators.cc:501] RootReport@ 1363969267 Avg window: 1000 - 346059 bytes/sec 3806.5 tuples/sec
I0322 12:21:07.028007 14910 experiment_operators.cc:503] Statistics: bytes_in=11569370  bytes_out=30900 Lifetime total count=13117560
I0322 12:21:07.283812 14908 dataplane_comm.cc:89]  got an end-of-window marker, acking it; ts was 1363969267257 and window size was 1000
I0322 12:21:08.243197 14915 dataplane_comm.cc:89]  got an end-of-window marker, acking it; ts was 1363969268167 and window size was 1000
I0322 12:21:09.028172 14915 experiment_operators.cc:501] RootReport@ 1363969269 Avg window: 1000 - 369807 bytes/sec 4064.5 tuples/sec
I0322 12:21:09.028209 14915 experiment_operators.cc:503] Statistics: bytes_in=12308984  bytes_out=32700 Lifetime total count=13968098
I0322 12:21:09.198040 14914 dataplane_comm.cc:89]  got an end-of-window marker, acking it; ts was 1363969269132 and window size was 1000
I0322 12:21:09.436619 14913 dataplane_comm.cc:89]  got an end-of-window marker, acking it; ts was 1363969269281 and window size was 1000
I0322 12:21:10.414366 14915 dataplane_comm.cc:89]  got an end-of-window marker, acking it; ts was 1363969270054 and window size was 1000
I0322 12:21:11.028419 14908 experiment_operators.cc:501] RootReport@ 1363969271 Avg window: 1000 - 381107 bytes/sec 4194.5 tuples/sec
I0322 12:21:11.028455 14908 experiment_operators.cc:503] Statistics: bytes_in=13071198  bytes_out=34500 Lifetime total count=14854579
I0322 12:21:11.298209 14908 dataplane_comm.cc:89]  got an end-of-window marker, acking it; ts was 1363969271273 and window size was 1000
I0322 12:21:11.404517 14932 tuple_batch.cc:111] Finished flush in 18446744073709551605 of 1 elements with 1 flushes. Rate = 5.42101e-20 tuples/ms
I0322 12:21:12.251687 14908 dataplane_comm.cc:89]  got an end-of-window marker, acking it; ts was 1363969272178 and window size was 1000
I0322 12:21:12.396311 14936 tuple_batch.cc:111] Finished flush in 18446744073709551604 of 2 elements with 1 flushes. Rate = 1.0842e-19 tuples/ms
I0322 12:21:13.028673 14914 experiment_operators.cc:501] RootReport@ 1363969273 Avg window: 1000 - 358499 bytes/sec 3940.5 tuples/sec
I0322 12:21:13.028707 14914 experiment_operators.cc:503] Statistics: bytes_in=13788196  bytes_out=36300 Lifetime total count=15675919
I0322 12:21:13.209496 14915 dataplane_comm.cc:89]  got an end-of-window marker, acking it; ts was 1363969273138 and window size was 1000
(1,3): (21-03-13 20:56:30 ,I=0 ,ipv4.tracker.harry.lu.nyud.net,I=1385938 )
(1,3): (21-03-13 20:56:30 ,I=0 ,malawin.ftpaccess.cc.nyud.net,I=12076 )
(1,3): (21-03-13 20:56:30 ,I=0 ,www.navixtreme.com.nyud.net,I=8596 )
(1,3): (21-03-13 20:56:30 ,I=0 ,www.mega-porno-hd.ru.nyud.net,I=3359 )
(1,3): (21-03-13 20:56:30 ,I=0 ,www.fevernet.com.nyud.net,I=3438 )
(1,3): (21-03-13 20:56:30 ,I=0 ,94.228.192.98.nyud.net,I=3338 )
(1,3): (21-03-13 20:56:30 ,I=0 ,news.google.com.nyud.net:8090,I=12549 )
(1,3): (21-03-13 20:56:30 ,I=0 ,ck3r.org.nyud.net,I=2317 )
(1,3): (21-03-13 20:56:30 ,I=0 ,www.niftybuttons.com.nyud.net,I=2721 )
(1,3): (21-03-13 20:56:30 ,I=0 ,66.232.101.222.nyud.net,I=1346 )
I0322 12:21:13.445961 14930 tuple_batch.cc:111] Finished flush in 18446744073709551604 of 1 elements with 1 flushes. Rate = 5.42101e-20 tuples/ms
I0322 12:21:13.454833 14915 dataplane_comm.cc:89]  got an end-of-window marker, acking it; ts was 1363969273269 and window size was 1000
I0322 12:21:14.420097 14914 dataplane_comm.cc:89]  got an end-of-window marker, acking it; ts was 1363969274272 and window size was 1000
I0322 12:21:15.028909 14908 experiment_operators.cc:501] RootReport@ 1363969275 Avg window: 1000 - 346400 bytes/sec 3807 tuples/sec
I0322 12:21:15.028947 14908 experiment_operators.cc:503] Statistics: bytes_in=14480995  bytes_out=38100 Lifetime total count=16514213
I0322 12:21:15.314208 14914 dataplane_comm.cc:89]  got an end-of-window marker, acking it; ts was 1363969275288 and window size was 1000
I0322 12:21:16.261811 14914 dataplane_comm.cc:89]  got an end-of-window marker, acking it; ts was 1363969276188 and window size was 1000
I0322 12:21:16.445780 14932 tuple_batch.cc:111] Finished flush in 18446744073709551604 of 4 elements with 1 flushes. Rate = 2.1684e-19 tuples/ms
I0322 12:21:16.446018 14934 tuple_batch.cc:111] Finished flush in 18446744073709551604 of 4 elements with 1 flushes. Rate = 2.1684e-19 tuples/ms
I0322 12:21:17.029131 14911 experiment_operators.cc:501] RootReport@ 1363969277 Avg window: 1000 - 354432 bytes/sec 3891 tuples/sec
I0322 12:21:17.029165 14911 experiment_operators.cc:503] Statistics: bytes_in=15189858  bytes_out=39900 Lifetime total count=17398221
I0322 12:21:17.212957 14911 dataplane_comm.cc:89]  got an end-of-window marker, acking it; ts was 1363969277144 and window size was 1000
I0322 12:21:17.462504 14910 dataplane_comm.cc:89]  got an end-of-window marker, acking it; ts was 1363969277312 and window size was 1000
(1,3): (21-03-13 20:56:30 ,I=0 ,ipv4.tracker.harry.lu.nyud.net,I=1857236 )
(1,3): (21-03-13 20:56:30 ,I=0 ,bbs.soul-plus.net.nyud.net,I=41903 )
(1,3): (21-03-13 20:56:30 ,I=0 ,userscripts.org.nyud.net,I=10750 )
(1,3): (21-03-13 20:56:30 ,I=0 ,(null),I=12495 )
(1,3): (21-03-13 20:56:30 ,I=0 ,www.navixtreme.com.nyud.net,I=9952 )
(1,3): (21-03-13 20:56:30 ,I=0 ,malawin.ftpaccess.cc.nyud.net,I=13708 )
(1,3): (21-03-13 20:56:30 ,I=0 ,malawis.ftpaccess.cc.nyud.net,I=4648 )
(1,3): (21-03-13 20:56:30 ,I=0 ,calu-atrack.appspot.com.nyud.net,I=6687 )
(1,3): (21-03-13 20:56:30 ,I=0 ,www.fevernet.com.nyud.net,I=4858 )
(1,3): (21-03-13 20:56:30 ,I=0 ,news.google.com.nyud.net:8090,I=20647 )
I0322 12:21:18.423264 14915 dataplane_comm.cc:89]  got an end-of-window marker, acking it; ts was 1363969278268 and window size was 1000
I0322 12:21:19.029379 14909 experiment_operators.cc:501] RootReport@ 1363969279 Avg window: 1000 - 358089 bytes/sec 3931 tuples/sec
I0322 12:21:19.029417 14909 experiment_operators.cc:503] Statistics: bytes_in=15906036  bytes_out=41700 Lifetime total count=18288891
I0322 12:21:19.326810 14936 tuple_batch.cc:111] Finished flush in 18446744073709551605 of 5 elements with 1 flushes. Rate = 2.71051e-19 tuples/ms
I0322 12:21:19.326905 14932 tuple_batch.cc:111] Finished flush in 18446744073709551605 of 6 elements with 1 flushes. Rate = 3.25261e-19 tuples/ms
I0322 12:21:19.334148 14913 dataplane_comm.cc:89]  got an end-of-window marker, acking it; ts was 1363969279304 and window size was 1000
I0322 12:21:20.270230 14908 dataplane_comm.cc:89]  got an end-of-window marker, acking it; ts was 1363969280199 and window size was 1000
I0322 12:21:21.029649 14915 experiment_operators.cc:501] RootReport@ 1363969281 Avg window: 1000 - 374366 bytes/sec 4107.5 tuples/sec
I0322 12:21:21.029690 14915 experiment_operators.cc:503] Statistics: bytes_in=16654767  bytes_out=43500 Lifetime total count=19263793
I0322 12:21:21.226833 14915 dataplane_comm.cc:89]  got an end-of-window marker, acking it; ts was 1363969281152 and window size was 1000
I0322 12:21:21.467206 14911 dataplane_comm.cc:89]  got an end-of-window marker, acking it; ts was 1363969281319 and window size was 1000
I0322 12:21:22.372074 14908 congestion_monitors.cc:53] (logged every 211) Queue for cube global_coral_urls flush: 1493 inserts (max is inf); 1559 removes. Queue length 17/34000. Space Ratio is 23.8058, downstream is inf and final result is 23.8058
I0322 12:21:22.433838 14908 dataplane_comm.cc:89]  got an end-of-window marker, acking it; ts was 1363969282285 and window size was 1000
I0322 12:21:23.029875 14912 experiment_operators.cc:501] RootReport@ 1363969283 Avg window: 1000 - 370830 bytes/sec 4069 tuples/sec
I0322 12:21:23.029908 14912 experiment_operators.cc:503] Statistics: bytes_in=17396426  bytes_out=45300 Lifetime total count=20311131
I0322 12:21:23.346395 14909 dataplane_comm.cc:89]  got an end-of-window marker, acking it; ts was 1363969283321 and window size was 1000
(1,3): (21-03-13 20:56:30 ,I=0 ,ipv4.tracker.harry.lu.nyud.net,I=1768312 )
(1,3): (21-03-13 20:56:30 ,I=0 ,bbs.soul-plus.net.nyud.net,I=38487 )
(1,3): (21-03-13 20:56:30 ,I=0 ,(null),I=12481 )
(1,3): (21-03-13 20:56:30 ,I=0 ,malawin.ftpaccess.cc.nyud.net,I=14221 )
(1,3): (21-03-13 20:56:30 ,I=0 ,userscripts.org.nyud.net,I=10315 )
(1,3): (21-03-13 20:56:30 ,I=0 ,calu-atrack.appspot.com.nyud.net,I=7396 )
(1,3): (21-03-13 20:56:30 ,I=0 ,www.mega-porno-hd.ru.nyud.net,I=2353 )
(1,3): (21-03-13 20:56:30 ,I=0 ,www.navixtreme.com.nyud.net,I=3753 )
(1,3): (21-03-13 20:56:30 ,I=0 ,www.fevernet.com.nyud.net,I=7889 )
(1,3): (21-03-13 20:56:30 ,I=0 ,94.228.192.98.nyud.net,I=4058 )
I0322 12:21:24.225900 14932 tuple_batch.cc:111] Finished flush in 18446744073709551604 of 1 elements with 1 flushes. Rate = 5.42101e-20 tuples/ms
I0322 12:21:24.281203 14912 dataplane_comm.cc:89]  got an end-of-window marker, acking it; ts was 1363969284210 and window size was 1000
I0322 12:21:25.030081 14915 experiment_operators.cc:501] RootReport@ 1363969285 Avg window: 1000 - 379602 bytes/sec 4164 tuples/sec
I0322 12:21:25.030119 14915 experiment_operators.cc:503] Statistics: bytes_in=18155631  bytes_out=47100 Lifetime total count=21341870
I0322 12:21:25.226246 14914 dataplane_comm.cc:89]  got an end-of-window marker, acking it; ts was 1363969285160 and window size was 1000
I0322 12:21:25.479511 14910 dataplane_comm.cc:89]  got an end-of-window marker, acking it; ts was 1363969285329 and window size was 1000
I0322 12:21:26.446419 14913 dataplane_comm.cc:89]  got an end-of-window marker, acking it; ts was 1363969286299 and window size was 1000
I0322 12:21:27.030331 14913 experiment_operators.cc:501] RootReport@ 1363969287 Avg window: 1000 - 375070 bytes/sec 4109.5 tuples/sec
I0322 12:21:27.030367 14913 experiment_operators.cc:503] Statistics: bytes_in=18905771  bytes_out=48900 Lifetime total count=22433735
I0322 12:21:27.364620 14910 dataplane_comm.cc:89]  got an end-of-window marker, acking it; ts was 1363969287337 and window size was 1000
I0322 12:21:28.299193 14915 dataplane_comm.cc:89]  got an end-of-window marker, acking it; ts was 1363969288223 and window size was 1000
(1,3): (21-03-13 20:56:30 ,I=0 ,ipv4.tracker.harry.lu.nyud.net,I=369756 )
(1,3): (21-03-13 20:57:00 ,I=0 ,ipv4.tracker.harry.lu.nyud.net,I=1318762 )
(1,3): (21-03-13 20:56:30 ,I=0 ,bbs.soul-plus.net.nyud.net,I=6917 )
(1,3): (21-03-13 20:57:00 ,I=0 ,bbs.soul-plus.net.nyud.net,I=31544 )
(1,3): (21-03-13 20:56:30 ,I=0 ,malawin.ftpaccess.cc.nyud.net,I=3087 )
(1,3): (21-03-13 20:57:00 ,I=0 ,userscripts.org.nyud.net,I=8117 )
(1,3): (21-03-13 20:56:30 ,I=0 ,userscripts.org.nyud.net,I=2170 )
(1,3): (21-03-13 20:57:00 ,I=0 ,(null),I=8767 )
(1,3): (21-03-13 20:57:00 ,I=0 ,malawin.ftpaccess.cc.nyud.net,I=9345 )
(1,3): (21-03-13 20:56:30 ,I=0 ,www.fevernet.com.nyud.net,I=1438 )
I0322 12:21:29.030607 14915 experiment_operators.cc:501] RootReport@ 1363969289 Avg window: 1000 - 396525 bytes/sec 4330 tuples/sec
I0322 12:21:29.030648 14915 experiment_operators.cc:503] Statistics: bytes_in=19698821  bytes_out=50700 Lifetime total count=23536065
I0322 12:21:29.233712 14911 dataplane_comm.cc:89]  got an end-of-window marker, acking it; ts was 1363969289164 and window size was 1000
I0322 12:21:29.495360 14914 dataplane_comm.cc:89]  got an end-of-window marker, acking it; ts was 1363969289387 and window size was 1000
I0322 12:21:30.459476 14914 dataplane_comm.cc:89]  got an end-of-window marker, acking it; ts was 1363969290312 and window size was 1000
I0322 12:21:31.030822 14909 experiment_operators.cc:501] RootReport@ 1363969291 Avg window: 1000 - 400399 bytes/sec 4377.5 tuples/sec
I0322 12:21:31.030861 14909 experiment_operators.cc:503] Statistics: bytes_in=20499619  bytes_out=52500 Lifetime total count=24649034
I0322 12:21:31.379576 14912 dataplane_comm.cc:89]  got an end-of-window marker, acking it; ts was 1363969291354 and window size was 1000
I0322 12:21:32.310863 14914 dataplane_comm.cc:89]  got an end-of-window marker, acking it; ts was 1363969292236 and window size was 1000
I0322 12:21:33.031046 14909 experiment_operators.cc:501] RootReport@ 1363969293 Avg window: 1000 - 398898 bytes/sec 4355.5 tuples/sec
I0322 12:21:33.031083 14909 experiment_operators.cc:503] Statistics: bytes_in=21297416  bytes_out=54300 Lifetime total count=25746790
I0322 12:21:33.242082 14908 dataplane_comm.cc:89]  got an end-of-window marker, acking it; ts was 1363969293169 and window size was 1000
I0322 12:21:33.510185 14911 dataplane_comm.cc:89]  got an end-of-window marker, acking it; ts was 1363969293404 and window size was 1000
(1,3): (21-03-13 20:57:00 ,I=0 ,ipv4.tracker.harry.lu.nyud.net,I=1723041 )
(1,3): (21-03-13 20:57:00 ,I=0 ,news.google.com.nyud.net:8090,I=22722 )
(1,3): (21-03-13 20:57:00 ,I=0 ,malawin.ftpaccess.cc.nyud.net,I=9279 )
(1,3): (21-03-13 20:57:00 ,I=0 ,userscripts.org.nyud.net,I=9387 )
(1,3): (21-03-13 20:57:00 ,I=0 ,calu-atrack.appspot.com.nyud.net,I=6538 )
(1,3): (21-03-13 20:57:00 ,I=0 ,malawis.ftpaccess.cc.nyud.net,I=2986 )
(1,3): (21-03-13 20:57:00 ,I=0 ,www.fevernet.com.nyud.net,I=7697 )
(1,3): (21-03-13 20:57:00 ,I=0 ,www.mega-porno-hd.ru.nyud.net,I=863 )
(1,3): (21-03-13 20:57:00 ,I=0 ,94.228.192.98.nyud.net,I=4190 )
(1,3): (21-03-13 20:57:00 ,I=0 ,ck3r.org.nyud.net,I=3408 )
I0322 12:21:34.466102 14908 dataplane_comm.cc:89]  got an end-of-window marker, acking it; ts was 1363969294312 and window size was 1000
I0322 12:21:35.031286 14914 experiment_operators.cc:501] RootReport@ 1363969295 Avg window: 1000 - 417430 bytes/sec 4558.5 tuples/sec
I0322 12:21:35.031323 14914 experiment_operators.cc:503] Statistics: bytes_in=22132275  bytes_out=56100 Lifetime total count=26782284
I0322 12:21:35.391620 14912 dataplane_comm.cc:89]  got an end-of-window marker, acking it; ts was 1363969295244 and window size was 1000
I0322 12:21:35.455822 14936 tuple_batch.cc:111] Finished flush in 18446744073709551605 of 3 elements with 1 flushes. Rate = 1.6263e-19 tuples/ms
I0322 12:21:36.320732 14914 dataplane_comm.cc:89]  got an end-of-window marker, acking it; ts was 1363969296248 and window size was 1000
I0322 12:21:37.031525 14915 experiment_operators.cc:501] RootReport@ 1363969297 Avg window: 1000 - 411616 bytes/sec 4508 tuples/sec
I0322 12:21:37.031563 14915 experiment_operators.cc:503] Statistics: bytes_in=22955507  bytes_out=57900 Lifetime total count=27794973
I0322 12:21:37.258273 14910 dataplane_comm.cc:89]  got an end-of-window marker, acking it; ts was 1363969297177 and window size was 1000
I0322 12:21:37.529146 14914 dataplane_comm.cc:89]  got an end-of-window marker, acking it; ts was 1363969297377 and window size was 1000
I0322 12:21:38.474881 14912 dataplane_comm.cc:89]  got an end-of-window marker, acking it; ts was 1363969298212 and window size was 1000
(1,3): (21-03-13 20:57:00 ,I=0 ,ipv4.tracker.harry.lu.nyud.net,I=1810444 )
(1,3): (21-03-13 20:57:00 ,I=0 ,bbs.soul-plus.net.nyud.net,I=60147 )
(1,3): (21-03-13 20:57:00 ,I=0 ,(null),I=12348 )
(1,3): (21-03-13 20:57:00 ,I=0 ,www.navixtreme.com.nyud.net,I=8767 )
(1,3): (21-03-13 20:57:00 ,I=0 ,userscripts.org.nyud.net,I=9714 )
(1,3): (21-03-13 20:57:00 ,I=0 ,malawin.ftpaccess.cc.nyud.net,I=10704 )
(1,3): (21-03-13 20:57:00 ,I=0 ,news.google.com.nyud.net:8090,I=20162 )
(1,3): (21-03-13 20:57:00 ,I=0 ,calu-atrack.appspot.com.nyud.net,I=6694 )
(1,3): (21-03-13 20:57:00 ,I=0 ,www.fevernet.com.nyud.net,I=7647 )
(1,3): (21-03-13 20:57:00 ,I=0 ,mega-porno-hd.ru.nyud.net,I=1009 )
I0322 12:21:39.031772 14912 experiment_operators.cc:501] RootReport@ 1363969299 Avg window: 1000 - 405462 bytes/sec 4430.5 tuples/sec
I0322 12:21:39.031812 14912 experiment_operators.cc:503] Statistics: bytes_in=23766430  bytes_out=59700 Lifetime total count=28819094
I0322 12:21:39.403633 14909 dataplane_comm.cc:89]  got an end-of-window marker, acking it; ts was 1363969299333 and window size was 1000
I0322 12:21:40.332937 14915 dataplane_comm.cc:89]  got an end-of-window marker, acking it; ts was 1363969300261 and window size was 1000
I0322 12:21:41.032023 14909 experiment_operators.cc:501] RootReport@ 1363969301 Avg window: 1000 - 424070 bytes/sec 4628.5 tuples/sec
I0322 12:21:41.032068 14909 experiment_operators.cc:503] Statistics: bytes_in=24614569  bytes_out=61500 Lifetime total count=29828622
I0322 12:21:41.252550 14910 dataplane_comm.cc:89]  got an end-of-window marker, acking it; ts was 1363969301184 and window size was 1000
I0322 12:21:41.540354 14914 dataplane_comm.cc:89]  got an end-of-window marker, acking it; ts was 1363969301434 and window size was 1000
I0322 12:21:42.481369 14908 dataplane_comm.cc:89]  got an end-of-window marker, acking it; ts was 1363969302391 and window size was 1000
I0322 12:21:43.032280 14912 experiment_operators.cc:501] RootReport@ 1363969303 Avg window: 1000 - 433088 bytes/sec 4727.5 tuples/sec
I0322 12:21:43.032317 14912 experiment_operators.cc:503] Statistics: bytes_in=25480744  bytes_out=63300 Lifetime total count=30794900
I0322 12:21:43.309506 14911 congestion_monitors.cc:53] (logged every 211) Queue for cube global_coral_urls process: 591 inserts (max is inf); 591 removes. Queue length 0/10000. Space Ratio is 17.9205, downstream is 59.5198 and final result is 17.9205
I0322 12:21:43.355741 14934 tuple_batch.cc:111] Finished flush in 18446744073709551604 of 4 elements with 1 flushes. Rate = 2.1684e-19 tuples/ms
I0322 12:21:43.408027 14911 dataplane_comm.cc:89]  got an end-of-window marker, acking it; ts was 1363969303259 and window size was 1000
I0322 12:21:43.476845 14930 tuple_batch.cc:111] Finished flush in 18446744073709551605 of 10 elements with 1 flushes. Rate = 5.42101e-19 tuples/ms
(1,3): (21-03-13 20:57:00 ,I=0 ,ipv4.tracker.harry.lu.nyud.net,I=1845042 )
(1,3): (21-03-13 20:57:00 ,I=0 ,bbs.soul-plus.net.nyud.net,I=64675 )
(1,3): (21-03-13 20:57:00 ,I=0 ,www.fevernet.com.nyud.net,I=9561 )
(1,3): (21-03-13 20:57:00 ,I=0 ,(null),I=12691 )
(1,3): (21-03-13 20:57:00 ,I=0 ,userscripts.org.nyud.net,I=8949 )
(1,3): (21-03-13 20:57:00 ,I=0 ,malawin.ftpaccess.cc.nyud.net,I=8086 )
(1,3): (21-03-13 20:57:00 ,I=0 ,calu-atrack.appspot.com.nyud.net,I=7039 )
(1,3): (21-03-13 20:57:00 ,I=0 ,malawis.ftpaccess.cc.nyud.net,I=1721 )
(1,3): (21-03-13 20:57:00 ,I=0 ,news.google.com.nyud.net:8090,I=17316 )
(1,3): (21-03-13 20:57:00 ,I=0 ,94.228.192.98.nyud.net,I=4316 )
I0322 12:21:44.345485 14914 dataplane_comm.cc:89]  got an end-of-window marker, acking it; ts was 1363969304273 and window size was 1000
I0322 12:21:45.032485 14908 experiment_operators.cc:501] RootReport@ 1363969305 Avg window: 1000 - 443730 bytes/sec 4832 tuples/sec
I0322 12:21:45.032521 14908 experiment_operators.cc:503] Statistics: bytes_in=26368203  bytes_out=65100 Lifetime total count=31805480
I0322 12:21:45.266945 14910 dataplane_comm.cc:89]  got an end-of-window marker, acking it; ts was 1363969305192 and window size was 1000
I0322 12:21:45.557194 14911 dataplane_comm.cc:89]  got an end-of-window marker, acking it; ts was 1363969305451 and window size was 1000
I0322 12:21:45.767227 14908 liveness_manager.cc:108] Successfully scheduled message on 128.112.7.139:40964-128.112.7.136:3456
I0322 12:21:46.514458 14915 dataplane_comm.cc:89]  got an end-of-window marker, acking it; ts was 1363969306228 and window size was 1000
I0322 12:21:47.032691 14914 experiment_operators.cc:501] RootReport@ 1363969307 Avg window: 1000 - 453399 bytes/sec 4936.5 tuples/sec
