I0322 12:39:07.201695 15032 node.cc:31] creating node
I0322 12:39:07.201802 15032 node.cc:40] possible controller: 128.112.7.136:3456
I0322 12:39:07.202493 15032 node.cc:69] *********** 
					Node ID is 128.112.7.139:44362
 					     *********** 
I0322 12:39:07.202626 15032 node.cc:98] starting thread pool with 8 threads
I0322 12:39:07.204493 15032 node_web_interface.cc:32] Web server on port 128.112.7.139:8080 of 
I0322 12:39:07.206506 15035 node.cc:188] Connected to controller: 128.112.7.136:3456
I0322 12:39:07.206568 15035 liveness_manager.cc:37] Starting notifications; four-tuple is 128.112.7.139:52607-128.112.7.136:3456
I0322 12:39:07.206758 15035 liveness_manager.cc:108] Successfully scheduled message on 128.112.7.139:52607-128.112.7.136:3456
I0322 12:39:18.926642 15040 node.cc:406] Request to create 1 cubes and 6 operators.
I0322 12:39:18.926784 15040 node.cc:426] configured operator (2,3) of type EchoOperator ok
I0322 12:39:18.927041 15040 node.cc:426] configured operator (2,4) of type LatencyMeasureSubscriber ok
I0322 12:39:18.927078 15040 experiment_operators.cc:208] clear_file is 0
I0322 12:39:18.927165 15040 node.cc:426] configured operator (2,5) of type EchoOperator ok
I0322 12:39:18.927227 15040 node.cc:426] configured operator (2,6) of type AvgCongestLogger ok
I0322 12:39:18.927273 15040 node.cc:426] configured operator (2,207) of type TimestampOperator ok
I0322 12:39:18.927500 15040 base_subscribers.cc:206] configuring a TimeSubscriber simulation
I0322 12:39:18.927528 15040 node.cc:426] configured operator (2,2) of type TimeBasedSubscriber ok
I0322 12:39:18.927904 15040 cube.cc:99] Starting cube with 4 threads 
I0322 12:39:18.928480 15040 cube.cc:19] creating cube test_cube.global_coral_urls and deleting prior contents
I0322 12:39:19.026990 15034 node.cc:267] Incoming dataplane connection from 130.207.98.21:48765
I0322 12:39:19.027195 15034 node.cc:267] Incoming dataplane connection from 130.207.98.26:42969
I0322 12:39:19.034464 15035 node.cc:267] Incoming dataplane connection from 130.207.98.47:49449
I0322 12:39:19.035079 15039 node.cc:267] Incoming dataplane connection from 130.207.98.33:38845
I0322 12:39:19.037423 15035 node.cc:267] Incoming dataplane connection from 130.207.98.39:49712
I0322 12:39:19.041894 15039 node.cc:267] Incoming dataplane connection from 130.207.98.41:41995
I0322 12:39:19.045023 15035 node.cc:267] Incoming dataplane connection from 130.207.98.42:33170
I0322 12:39:19.111563 15040 node.cc:458] Created cube global_coral_urls
I0322 12:39:19.111664 15040 node.cc:532] Edge from (2,6) to (2,207)
I0322 12:39:19.111729 15040 cube.cc:242] Adding subscriber (2,4) to global_coral_urls
I0322 12:39:19.111753 15040 node.cc:532] Edge from (2,2) to (2,3)
I0322 12:39:19.111788 15040 cube.cc:242] Adding subscriber (2,2) to global_coral_urls
I0322 12:39:19.111806 15040 node.cc:532] Edge from (2,4) to (2,5)
I0322 12:39:19.111829 15040 node.cc:518] edge from (2,207) to global_coral_urls
I0322 12:39:19.111915 15040 node.cc:386] added default congestion policy for (2,3). Monitor is defined
I0322 12:39:19.111953 15040 node.cc:386] added default congestion policy for (2,4). Monitor is defined
I0322 12:39:19.111974 15040 node.cc:386] added default congestion policy for (2,5). Monitor is defined
I0322 12:39:19.111999 15040 node.cc:386] added default congestion policy for (2,6). Monitor is defined
I0322 12:39:19.112017 15040 node.cc:386] added default congestion policy for (2,207). Monitor is defined
I0322 12:39:19.112045 15040 node.cc:386] added default congestion policy for (2,2). Monitor is defined
I0322 12:39:19.112287 15038 node.cc:315] Chain-connect request for (2,6) from 130.207.98.26:42969
I0322 12:39:19.112299 15037 node.cc:315] Chain-connect request for (2,6) from 130.207.98.21:48765
I0322 12:39:19.112342 15065 base_subscribers.cc:306] (2,2) is attached to global_coral_urls
I0322 12:39:19.112326 15034 node.cc:315] Chain-connect request for (2,6) from 130.207.98.47:49449
I0322 12:39:19.112407 15041 node.cc:315] Chain-connect request for (2,6) from 130.207.98.33:38845
I0322 12:39:19.112496 15039 node.cc:315] Chain-connect request for (2,6) from 130.207.98.41:41995
I0322 12:39:19.112520 15035 node.cc:315] Chain-connect request for (2,6) from 130.207.98.42:33170
I0322 12:39:19.112421 15036 node.cc:315] Chain-connect request for (2,6) from 130.207.98.39:49712
I0322 12:39:19.112560 15034 dataplane_comm.cc:206] Created dataplane connection into (2,6)
I0322 12:39:19.112587 15039 dataplane_comm.cc:206] Created dataplane connection into (2,6)
I0322 12:39:19.112624 15037 dataplane_comm.cc:206] Created dataplane connection into (2,6)
I0322 12:39:19.112648 15035 dataplane_comm.cc:206] Created dataplane connection into (2,6)
I0322 12:39:19.112723 15041 dataplane_comm.cc:206] Created dataplane connection into (2,6)
I0322 12:39:19.112794 15036 dataplane_comm.cc:206] Created dataplane connection into (2,6)
I0322 12:39:19.112867 15038 dataplane_comm.cc:206] Created dataplane connection into (2,6)
I0322 12:39:19.113065 15040 node.cc:267] Incoming dataplane connection from 130.207.98.31:38396
I0322 12:39:19.113211 15040 node.cc:267] Incoming dataplane connection from 130.207.98.23:36816
I0322 12:39:19.113232 15038 node.cc:315] Chain-connect request for (2,6) from 130.207.98.31:38396
I0322 12:39:19.113301 15038 dataplane_comm.cc:206] Created dataplane connection into (2,6)
I0322 12:39:19.113351 15040 node.cc:267] Incoming dataplane connection from 130.207.98.46:47626
I0322 12:39:19.113376 15039 node.cc:315] Chain-connect request for (2,6) from 130.207.98.23:36816
I0322 12:39:19.113442 15039 dataplane_comm.cc:206] Created dataplane connection into (2,6)
I0322 12:39:19.113492 15034 node.cc:267] Incoming dataplane connection from 130.207.98.55:52519
I0322 12:39:19.113487 15040 node.cc:315] Chain-connect request for (2,6) from 130.207.98.46:47626
I0322 12:39:19.113570 15040 dataplane_comm.cc:206] Created dataplane connection into (2,6)
I0322 12:39:19.113646 15039 node.cc:315] Chain-connect request for (2,6) from 130.207.98.55:52519
I0322 12:39:19.113708 15039 dataplane_comm.cc:206] Created dataplane connection into (2,6)
I0322 12:39:19.113708 15040 node.cc:267] Incoming dataplane connection from 130.207.98.38:56990
I0322 12:39:19.113829 15038 node.cc:267] Incoming dataplane connection from 130.207.98.27:40913
I0322 12:39:19.113826 15040 node.cc:315] Chain-connect request for (2,6) from 130.207.98.38:56990
I0322 12:39:19.113891 15040 dataplane_comm.cc:206] Created dataplane connection into (2,6)
I0322 12:39:19.113984 15038 node.cc:315] Chain-connect request for (2,6) from 130.207.98.27:40913
I0322 12:39:19.114001 15041 node.cc:267] Incoming dataplane connection from 130.207.98.44:56513
I0322 12:39:19.114042 15038 dataplane_comm.cc:206] Created dataplane connection into (2,6)
I0322 12:39:19.114114 15041 node.cc:267] Incoming dataplane connection from 130.207.98.28:58596
I0322 12:39:19.114120 15038 node.cc:315] Chain-connect request for (2,6) from 130.207.98.44:56513
I0322 12:39:19.114181 15038 dataplane_comm.cc:206] Created dataplane connection into (2,6)
I0322 12:39:19.114212 15041 node.cc:267] Incoming dataplane connection from 130.207.98.37:38074
I0322 12:39:19.114244 15040 node.cc:315] Chain-connect request for (2,6) from 130.207.98.28:58596
I0322 12:39:19.114326 15040 dataplane_comm.cc:206] Created dataplane connection into (2,6)
I0322 12:39:19.114342 15038 node.cc:267] Incoming dataplane connection from 130.207.98.49:55917
I0322 12:39:19.114368 15039 node.cc:315] Chain-connect request for (2,6) from 130.207.98.37:38074
I0322 12:39:19.114446 15039 dataplane_comm.cc:206] Created dataplane connection into (2,6)
I0322 12:39:19.114441 15038 node.cc:267] Incoming dataplane connection from 130.207.98.25:34848
I0322 12:39:19.114477 15037 node.cc:315] Chain-connect request for (2,6) from 130.207.98.49:55917
I0322 12:39:19.114557 15037 dataplane_comm.cc:206] Created dataplane connection into (2,6)
I0322 12:39:19.114591 15034 node.cc:267] Incoming dataplane connection from 130.207.98.29:38701
I0322 12:39:19.114735 15038 node.cc:315] Chain-connect request for (2,6) from 130.207.98.25:34848
I0322 12:39:19.114742 15036 node.cc:315] Chain-connect request for (2,6) from 130.207.98.29:38701
I0322 12:39:19.114744 15040 node.cc:267] Incoming dataplane connection from 130.207.98.58:41325
I0322 12:39:19.114810 15038 dataplane_comm.cc:206] Created dataplane connection into (2,6)
I0322 12:39:19.114830 15036 dataplane_comm.cc:206] Created dataplane connection into (2,6)
I0322 12:39:19.114897 15036 node.cc:315] Chain-connect request for (2,6) from 130.207.98.58:41325
I0322 12:39:19.114913 15038 node.cc:267] Incoming dataplane connection from 130.207.98.40:51954
I0322 12:39:19.114974 15036 dataplane_comm.cc:206] Created dataplane connection into (2,6)
I0322 12:39:19.115046 15034 node.cc:315] Chain-connect request for (2,6) from 130.207.98.40:51954
I0322 12:39:19.115057 15038 node.cc:267] Incoming dataplane connection from 141.39.220.43:54656
I0322 12:39:19.115111 15034 dataplane_comm.cc:206] Created dataplane connection into (2,6)
I0322 12:39:19.115188 15039 node.cc:267] Incoming dataplane connection from 141.39.220.36:42707
I0322 12:39:19.115206 15038 node.cc:315] Chain-connect request for (2,6) from 141.39.220.43:54656
I0322 12:39:19.115272 15038 dataplane_comm.cc:206] Created dataplane connection into (2,6)
I0322 12:39:19.115309 15034 node.cc:267] Incoming dataplane connection from 141.39.220.57:35747
I0322 12:39:19.115324 15036 node.cc:315] Chain-connect request for (2,6) from 141.39.220.36:42707
I0322 12:39:19.115386 15036 dataplane_comm.cc:206] Created dataplane connection into (2,6)
I0322 12:39:19.115450 15039 node.cc:315] Chain-connect request for (2,6) from 141.39.220.57:35747
I0322 12:39:19.115504 15039 dataplane_comm.cc:206] Created dataplane connection into (2,6)
I0322 12:39:19.115927 15035 node.cc:267] Incoming dataplane connection from 141.39.220.15:45195
I0322 12:39:19.119557 15039 node.cc:267] Incoming dataplane connection from 141.39.220.41:56136
I0322 12:39:19.120944 15039 node.cc:315] Chain-connect request for (2,6) from 141.39.220.15:45195
I0322 12:39:19.121014 15039 dataplane_comm.cc:206] Created dataplane connection into (2,6)
I0322 12:39:19.122027 15034 node.cc:315] Chain-connect request for (2,6) from 141.39.220.41:56136
I0322 12:39:19.122109 15034 dataplane_comm.cc:206] Created dataplane connection into (2,6)
I0322 12:39:19.126629 15035 node.cc:267] Incoming dataplane connection from 141.39.220.24:45914
I0322 12:39:19.128932 15038 node.cc:315] Chain-connect request for (2,6) from 141.39.220.24:45914
I0322 12:39:19.128999 15038 dataplane_comm.cc:206] Created dataplane connection into (2,6)
I0322 12:39:19.132283 15034 node.cc:267] Incoming dataplane connection from 141.39.220.27:60443
I0322 12:39:19.132416 15036 node.cc:267] Incoming dataplane connection from 141.39.220.11:39491
I0322 12:39:19.134865 15038 node.cc:315] Chain-connect request for (2,6) from 141.39.220.11:39491
I0322 12:39:19.134943 15038 dataplane_comm.cc:206] Created dataplane connection into (2,6)
I0322 12:39:19.135082 15036 node.cc:267] Incoming dataplane connection from 130.207.98.52:51310
I0322 12:39:19.136545 15038 node.cc:267] Incoming dataplane connection from 130.207.98.50:58269
I0322 12:39:19.137167 15039 node.cc:267] Incoming dataplane connection from 141.39.220.48:51900
I0322 12:39:19.137367 15034 node.cc:315] Chain-connect request for (2,6) from 130.207.98.52:51310
I0322 12:39:19.137431 15034 dataplane_comm.cc:206] Created dataplane connection into (2,6)
I0322 12:39:19.137615 15038 node.cc:315] Chain-connect request for (2,6) from 141.39.220.27:60443
I0322 12:39:19.137689 15038 dataplane_comm.cc:206] Created dataplane connection into (2,6)
I0322 12:39:19.138289 15035 node.cc:315] Chain-connect request for (2,6) from 141.39.220.48:51900
I0322 12:39:19.138381 15035 dataplane_comm.cc:206] Created dataplane connection into (2,6)
I0322 12:39:19.139566 15034 node.cc:267] Incoming dataplane connection from 141.39.220.12:49561
I0322 12:39:19.140354 15039 node.cc:267] Incoming dataplane connection from 141.39.220.31:45228
I0322 12:39:19.141158 15036 node.cc:315] Chain-connect request for (2,6) from 141.39.220.31:45228
I0322 12:39:19.141248 15036 dataplane_comm.cc:206] Created dataplane connection into (2,6)
I0322 12:39:19.141417 15035 node.cc:315] Chain-connect request for (2,6) from 130.207.98.50:58269
I0322 12:39:19.141501 15035 dataplane_comm.cc:206] Created dataplane connection into (2,6)
I0322 12:39:19.141964 15039 node.cc:315] Chain-connect request for (2,6) from 141.39.220.12:49561
I0322 12:39:19.142032 15039 dataplane_comm.cc:206] Created dataplane connection into (2,6)
I0322 12:39:19.148390 15034 node.cc:267] Incoming dataplane connection from 141.39.220.32:37657
I0322 12:39:19.151281 15038 node.cc:315] Chain-connect request for (2,6) from 141.39.220.32:37657
I0322 12:39:19.151350 15039 node.cc:267] Incoming dataplane connection from 141.39.220.17:43145
I0322 12:39:19.151396 15038 dataplane_comm.cc:206] Created dataplane connection into (2,6)
I0322 12:39:19.153220 15036 node.cc:267] Incoming dataplane connection from 130.207.98.19:60449
I0322 12:39:19.153342 15036 node.cc:267] Incoming dataplane connection from 130.207.98.56:46788
I0322 12:39:19.153470 15041 node.cc:267] Incoming dataplane connection from 141.39.220.34:59654
I0322 12:39:19.153480 15035 node.cc:315] Chain-connect request for (2,6) from 141.39.220.17:43145
I0322 12:39:19.153573 15035 dataplane_comm.cc:206] Created dataplane connection into (2,6)
I0322 12:39:19.154244 15039 node.cc:315] Chain-connect request for (2,6) from 130.207.98.19:60449
I0322 12:39:19.154314 15039 dataplane_comm.cc:206] Created dataplane connection into (2,6)
I0322 12:39:19.155892 15035 node.cc:267] Incoming dataplane connection from 141.39.220.46:35940
I0322 12:39:19.155936 15034 node.cc:315] Chain-connect request for (2,6) from 130.207.98.56:46788
I0322 12:39:19.156021 15034 dataplane_comm.cc:206] Created dataplane connection into (2,6)
I0322 12:39:19.156069 15037 node.cc:315] Chain-connect request for (2,6) from 141.39.220.34:59654
I0322 12:39:19.156144 15037 dataplane_comm.cc:206] Created dataplane connection into (2,6)
I0322 12:39:19.158134 15041 node.cc:315] Chain-connect request for (2,6) from 141.39.220.46:35940
I0322 12:39:19.158202 15041 dataplane_comm.cc:206] Created dataplane connection into (2,6)
I0322 12:39:19.160864 15034 node.cc:267] Incoming dataplane connection from 141.39.220.29:33345
I0322 12:39:19.169307 15037 node.cc:267] Incoming dataplane connection from 141.39.220.21:36680
I0322 12:39:19.169483 15034 node.cc:315] Chain-connect request for (2,6) from 141.39.220.21:36680
I0322 12:39:19.169558 15034 dataplane_comm.cc:206] Created dataplane connection into (2,6)
I0322 12:39:19.171694 15039 node.cc:267] Incoming dataplane connection from 141.39.220.38:35703
I0322 12:39:19.171828 15035 node.cc:267] Incoming dataplane connection from 141.39.220.22:44289
I0322 12:39:19.172690 15041 node.cc:267] Incoming dataplane connection from 141.39.220.49:60639
I0322 12:39:19.172868 15034 node.cc:315] Chain-connect request for (2,6) from 141.39.220.49:60639
I0322 12:39:19.172953 15034 dataplane_comm.cc:206] Created dataplane connection into (2,6)
I0322 12:39:19.173773 15041 node.cc:267] Incoming dataplane connection from 141.39.220.30:59196
I0322 12:39:19.174237 15035 node.cc:315] Chain-connect request for (2,6) from 141.39.220.38:35703
I0322 12:39:19.174336 15035 dataplane_comm.cc:206] Created dataplane connection into (2,6)
I0322 12:39:19.174620 15036 node.cc:315] Chain-connect request for (2,6) from 141.39.220.30:59196
I0322 12:39:19.174713 15036 dataplane_comm.cc:206] Created dataplane connection into (2,6)
I0322 12:39:19.174887 15040 node.cc:315] Chain-connect request for (2,6) from 141.39.220.22:44289
I0322 12:39:19.174952 15040 dataplane_comm.cc:206] Created dataplane connection into (2,6)
I0322 12:39:19.176461 15036 node.cc:267] Incoming dataplane connection from 141.39.220.19:54875
I0322 12:39:19.177631 15036 node.cc:315] Chain-connect request for (2,6) from 141.39.220.19:54875
I0322 12:39:19.177726 15036 dataplane_comm.cc:206] Created dataplane connection into (2,6)
I0322 12:39:19.178879 15036 node.cc:315] Chain-connect request for (2,6) from 141.39.220.29:33345
I0322 12:39:19.178946 15036 dataplane_comm.cc:206] Created dataplane connection into (2,6)
I0322 12:39:19.179900 15038 node.cc:267] Incoming dataplane connection from 141.39.220.54:41001
I0322 12:39:19.182243 15041 node.cc:315] Chain-connect request for (2,6) from 141.39.220.54:41001
I0322 12:39:19.182314 15041 dataplane_comm.cc:206] Created dataplane connection into (2,6)
I0322 12:39:19.189785 15034 node.cc:267] Incoming dataplane connection from 141.39.220.25:48236
I0322 12:39:19.191056 15040 node.cc:315] Chain-connect request for (2,6) from 141.39.220.25:48236
I0322 12:39:19.191144 15040 dataplane_comm.cc:206] Created dataplane connection into (2,6)
I0322 12:39:19.212322 15040 dataplane_comm.cc:89]  got an end-of-window marker, acking it; ts was 0 and window size was 1000
I0322 12:39:19.231066 15040 node.cc:267] Incoming dataplane connection from 141.39.220.20:49336
I0322 12:39:19.232689 15036 node.cc:315] Chain-connect request for (2,6) from 141.39.220.20:49336
I0322 12:39:19.232784 15036 dataplane_comm.cc:206] Created dataplane connection into (2,6)
I0322 12:39:19.388293 15041 dataplane_comm.cc:89]  got an end-of-window marker, acking it; ts was 0 and window size was 1000
I0322 12:39:20.235018 15039 dataplane_comm.cc:89]  got an end-of-window marker, acking it; ts was 0 and window size was 1000
I0322 12:39:21.112349 15034 experiment_operators.cc:501] RootReport@ 1363970361 Avg window: 1000 - 1710 bytes/sec 0 tuples/sec
I0322 12:39:21.112414 15034 experiment_operators.cc:503] Statistics: bytes_in=3420  bytes_out=2100 Lifetime total count=0
I0322 12:39:21.255090 15035 dataplane_comm.cc:89]  got an end-of-window marker, acking it; ts was 0 and window size was 1000
I0322 12:39:21.272027 15039 congestion_monitors.cc:53] (logged every 211) Queue for cube global_coral_urls flush: 30 inserts (max is inf); 30 removes. Queue length 0/34000. Space Ratio is 1134.33, downstream is inf and final result is 1134.33
I0322 12:39:22.234853 15040 dataplane_comm.cc:89]  got an end-of-window marker, acking it; ts was 1363970362126 and window size was 1000
I0322 12:39:23.112648 15035 experiment_operators.cc:501] RootReport@ 1363970363 Avg window: 1000 - 190057 bytes/sec 2105.5 tuples/sec
I0322 12:39:23.112687 15035 experiment_operators.cc:503] Statistics: bytes_in=383534  bytes_out=3900 Lifetime total count=402435
I0322 12:39:23.219671 15038 dataplane_comm.cc:89]  got an end-of-window marker, acking it; ts was 1363970363145 and window size was 1000
I0322 12:39:23.419881 15039 dataplane_comm.cc:89]  got an end-of-window marker, acking it; ts was 1363970363156 and window size was 1000
I0322 12:39:24.455016 15034 dataplane_comm.cc:89]  got an end-of-window marker, acking it; ts was 1363970364345 and window size was 1000
I0322 12:39:25.112876 15035 experiment_operators.cc:501] RootReport@ 1363970365 Avg window: 1000 - 291858 bytes/sec 3236 tuples/sec
I0322 12:39:25.112911 15035 experiment_operators.cc:503] Statistics: bytes_in=967251  bytes_out=5358 Lifetime total count=1001335
I0322 12:39:26.235931 15038 dataplane_comm.cc:89]  got an end-of-window marker, acking it; ts was 1363970366220 and window size was 1000
I0322 12:39:27.113116 15035 experiment_operators.cc:501] RootReport@ 1363970367 Avg window: 1000 - 230010 bytes/sec 2544.5 tuples/sec
I0322 12:39:27.113149 15035 experiment_operators.cc:503] Statistics: bytes_in=1427271  bytes_out=6618 Lifetime total count=1490747
I0322 12:39:27.241165 15040 dataplane_comm.cc:89]  got an end-of-window marker, acking it; ts was 1363970367151 and window size was 1000
I0322 12:39:28.246840 15039 dataplane_comm.cc:89]  got an end-of-window marker, acking it; ts was 1363970368150 and window size was 1000
I0322 12:39:29.113387 15035 experiment_operators.cc:501] RootReport@ 1363970369 Avg window: 2040 - 229046 bytes/sec 2527.5 tuples/sec
I0322 12:39:29.113425 15035 experiment_operators.cc:503] Statistics: bytes_in=1885362  bytes_out=8040 Lifetime total count=1985955
I0322 12:39:29.251417 15035 dataplane_comm.cc:89]  got an end-of-window marker, acking it; ts was 1363970369162 and window size was 1000
I0322 12:39:30.328536 15037 dataplane_comm.cc:89]  got an end-of-window marker, acking it; ts was 1363970370155 and window size was 1000
I0322 12:39:31.113626 15037 experiment_operators.cc:501] RootReport@ 1363970371 Avg window: 2280 - 210066 bytes/sec 2319 tuples/sec
I0322 12:39:31.113664 15037 experiment_operators.cc:503] Statistics: bytes_in=2305495  bytes_out=9246 Lifetime total count=2453738
I0322 12:39:31.374968 15039 dataplane_comm.cc:89]  got an end-of-window marker, acking it; ts was 1363970371282 and window size was 1000
I0322 12:39:32.434944 15034 dataplane_comm.cc:89]  got an end-of-window marker, acking it; ts was 1363970372339 and window size was 1000
I0322 12:39:33.113873 15036 experiment_operators.cc:501] RootReport@ 1363970373 Avg window: 2440 - 303766 bytes/sec 3344 tuples/sec
I0322 12:39:33.113909 15036 experiment_operators.cc:503] Statistics: bytes_in=2913028  bytes_out=10470 Lifetime total count=3213870
I0322 12:39:33.599727 15036 dataplane_comm.cc:89]  got an end-of-window marker, acking it; ts was 1363970373215 and window size was 5000
I0322 12:39:35.114104 15035 experiment_operators.cc:501] RootReport@ 1363970375 Avg window: 2440 - 327836 bytes/sec 3579 tuples/sec
I0322 12:39:35.114145 15035 experiment_operators.cc:503] Statistics: bytes_in=3568699  bytes_out=11640 Lifetime total count=4120531
I0322 12:39:35.270104 15036 dataplane_comm.cc:89]  got an end-of-window marker, acking it; ts was 1363970375180 and window size was 1000
I0322 12:39:35.275030 15056 tuple_batch.cc:111] Finished flush in 18446744073709551605 of 2 elements with 1 flushes. Rate = 1.0842e-19 tuples/ms
I0322 12:39:36.378541 15034 dataplane_comm.cc:89]  got an end-of-window marker, acking it; ts was 1363970376211 and window size was 1000
I0322 12:39:37.114377 15035 experiment_operators.cc:501] RootReport@ 1363970377 Avg window: 2600 - 212362 bytes/sec 2323.5 tuples/sec
I0322 12:39:37.114413 15035 experiment_operators.cc:503] Statistics: bytes_in=3993422  bytes_out=12720 Lifetime total count=4601455
I0322 12:39:37.425089 15038 dataplane_comm.cc:89]  got an end-of-window marker, acking it; ts was 1363970377253 and window size was 1000
I0322 12:39:38.498760 15038 dataplane_comm.cc:89]  got an end-of-window marker, acking it; ts was 1363970378238 and window size was 5000
I0322 12:39:39.114609 15037 experiment_operators.cc:501] RootReport@ 1363970379 Avg window: 2760 - 418628 bytes/sec 4575 tuples/sec
I0322 12:39:39.114646 15037 experiment_operators.cc:503] Statistics: bytes_in=4830677  bytes_out=14034 Lifetime total count=5817429
I0322 12:39:40.291731 15040 dataplane_comm.cc:89]  got an end-of-window marker, acking it; ts was 1363970380201 and window size was 1000
I0322 12:39:41.114815 15039 experiment_operators.cc:501] RootReport@ 1363970381 Avg window: 2760 - 244808 bytes/sec 2689 tuples/sec
I0322 12:39:41.114856 15039 experiment_operators.cc:503] Statistics: bytes_in=5320292  bytes_out=15132 Lifetime total count=6417215
I0322 12:39:41.387894 15036 dataplane_comm.cc:89]  got an end-of-window marker, acking it; ts was 1363970381220 and window size was 1000
I0322 12:39:42.415946 15034 dataplane_comm.cc:89]  got an end-of-window marker, acking it; ts was 1363970382250 and window size was 1000
I0322 12:39:43.115072 15038 experiment_operators.cc:501] RootReport@ 1363970383 Avg window: 2760 - 311142 bytes/sec 3410.5 tuples/sec
I0322 12:39:43.115110 15038 experiment_operators.cc:503] Statistics: bytes_in=5942576  bytes_out=16302 Lifetime total count=7283257
I0322 12:39:43.489649 15040 dataplane_comm.cc:89]  got an end-of-window marker, acking it; ts was 1363970383294 and window size was 5000
I0322 12:39:45.115315 15037 experiment_operators.cc:501] RootReport@ 1363970385 Avg window: 2760 - 314552 bytes/sec 3433 tuples/sec
I0322 12:39:45.115356 15037 experiment_operators.cc:503] Statistics: bytes_in=6571679  bytes_out=17472 Lifetime total count=8078936
I0322 12:39:45.298468 15040 dataplane_comm.cc:89]  got an end-of-window marker, acking it; ts was 1363970385201 and window size was 1000
I0322 12:39:45.625149 15056 tuple_batch.cc:111] Finished flush in 18446744073709551605 of 2 elements with 1 flushes. Rate = 1.0842e-19 tuples/ms
I0322 12:39:46.356900 15037 dataplane_comm.cc:89]  got an end-of-window marker, acking it; ts was 1363970386270 and window size was 1000
I0322 12:39:47.115583 15041 experiment_operators.cc:501] RootReport@ 1363970387 Avg window: 2760 - 224414 bytes/sec 2458.5 tuples/sec
I0322 12:39:47.115617 15041 experiment_operators.cc:503] Statistics: bytes_in=7020508  bytes_out=18534 Lifetime total count=8658804
I0322 12:39:47.209424 15037 liveness_manager.cc:108] Successfully scheduled message on 128.112.7.139:52607-128.112.7.136:3456
I0322 12:39:47.422966 15035 dataplane_comm.cc:89]  got an end-of-window marker, acking it; ts was 1363970387248 and window size was 5000
I0322 12:39:48.504829 15035 dataplane_comm.cc:89]  got an end-of-window marker, acking it; ts was 1363970388314 and window size was 5000
I0322 12:39:49.115815 15037 experiment_operators.cc:501] RootReport@ 1363970389 Avg window: 2760 - 413883 bytes/sec 4529.5 tuples/sec
I0322 12:39:49.115862 15037 experiment_operators.cc:503] Statistics: bytes_in=7848274  bytes_out=19812 Lifetime total count=9892948
I0322 12:39:50.314739 15036 dataplane_comm.cc:89]  got an end-of-window marker, acking it; ts was 1363970390217 and window size was 1000
I0322 12:39:51.116040 15034 experiment_operators.cc:501] RootReport@ 1363970391 Avg window: 2840 - 224900 bytes/sec 2475.5 tuples/sec
I0322 12:39:51.116080 15034 experiment_operators.cc:503] Statistics: bytes_in=8298074  bytes_out=20892 Lifetime total count=10491677
I0322 12:39:51.408493 15035 dataplane_comm.cc:89]  got an end-of-window marker, acking it; ts was 1363970391241 and window size was 1000
I0322 12:39:52.317105 15040 congestion_monitors.cc:53] (logged every 211) Queue for cube global_coral_urls process: 1584 inserts (max is inf); 1578 removes. Queue length 6/10000. Space Ratio is 7.30556, downstream is 23.0248 and final result is 7.30556
I0322 12:39:52.453837 15035 dataplane_comm.cc:89]  got an end-of-window marker, acking it; ts was 1363970392295 and window size was 1000
I0322 12:39:53.116258 15034 experiment_operators.cc:501] RootReport@ 1363970393 Avg window: 2840 - 273694 bytes/sec 3013 tuples/sec
I0322 12:39:53.116292 15034 experiment_operators.cc:503] Statistics: bytes_in=8845462  bytes_out=22026 Lifetime total count=11337413
I0322 12:39:53.576326 15041 dataplane_comm.cc:89]  got an end-of-window marker, acking it; ts was 1363970393312 and window size was 5000
I0322 12:39:55.116494 15035 experiment_operators.cc:501] RootReport@ 1363970395 Avg window: 2840 - 305314 bytes/sec 3340 tuples/sec
I0322 12:39:55.116539 15035 experiment_operators.cc:503] Statistics: bytes_in=9456090  bytes_out=23160 Lifetime total count=12269303
I0322 12:39:55.332521 15041 dataplane_comm.cc:89]  got an end-of-window marker, acking it; ts was 1363970395237 and window size was 1000
I0322 12:39:56.443403 15041 dataplane_comm.cc:89]  got an end-of-window marker, acking it; ts was 1363970396278 and window size was 1000
I0322 12:39:57.116756 15036 experiment_operators.cc:501] RootReport@ 1363970397 Avg window: 2840 - 245117 bytes/sec 2688.5 tuples/sec
I0322 12:39:57.116796 15036 experiment_operators.cc:503] Statistics: bytes_in=9946324  bytes_out=24204 Lifetime total count=12893831
I0322 12:39:57.552237 15037 dataplane_comm.cc:89]  got an end-of-window marker, acking it; ts was 1363970397286 and window size was 5000
I0322 12:39:59.116993 15039 experiment_operators.cc:501] RootReport@ 1363970399 Avg window: 2840 - 396771 bytes/sec 4345.5 tuples/sec
I0322 12:39:59.117035 15039 experiment_operators.cc:503] Statistics: bytes_in=10739866  bytes_out=25446 Lifetime total count=14116471
I0322 12:39:59.312716 15036 dataplane_comm.cc:89]  got an end-of-window marker, acking it; ts was 1363970399226 and window size was 1000
(2,3): (21-03-13 20:56:30 ,I=0 ,ipv4.tracker.harry.lu.nyud.net,I=1542562 )
(2,3): (21-03-13 20:56:30 ,I=0 ,malawin.ftpaccess.cc.nyud.net,I=13644 )
(2,3): (21-03-13 20:56:30 ,I=0 ,www.navixtreme.com.nyud.net,I=9191 )
(2,3): (21-03-13 20:56:30 ,I=0 ,www.fevernet.com.nyud.net,I=4165 )
(2,3): (21-03-13 20:56:30 ,I=0 ,94.228.192.98.nyud.net,I=3686 )
(2,3): (21-03-13 20:56:30 ,I=0 ,www.mega-porno-hd.ru.nyud.net,I=3359 )
(2,3): (21-03-13 20:56:30 ,I=0 ,news.google.com.nyud.net:8090,I=14678 )
(2,3): (21-03-13 20:56:30 ,I=0 ,www.niftybuttons.com.nyud.net,I=3242 )
(2,3): (21-03-13 20:56:30 ,I=0 ,ck3r.org.nyud.net,I=2552 )
(2,3): (21-03-13 20:56:30 ,I=0 ,66.232.101.219.nyud.net,I=2052 )
I0322 12:40:00.411942 15036 dataplane_comm.cc:89]  got an end-of-window marker, acking it; ts was 1363970400249 and window size was 1000
I0322 12:40:01.117212 15035 experiment_operators.cc:501] RootReport@ 1363970401 Avg window: 2920 - 236790 bytes/sec 2596 tuples/sec
I0322 12:40:01.117252 15035 experiment_operators.cc:503] Statistics: bytes_in=11213445  bytes_out=26508 Lifetime total count=14709433
I0322 12:40:01.518712 15041 dataplane_comm.cc:89]  got an end-of-window marker, acking it; ts was 1363970401311 and window size was 1000
I0322 12:40:03.117457 15034 experiment_operators.cc:501] RootReport@ 1363970403 Avg window: 2920 - 270228 bytes/sec 2975 tuples/sec
I0322 12:40:03.117501 15034 experiment_operators.cc:503] Statistics: bytes_in=11753902  bytes_out=27570 Lifetime total count=15445053
I0322 12:40:03.348727 15037 dataplane_comm.cc:89]  got an end-of-window marker, acking it; ts was 1363970403257 and window size was 1000
I0322 12:40:04.391968 15039 dataplane_comm.cc:89]  got an end-of-window marker, acking it; ts was 1363970404219 and window size was 1000
(2,3): (21-03-13 20:56:30 ,I=0 ,ipv4.tracker.harry.lu.nyud.net,I=1883876 )
(2,3): (21-03-13 20:56:30 ,I=0 ,bbs.soul-plus.net.nyud.net,I=42298 )
(2,3): (21-03-13 20:56:30 ,I=0 ,www.navixtreme.com.nyud.net,I=9815 )
(2,3): (21-03-13 20:56:30 ,I=0 ,userscripts.org.nyud.net,I=10877 )
(2,3): (21-03-13 20:56:30 ,I=0 ,(null),I=12732 )
(2,3): (21-03-13 20:56:30 ,I=0 ,malawin.ftpaccess.cc.nyud.net,I=13530 )
(2,3): (21-03-13 20:56:30 ,I=0 ,calu-atrack.appspot.com.nyud.net,I=6979 )
(2,3): (21-03-13 20:56:30 ,I=0 ,news.google.com.nyud.net:8090,I=20317 )
(2,3): (21-03-13 20:56:30 ,I=0 ,94.228.192.98.nyud.net,I=4206 )
(2,3): (21-03-13 20:56:30 ,I=0 ,www.fevernet.com.nyud.net,I=4756 )
I0322 12:40:05.117717 15037 experiment_operators.cc:501] RootReport@ 1363970405 Avg window: 2920 - 286438 bytes/sec 3132 tuples/sec
I0322 12:40:05.117759 15037 experiment_operators.cc:503] Statistics: bytes_in=12326779  bytes_out=28632 Lifetime total count=16284732
I0322 12:40:05.495756 15038 dataplane_comm.cc:89]  got an end-of-window marker, acking it; ts was 1363970405328 and window size was 1000
I0322 12:40:07.117948 15034 experiment_operators.cc:501] RootReport@ 1363970407 Avg window: 3000 - 230013 bytes/sec 2526 tuples/sec
I0322 12:40:07.117995 15034 experiment_operators.cc:503] Statistics: bytes_in=12786805  bytes_out=29658 Lifetime total count=16961753
I0322 12:40:07.362130 15036 dataplane_comm.cc:89]  got an end-of-window marker, acking it; ts was 1363970407270 and window size was 1000
I0322 12:40:08.434190 15039 dataplane_comm.cc:89]  got an end-of-window marker, acking it; ts was 1363970408271 and window size was 1000
I0322 12:40:09.118175 15035 experiment_operators.cc:501] RootReport@ 1363970409 Avg window: 3000 - 394710 bytes/sec 4322.5 tuples/sec
I0322 12:40:09.118217 15035 experiment_operators.cc:503] Statistics: bytes_in=13576226  bytes_out=30864 Lifetime total count=18319094
I0322 12:40:09.504786 15041 dataplane_comm.cc:89]  got an end-of-window marker, acking it; ts was 1363970409346 and window size was 1000
(2,3): (21-03-13 20:56:30 ,I=0 ,ipv4.tracker.harry.lu.nyud.net,I=1782701 )
(2,3): (21-03-13 20:56:30 ,I=0 ,bbs.soul-plus.net.nyud.net,I=38200 )
(2,3): (21-03-13 20:56:30 ,I=0 ,userscripts.org.nyud.net,I=10517 )
(2,3): (21-03-13 20:56:30 ,I=0 ,www.mega-porno-hd.ru.nyud.net,I=2275 )
(2,3): (21-03-13 20:56:30 ,I=0 ,(null),I=12604 )
(2,3): (21-03-13 20:56:30 ,I=0 ,malawin.ftpaccess.cc.nyud.net,I=14851 )
(2,3): (21-03-13 20:56:30 ,I=0 ,www.navixtreme.com.nyud.net,I=3669 )
(2,3): (21-03-13 20:56:30 ,I=0 ,calu-atrack.appspot.com.nyud.net,I=7180 )
(2,3): (21-03-13 20:56:30 ,I=0 ,94.228.192.98.nyud.net,I=4198 )
(2,3): (21-03-13 20:56:30 ,I=0 ,ck3r.org.nyud.net,I=3045 )
I0322 12:40:11.118386 15034 experiment_operators.cc:501] RootReport@ 1363970411 Avg window: 3000 - 256496 bytes/sec 2810.5 tuples/sec
I0322 12:40:11.118432 15034 experiment_operators.cc:503] Statistics: bytes_in=14089218  bytes_out=31872 Lifetime total count=19222537
I0322 12:40:11.374047 15038 dataplane_comm.cc:89]  got an end-of-window marker, acking it; ts was 1363970411279 and window size was 1000
I0322 12:40:12.486990 15036 dataplane_comm.cc:89]  got an end-of-window marker, acking it; ts was 1363970412392 and window size was 1000
I0322 12:40:13.118587 15036 experiment_operators.cc:501] RootReport@ 1363970413 Avg window: 3000 - 277656 bytes/sec 3047.5 tuples/sec
I0322 12:40:13.118628 15036 experiment_operators.cc:503] Statistics: bytes_in=14644531  bytes_out=32898 Lifetime total count=20174547
I0322 12:40:13.641806 15034 dataplane_comm.cc:89]  got an end-of-window marker, acking it; ts was 1363970413372 and window size was 5000
(2,3): (21-03-13 20:57:00 ,I=0 ,ipv4.tracker.harry.lu.nyud.net,I=1494195 )
(2,3): (21-03-13 20:56:30 ,I=0 ,ipv4.tracker.harry.lu.nyud.net,I=172103 )
(2,3): (21-03-13 20:57:00 ,I=0 ,userscripts.org.nyud.net,I=9260 )
(2,3): (21-03-13 20:57:00 ,I=0 ,malawin.ftpaccess.cc.nyud.net,I=10711 )
(2,3): (21-03-13 20:57:00 ,I=0 ,calu-atrack.appspot.com.nyud.net,I=5664 )
(2,3): (21-03-13 20:57:00 ,I=0 ,news.google.com.nyud.net:8090,I=22599 )
(2,3): (21-03-13 20:57:00 ,I=0 ,www.fevernet.com.nyud.net,I=5742 )
(2,3): (21-03-13 20:57:00 ,I=0 ,94.228.192.98.nyud.net,I=3772 )
(2,3): (21-03-13 20:57:00 ,I=0 ,www.navixtreme.com.nyud.net,I=3482 )
(2,3): (21-03-13 20:57:00 ,I=0 ,www.mega-porno-hd.ru.nyud.net,I=2345 )
I0322 12:40:15.118863 15039 experiment_operators.cc:501] RootReport@ 1363970415 Avg window: 3080 - 287511 bytes/sec 3134 tuples/sec
I0322 12:40:15.118906 15039 experiment_operators.cc:503] Statistics: bytes_in=15219553  bytes_out=33942 Lifetime total count=21157375
I0322 12:40:15.385308 15062 tuple_batch.cc:111] Finished flush in 18446744073709551605 of 5 elements with 1 flushes. Rate = 2.71051e-19 tuples/ms
I0322 12:40:15.411840 15037 dataplane_comm.cc:89]  got an end-of-window marker, acking it; ts was 1363970415378 and window size was 5000
I0322 12:40:16.516298 15041 dataplane_comm.cc:89]  got an end-of-window marker, acking it; ts was 1363970416347 and window size was 1000
I0322 12:40:17.119093 15037 experiment_operators.cc:501] RootReport@ 1363970417 Avg window: 3080 - 254108 bytes/sec 2777.5 tuples/sec
I0322 12:40:17.119132 15037 experiment_operators.cc:503] Statistics: bytes_in=15727769  bytes_out=34932 Lifetime total count=22074137
I0322 12:40:18.380218 15038 dataplane_comm.cc:89]  got an end-of-window marker, acking it; ts was 1363970418256 and window size was 1000
I0322 12:40:19.119330 15037 experiment_operators.cc:501] RootReport@ 1363970419 Avg window: 3080 - 418138 bytes/sec 4564 tuples/sec
I0322 12:40:19.119371 15037 experiment_operators.cc:503] Statistics: bytes_in=16564044  bytes_out=36066 Lifetime total count=23604953
I0322 12:40:19.469486 15036 congestion_monitors.cc:53] (logged every 211) Queue for cube global_coral_urls flush: 777 inserts (max is inf); 823 removes. Queue length 0/34000. Space Ratio is 44.8172, downstream is inf and final result is 44.8172
I0322 12:40:19.470144 15037 dataplane_comm.cc:89]  got an end-of-window marker, acking it; ts was 1363970419303 and window size was 1000
(2,3): (21-03-13 20:57:00 ,I=0 ,ipv4.tracker.harry.lu.nyud.net,I=1757041 )
(2,3): (21-03-13 20:57:00 ,I=0 ,malawin.ftpaccess.cc.nyud.net,I=9158 )
(2,3): (21-03-13 20:57:00 ,I=0 ,news.google.com.nyud.net:8090,I=22588 )
(2,3): (21-03-13 20:57:00 ,I=0 ,userscripts.org.nyud.net,I=9500 )
(2,3): (21-03-13 20:57:00 ,I=0 ,calu-atrack.appspot.com.nyud.net,I=6568 )
(2,3): (21-03-13 20:57:00 ,I=0 ,www.fevernet.com.nyud.net,I=7638 )
(2,3): (21-03-13 20:57:00 ,I=0 ,ck3r.org.nyud.net,I=3477 )
(2,3): (21-03-13 20:57:00 ,I=0 ,94.228.192.98.nyud.net,I=4231 )
(2,3): (21-03-13 20:57:00 ,I=0 ,mega-porno-hd.ru.nyud.net,I=1284 )
(2,3): (21-03-13 20:57:00 ,I=0 ,www.navixtreme.com.nyud.net,I=5431 )
I0322 12:40:21.119550 15039 experiment_operators.cc:501] RootReport@ 1363970421 Avg window: 3080 - 260296 bytes/sec 2835.5 tuples/sec
I0322 12:40:21.119595 15039 experiment_operators.cc:503] Statistics: bytes_in=17084636  bytes_out=36984 Lifetime total count=24479550
I0322 12:40:21.363123 15034 dataplane_comm.cc:89]  got an end-of-window marker, acking it; ts was 1363970421263 and window size was 1000
I0322 12:40:22.518700 15037 dataplane_comm.cc:89]  got an end-of-window marker, acking it; ts was 1363970422380 and window size was 5000
I0322 12:40:23.119782 15038 experiment_operators.cc:501] RootReport@ 1363970423 Avg window: 3240 - 275600 bytes/sec 3016.5 tuples/sec
I0322 12:40:23.119819 15038 experiment_operators.cc:503] Statistics: bytes_in=17635837  bytes_out=37938 Lifetime total count=25337405
I0322 12:40:23.730430 15041 dataplane_comm.cc:89]  got an end-of-window marker, acking it; ts was 1363970423467 and window size was 5000
(2,3): (21-03-13 20:57:00 ,I=0 ,ipv4.tracker.harry.lu.nyud.net,I=1779259 )
(2,3): (21-03-13 20:57:00 ,I=0 ,bbs.soul-plus.net.nyud.net,I=59657 )
(2,3): (21-03-13 20:57:00 ,I=0 ,malawin.ftpaccess.cc.nyud.net,I=10558 )
(2,3): (21-03-13 20:57:00 ,I=0 ,(null),I=12149 )
(2,3): (21-03-13 20:57:00 ,I=0 ,userscripts.org.nyud.net,I=9713 )
(2,3): (21-03-13 20:57:00 ,I=0 ,mega-porno-hd.ru.nyud.net,I=934 )
(2,3): (21-03-13 20:57:00 ,I=0 ,www.navixtreme.com.nyud.net,I=7629 )
(2,3): (21-03-13 20:57:00 ,I=0 ,news.google.com.nyud.net:8090,I=18817 )
(2,3): (21-03-13 20:57:00 ,I=0 ,malawis.ftpaccess.cc.nyud.net,I=2553 )
(2,3): (21-03-13 20:57:00 ,I=0 ,calu-atrack.appspot.com.nyud.net,I=6613 )
I0322 12:40:25.120004 15041 experiment_operators.cc:501] RootReport@ 1363970425 Avg window: 3320 - 304101 bytes/sec 3310.5 tuples/sec
I0322 12:40:25.120045 15041 experiment_operators.cc:503] Statistics: bytes_in=18244039  bytes_out=38874 Lifetime total count=26283527
I0322 12:40:25.539290 15039 dataplane_comm.cc:89]  got an end-of-window marker, acking it; ts was 1363970425371 and window size was 1000
I0322 12:40:26.395527 15056 tuple_batch.cc:111] Finished flush in 18446744073709551605 of 4 elements with 1 flushes. Rate = 2.1684e-19 tuples/ms
I0322 12:40:26.495699 15060 tuple_batch.cc:111] Finished flush in 18446744073709551605 of 1 elements with 1 flushes. Rate = 5.42101e-20 tuples/ms
I0322 12:40:27.120255 15041 experiment_operators.cc:501] RootReport@ 1363970427 Avg window: 3320 - 242928 bytes/sec 2645 tuples/sec
I0322 12:40:27.120288 15041 experiment_operators.cc:503] Statistics: bytes_in=18729895  bytes_out=39666 Lifetime total count=27078467
I0322 12:40:27.212977 15037 liveness_manager.cc:108] Successfully scheduled message on 128.112.7.139:52607-128.112.7.136:3456
I0322 12:40:27.494132 15037 dataplane_comm.cc:89]  got an end-of-window marker, acking it; ts was 1363970427327 and window size was 1000
I0322 12:40:28.566251 15058 tuple_batch.cc:111] Finished flush in 18446744073709551605 of 8 elements with 1 flushes. Rate = 4.33681e-19 tuples/ms
I0322 12:40:28.800377 15034 dataplane_comm.cc:89]  got an end-of-window marker, acking it; ts was 1363970428483 and window size was 5000
I0322 12:40:29.120511 15040 experiment_operators.cc:501] RootReport@ 1363970429 Avg window: 3400 - 439427 bytes/sec 4786 tuples/sec
I0322 12:40:29.120540 15040 experiment_operators.cc:503] Statistics: bytes_in=19608749  bytes_out=40638 Lifetime total count=28401344
(2,3): (21-03-13 20:57:00 ,I=0 ,ipv4.tracker.harry.lu.nyud.net,I=1883220 )
(2,3): (21-03-13 20:57:00 ,I=0 ,bbs.soul-plus.net.nyud.net,I=67640 )
(2,3): (21-03-13 20:57:00 ,I=0 ,(null),I=13027 )
(2,3): (21-03-13 20:57:00 ,I=0 ,userscripts.org.nyud.net,I=8996 )
(2,3): (21-03-13 20:57:00 ,I=0 ,malawic.ftpaccess.cc.nyud.net,I=725 )
(2,3): (21-03-13 20:57:00 ,I=0 ,www.fevernet.com.nyud.net,I=8043 )
(2,3): (21-03-13 20:57:00 ,I=0 ,calu-atrack.appspot.com.nyud.net,I=7513 )
(2,3): (21-03-13 20:57:00 ,I=0 ,malawin.ftpaccess.cc.nyud.net,I=7949 )
(2,3): (21-03-13 20:57:00 ,I=0 ,news.google.com.nyud.net:8090,I=20215 )
(2,3): (21-03-13 20:57:00 ,I=0 ,ck3r.org.nyud.net,I=3788 )
I0322 12:40:30.568979 15039 dataplane_comm.cc:89]  got an end-of-window marker, acking it; ts was 1363970430409 and window size was 1000
I0322 12:40:31.120743 15041 experiment_operators.cc:501] RootReport@ 1363970431 Avg window: 3560 - 250606 bytes/sec 2733.5 tuples/sec
I0322 12:40:31.120781 15041 experiment_operators.cc:503] Statistics: bytes_in=20109961  bytes_out=41448 Lifetime total count=29250506
I0322 12:40:32.345959 15056 tuple_batch.cc:111] Finished flush in 18446744073709551605 of 2 elements with 1 flushes. Rate = 1.0842e-19 tuples/ms
I0322 12:40:32.558428 15036 dataplane_comm.cc:89]  got an end-of-window marker, acking it; ts was 1363970432427 and window size was 5000
I0322 12:40:33.120956 15036 experiment_operators.cc:501] RootReport@ 1363970433 Avg window: 3640 - 291228 bytes/sec 3183 tuples/sec
I0322 12:40:33.120997 15036 experiment_operators.cc:503] Statistics: bytes_in=20692417  bytes_out=42258 Lifetime total count=30044794
I0322 12:40:33.585474 15060 tuple_batch.cc:111] Finished flush in 18446744073709551604 of 2 elements with 1 flushes. Rate = 1.0842e-19 tuples/ms
I0322 12:40:34.426934 15034 dataplane_comm.cc:89]  got an end-of-window marker, acking it; ts was 1363970434343 and window size was 1000
(2,3): (21-03-13 20:57:00 ,I=0 ,ipv4.tracker.harry.lu.nyud.net,I=1715916 )
(2,3): (21-03-13 20:57:00 ,I=0 ,bbs.soul-plus.net.nyud.net,I=73553 )
(2,3): (21-03-13 20:57:00 ,I=0 ,malawin.ftpaccess.cc.nyud.net,I=8440 )
(2,3): (21-03-13 20:57:00 ,I=0 ,userscripts.org.nyud.net,I=8961 )
(2,3): (21-03-13 20:57:00 ,I=0 ,www.fevernet.com.nyud.net,I=9667 )
(2,3): (21-03-13 20:57:00 ,I=0 ,imgs.segundamano.es.nyud.net,I=687 )
(2,3): (21-03-13 20:57:00 ,I=0 ,calu-atrack.appspot.com.nyud.net,I=39095 )
(2,3): (21-03-13 20:57:00 ,I=0 ,news.google.com.nyud.net:8090,I=26363 )
(2,3): (21-03-13 20:57:00 ,I=0 ,ck3r.org.nyud.net,I=3694 )
(2,3): (21-03-13 20:57:00 ,I=0 ,94.228.192.98.nyud.net,I=4594 )
I0322 12:40:35.121207 15040 experiment_operators.cc:501] RootReport@ 1363970435 Avg window: 3640 - 359416 bytes/sec 3901.5 tuples/sec
I0322 12:40:35.121249 15040 experiment_operators.cc:503] Statistics: bytes_in=21411250  bytes_out=43086 Lifetime total count=31028245
I0322 12:40:36.347242 15036 dataplane_comm.cc:89]  got an end-of-window marker, acking it; ts was 1363970436267 and window size was 1000
I0322 12:40:37.121465 15035 experiment_operators.cc:501] RootReport@ 1363970437 Avg window: 3720 - 248423 bytes/sec 2701 tuples/sec
I0322 12:40:37.121505 15035 experiment_operators.cc:503] Statistics: bytes_in=21908096  bytes_out=43842 Lifetime total count=31906901
I0322 12:40:37.711340 15038 dataplane_comm.cc:89]  got an end-of-window marker, acking it; ts was 1363970437525 and window size was 5000
I0322 12:40:39.121697 15041 experiment_operators.cc:501] RootReport@ 1363970439 Avg window: 3720 - 476192 bytes/sec 5157.5 tuples/sec
I0322 12:40:39.121742 15041 experiment_operators.cc:503] Statistics: bytes_in=22860481  bytes_out=44670 Lifetime total count=33299834
I0322 12:40:39.658989 15035 dataplane_comm.cc:89]  got an end-of-window marker, acking it; ts was 1363970439400 and window size was 5000
(2,3): (21-03-13 20:57:00 ,I=0 ,ipv4.tracker.harry.lu.nyud.net,I=1821128 )
(2,3): (21-03-13 20:57:00 ,I=0 ,bbs.soul-plus.net.nyud.net,I=77397 )
(2,3): (21-03-13 20:57:00 ,I=0 ,news.google.com.nyud.net:8090,I=23510 )
(2,3): (21-03-13 20:57:00 ,I=0 ,malawin.ftpaccess.cc.nyud.net,I=10295 )
(2,3): (21-03-13 20:57:00 ,I=0 ,(null),I=13849 )
(2,3): (21-03-13 20:57:00 ,I=0 ,userscripts.org.nyud.net,I=8932 )
(2,3): (21-03-13 20:57:00 ,I=0 ,www.fevernet.com.nyud.net,I=8151 )
(2,3): (21-03-13 20:57:00 ,I=0 ,beta.ivancover.com.nyud.net,I=354 )
(2,3): (21-03-13 20:57:00 ,I=0 ,ck3r.org.nyud.net,I=3761 )
(2,3): (21-03-13 20:57:00 ,I=0 ,malawid.ftpaccess.cc.nyud.net,I=405 )
I0322 12:40:41.121911 15041 experiment_operators.cc:501] RootReport@ 1363970441 Avg window: 3720 - 281823 bytes/sec 3055 tuples/sec
I0322 12:40:41.121953 15041 experiment_operators.cc:503] Statistics: bytes_in=23424127  bytes_out=45336 Lifetime total count=34060418
I0322 12:40:41.404786 15041 congestion_monitors.cc:53] (logged every 211) Queue for cube global_coral_urls process: 241 inserts (max is inf); 241 removes. Queue length 0/10000. Space Ratio is 42.4938, downstream is 142.079 and final result is 42.4938
I0322 12:40:41.698747 15035 dataplane_comm.cc:89]  got an end-of-window marker, acking it; ts was 1363970441426 and window size was 5000
I0322 12:40:43.122118 15041 experiment_operators.cc:501] RootReport@ 1363970443 Avg window: 3960 - 298310 bytes/sec 3250.5 tuples/sec
I0322 12:40:43.122160 15041 experiment_operators.cc:503] Statistics: bytes_in=24020746  bytes_out=46092 Lifetime total count=34943975
I0322 12:40:43.686054 15041 dataplane_comm.cc:89]  got an end-of-window marker, acking it; ts was 1363970443430 and window size was 5000
(2,3): (21-03-13 20:57:30 ,I=0 ,ipv4.tracker.harry.lu.nyud.net,I=1912181 )
(2,3): (21-03-13 20:57:00 ,I=0 ,ipv4.tracker.harry.lu.nyud.net,I=140445 )
(2,3): (21-03-13 20:57:30 ,I=0 ,bbs.soul-plus.net.nyud.net,I=78290 )
(2,3): (21-03-13 20:57:30 ,I=0 ,(null),I=12821 )
(2,3): (21-03-13 20:57:30 ,I=0 ,www.fevernet.com.nyud.net,I=11541 )
(2,3): (21-03-13 20:57:30 ,I=0 ,malawin.ftpaccess.cc.nyud.net,I=12459 )
(2,3): (21-03-13 20:57:30 ,I=0 ,userscripts.org.nyud.net,I=8231 )
(2,3): (21-03-13 20:57:30 ,I=0 ,news.google.com.nyud.net:8090,I=18682 )
(2,3): (21-03-13 20:57:30 ,I=0 ,94.228.192.98.nyud.net,I=4456 )
(2,3): (21-03-13 20:57:30 ,I=0 ,www.mega-porno-hd.ru.nyud.net,I=2983 )
I0322 12:40:45.122403 15035 experiment_operators.cc:501] RootReport@ 1363970445 Avg window: 3960 - 372487 bytes/sec 4022.5 tuples/sec
I0322 12:40:45.122438 15035 experiment_operators.cc:503] Statistics: bytes_in=24765720  bytes_out=46812 Lifetime total count=35763701
I0322 12:40:45.702942 15038 dataplane_comm.cc:89]  got an end-of-window marker, acking it; ts was 1363970445523 and window size was 5000
I0322 12:40:47.122658 15038 experiment_operators.cc:501] RootReport@ 1363970447 Avg window: 3960 - 288844 bytes/sec 3121.5 tuples/sec
I0322 12:40:47.122704 15038 experiment_operators.cc:503] Statistics: bytes_in=25343409  bytes_out=47478 Lifetime total count=36815243
I0322 12:40:48.020841 15039 dataplane_comm.cc:89]  got an end-of-window marker, acking it; ts was 1363970447638 and window size was 5000
I0322 12:40:49.122891 15036 experiment_operators.cc:501] RootReport@ 1363970449 Avg window: 3960 - 509456 bytes/sec 5505 tuples/sec
I0322 12:40:49.122933 15036 experiment_operators.cc:503] Statistics: bytes_in=26362322  bytes_out=48198 Lifetime total count=38103315
(2,3): (21-03-13 20:57:30 ,I=0 ,ipv4.tracker.harry.lu.nyud.net,I=2408786 )
(2,3): (21-03-13 20:57:30 ,I=0 ,bbs.soul-plus.net.nyud.net,I=83605 )
(2,3): (21-03-13 20:57:30 ,I=0 ,www.mega-porno-hd.ru.nyud.net,I=1737 )
(2,3): (21-03-13 20:57:30 ,I=0 ,malawin.ftpaccess.cc.nyud.net,I=12526 )
(2,3): (21-03-13 20:57:30 ,I=0 ,(null),I=14001 )
(2,3): (21-03-13 20:57:30 ,I=0 ,news.google.com.nyud.net:8090,I=21532 )
(2,3): (21-03-13 20:57:30 ,I=0 ,bbs.soul-plus.org.nyud.net,I=9170 )
(2,3): (21-03-13 20:57:30 ,I=0 ,www.fevernet.com.nyud.net,I=10523 )
(2,3): (21-03-13 20:57:30 ,I=0 ,userscripts.org.nyud.net,I=8848 )
(2,3): (21-03-13 20:57:30 ,I=0 ,www.la-star.com.nyud.net,I=2257 )
I0322 12:40:50.506108 15037 dataplane_comm.cc:89]  got an end-of-window marker, acking it; ts was 1363970450411 and window size was 1000
I0322 12:40:51.123100 15034 experiment_operators.cc:501] RootReport@ 1363970451 Avg window: 4120 - 309821 bytes/sec 3337 tuples/sec
I0322 12:40:51.123139 15034 experiment_operators.cc:503] Statistics: bytes_in=26981964  bytes_out=48756 Lifetime total count=38799434
I0322 12:40:52.710644 15040 dataplane_comm.cc:89]  got an end-of-window marker, acking it; ts was 1363970452515 and window size was 5000
I0322 12:40:53.123340 15037 experiment_operators.cc:501] RootReport@ 1363970453 Avg window: 4200 - 404914 bytes/sec 4365.5 tuples/sec
I0322 12:40:53.123381 15037 experiment_operators.cc:503] Statistics: bytes_in=27791793  bytes_out=49368 Lifetime total count=39871923
I0322 12:40:55.123615 15041 experiment_operators.cc:501] RootReport@ 1363970455 Avg window: 4280 - 447584 bytes/sec 4803 tuples/sec
I0322 12:40:55.123653 15041 experiment_operators.cc:503] Statistics: bytes_in=28686961  bytes_out=49980 Lifetime total count=40742014
(2,3): (21-03-13 20:57:30 ,I=0 ,ipv4.tracker.harry.lu.nyud.net,I=2057336 )
(2,3): (21-03-13 20:57:30 ,I=0 ,bbs.soul-plus.net.nyud.net,I=81718 )
(2,3): (21-03-13 20:57:30 ,I=0 ,malawin.ftpaccess.cc.nyud.net,I=9787 )
(2,3): (21-03-13 20:57:30 ,I=0 ,userscripts.org.nyud.net,I=8425 )
(2,3): (21-03-13 20:57:30 ,I=0 ,www.fevernet.com.nyud.net,I=9412 )
(2,3): (21-03-13 20:57:30 ,I=0 ,news.google.com.nyud.net:8090,I=23099 )
(2,3): (21-03-13 20:57:30 ,I=0 ,94.228.192.98.nyud.net,I=4648 )
(2,3): (21-03-13 20:57:30 ,I=0 ,ck3r.org.nyud.net,I=4269 )
(2,3): (21-03-13 20:57:30 ,I=0 ,bbs.soul-plus.org.nyud.net,I=7658 )
(2,3): (21-03-13 20:57:30 ,I=0 ,calu-atrack.appspot.com.nyud.net,I=159749 )
