I0918 18:06:45.293248  7082 node.cc:37] creating node
I0918 18:06:45.293342  7082 node.cc:46] possible controller: 128.112.7.136:3456
I0918 18:06:45.294042  7082 node.cc:75] *********** 
					Node ID is 130.207.98.29:57658
 					     *********** 
I0918 18:06:45.294144  7082 node.cc:104] starting thread pool with 8 threads
I0918 18:06:45.296681  7082 node_web_interface.cc:32] Web server on 130.207.98.29:8080
I0918 18:06:45.343461  7087 node.cc:208] Connected to controller: 128.112.7.136:3456
I0918 18:06:45.343505  7087 liveness_manager.cc:37] Starting notifications; four-tuple is 192.168.122.151:59907-128.112.7.136:3456
I0918 18:06:45.343663  7087 liveness_manager.cc:108] Successfully scheduled message on 192.168.122.151:59907-128.112.7.136:3456
I0918 18:07:25.346184  7084 liveness_manager.cc:108] Successfully scheduled message on 192.168.122.151:59907-128.112.7.136:3456
I0918 18:08:05.348615  7089 liveness_manager.cc:108] Successfully scheduled message on 192.168.122.151:59907-128.112.7.136:3456
I0918 18:08:45.352112  7090 liveness_manager.cc:108] Successfully scheduled message on 192.168.122.151:59907-128.112.7.136:3456
I0918 18:09:25.355497  7090 liveness_manager.cc:108] Successfully scheduled message on 192.168.122.151:59907-128.112.7.136:3456
I0918 18:10:05.358818  7084 liveness_manager.cc:108] Successfully scheduled message on 192.168.122.151:59907-128.112.7.136:3456
I0918 18:10:45.361944  7084 liveness_manager.cc:108] Successfully scheduled message on 192.168.122.151:59907-128.112.7.136:3456
I0918 18:11:00.904081  7089 node.cc:403] Request to create 0 cubes and 3 operators.
I0918 18:11:00.904408  7089 sosp_operators.cc:156] Blob reader (1,53) will iterate over 1 files in /sample_images
I0918 18:11:00.904500  7089 node.cc:441] configured operator (1,53) of type BlobReader ok
I0918 18:11:00.904604  7089 variable_sampling.cc:117] Configured Fixed-interval sampling operator. max_drops=4
I0918 18:11:00.904625  7089 node.cc:441] configured operator (1,54) of type IntervalSamplingOperator ok
I0918 18:11:00.904659  7089 node.cc:441] configured operator (1,55) of type TimestampOperator ok
I0918 18:11:00.904788  7089 node.cc:600] building chains
I0918 18:11:00.904822  7089 node.cc:614] Found a chain starting from (1,53)
I0918 18:11:00.904894  7089 node.cc:621] adding (1,53)
I0918 18:11:00.904935  7089 node.cc:621] adding (1,54)
I0918 18:11:00.904954  7089 node.cc:621] adding (1,55)
I0918 18:11:00.905231  7089 node.cc:621] adding (1,1) on 128.112.7.136:3452 (waiting for dest)
I0918 18:11:00.905271  7089 node.cc:651] 1 chains built
I0918 18:11:00.905345  7089 dataplane_comm.cc:698]  trying to send data to (1,1) on 128.112.7.136:3452 through closed conn. Should block
I0918 18:11:00.954486  7091 dataplane_comm.cc:368] RDA to 128.112.7.136:3452 set up OK
I0918 18:11:00.954622  7091 dataplane_comm.cc:405] Chain connect sent
I0918 18:11:01.004660  7088 dataplane_comm.cc:424] got ready back from (1,1)
I0918 18:11:01.004739  7089 node.cc:712] added default congestion policy for (1,53). Monitor is defined
I0918 18:11:01.004771  7089 node.cc:712] added default congestion policy for (1,54). Monitor is defined
I0918 18:11:01.004789  7089 node.cc:712] added default congestion policy for (1,55). Monitor is defined
I0918 18:11:01.004828  7089 chain_ops.cc:33] timer-based operator (1,53) of type Blob Reader starting
I0918 18:11:01.004923  7089 operator_chain.cc:51] Starting 4-element chain starting at (1,53)
I0918 18:11:01.007916  7084 sosp_operators.cc:120] (every 1) In last 3 timesteps, 0 inserts 0 removes. Qsize 0/2000000. TDelta: 0 Local-ratio: 10 Downstream: inf
I0918 18:11:01.866732  7088 dataplane_comm.cc:440] Received remote congestion report from (1,1) : status is 7.80864 at 1379527861008 (age = 858 ms)
I0918 18:11:02.009266  7084 sosp_operators.cc:120] (every 1) In last 3 timesteps, 34 inserts 34 removes. Qsize 0/2000000. TDelta: 1379527861007 Local-ratio: 22059.8 Downstream: 7.80864
I0918 18:11:02.940373  7088 dataplane_comm.cc:440] Received remote congestion report from (1,1) : status is 6.14057 at 1379527862009 (age = 931 ms)
I0918 18:11:03.010452  7084 sosp_operators.cc:120] (every 1) In last 3 timesteps, 806914 inserts 806914 removes. Qsize 0/2000000. TDelta: 1379527862009 Local-ratio: 1.92947 Downstream: 6.14057
I0918 18:11:03.843499  7090 dataplane_comm.cc:440] Received remote congestion report from (1,1) : status is 4.92431 at 1379527863010 (age = 833 ms)
I0918 18:11:04.011566  7084 sosp_operators.cc:120] (every 1) In last 3 timesteps, 1613794 inserts 1613794 removes. Qsize 0/2000000. TDelta: 2003 Local-ratio: 1.46474 Downstream: 4.92431
I0918 18:11:05.013125  7085 sosp_operators.cc:120] (every 1) In last 3 timesteps, 2420640 inserts 2420640 removes. Qsize 0/2000000. TDelta: 2002 Local-ratio: 1.30984 Downstream: 4.92431
I0918 18:11:06.014658  7086 sosp_operators.cc:120] (every 1) In last 3 timesteps, 2420640 inserts 2420622 removes. Qsize 18/2000000. TDelta: 2003 Local-ratio: 1.30983 Downstream: 4.92431
I0918 18:11:06.988520  7085 dataplane_comm.cc:440] Received remote congestion report from (1,1) : status is 3.77882 at 1379527864011 (age = 2977 ms)
I0918 18:11:07.016118  7084 sosp_operators.cc:120] (every 1) In last 3 timesteps, 2420662 inserts 2420644 removes. Qsize 18/2000000. TDelta: 2003 Local-ratio: 1.30982 Downstream: 3.77882
I0918 18:11:07.016141  7084 congest_policy.cc:95] setting degradation level for (1,54) to 5/6 (operator ratio = 0.5). Capacity-ratio: 0.851478 at connection to 128.112.7.136:3452 TS 1379527867
I0918 18:11:07.016155  7084 variable_sampling.cc:141] Switching drop frequency by -1 to 50%.
I0918 18:11:07.753908  7085 dataplane_comm.cc:440] Received remote congestion report from (1,1) : status is 3.16091 at 1379527865013 (age = 2740 ms)
I0918 18:11:08.017323  7086 sosp_operators.cc:120] (every 1) In last 3 timesteps, 2420692 inserts 1613764 removes. Qsize 806928/2000000. TDelta: 2003 Local-ratio: 0.851478 Downstream: 3.16091
I0918 18:11:08.195085  7086 dataplane_comm.cc:440] Received remote congestion report from (1,1) : status is 2.93629 at 1379527866015 (age = 2180 ms)
I0918 18:11:08.372336  7086 dataplane_comm.cc:440] Received remote congestion report from (1,1) : status is 3.61465 at 1379527867016 (age = 1356 ms)
I0918 18:11:08.561841  7091 dataplane_comm.cc:440] Received remote congestion report from (1,1) : status is 4.02678 at 1379527868017 (age = 544 ms)
I0918 18:11:09.018638  7088 sosp_operators.cc:120] (every 1) In last 3 timesteps, 2017282 inserts 2017282 removes. Qsize 18/2000000. TDelta: 2003 Local-ratio: 1.37178 Downstream: 4.02678
I0918 18:11:09.741500  7086 dataplane_comm.cc:440] Received remote congestion report from (1,1) : status is 3.39155 at 1379527869018 (age = 723 ms)
I0918 18:11:10.019600  7088 sosp_operators.cc:120] (every 1) In last 3 timesteps, 1613850 inserts 1613868 removes. Qsize 0/2000000. TDelta: 2002 Local-ratio: 1.46474 Downstream: 3.39155
I0918 18:11:10.019624  7088 congest_policy.cc:95] setting degradation level for (1,54) to 6/6 (operator ratio = 1). Capacity-ratio: 2.28628 at connection to 128.112.7.136:3452 TS 1379527870
I0918 18:11:10.019637  7088 variable_sampling.cc:141] Switching drop frequency by 1 to 0%.
I0918 18:11:10.709619  7085 dataplane_comm.cc:440] Received remote congestion report from (1,1) : status is 2.93429 at 1379527870020 (age = 689 ms)
I0918 18:11:11.021183  7086 sosp_operators.cc:120] (every 1) In last 3 timesteps, 1210410 inserts 2017338 removes. Qsize 0/2000000. TDelta: 2002 Local-ratio: 2.28628 Downstream: 2.93429
I0918 18:11:12.022727  7091 sosp_operators.cc:120] (every 1) In last 3 timesteps, 1586954 inserts 1586972 removes. Qsize 0/2000000. TDelta: 2003 Local-ratio: 1.47261 Downstream: 2.93429
I0918 18:11:12.147127  7086 dataplane_comm.cc:440] Received remote congestion report from (1,1) : status is 2.43284 at 1379527871021 (age = 1126 ms)
I0918 18:11:12.674309  7086 dataplane_comm.cc:440] Received remote congestion report from (1,1) : status is 2.29902 at 1379527872023 (age = 651 ms)
I0918 18:11:13.023947  7091 sosp_operators.cc:120] (every 1) In last 3 timesteps, 1990394 inserts 1990394 removes. Qsize 0/2000000. TDelta: 2003 Local-ratio: 1.37681 Downstream: 2.29902
I0918 18:11:13.606796  7084 dataplane_comm.cc:440] Received remote congestion report from (1,1) : status is 2.20503 at 1379527873024 (age = 582 ms)
I0918 18:11:14.025106  7091 sosp_operators.cc:120] (every 1) In last 3 timesteps, 2393834 inserts 2393834 removes. Qsize 0/2000000. TDelta: 2002 Local-ratio: 1.3133 Downstream: 2.20503
I0918 18:11:15.026242  7088 sosp_operators.cc:120] (every 1) In last 3 timesteps, 2420730 inserts 2420730 removes. Qsize 0/2000000. TDelta: 2003 Local-ratio: 1.30982 Downstream: 2.20503
I0918 18:11:15.378728  7088 dataplane_comm.cc:440] Received remote congestion report from (1,1) : status is 1.84534 at 1379527874025 (age = 1353 ms)
I0918 18:11:15.997591  7088 dataplane_comm.cc:440] Received remote congestion report from (1,1) : status is 1.78854 at 1379527875026 (age = 971 ms)
I0918 18:11:16.027379  7091 sosp_operators.cc:120] (every 1) In last 3 timesteps, 2420730 inserts 2420730 removes. Qsize 0/2000000. TDelta: 2003 Local-ratio: 1.30982 Downstream: 1.78854
I0918 18:11:17.028769  7084 sosp_operators.cc:120] (every 1) In last 3 timesteps, 2420730 inserts 2420730 removes. Qsize 0/2000000. TDelta: 2002 Local-ratio: 1.30982 Downstream: 1.78854
I0918 18:11:17.106359  7091 dataplane_comm.cc:440] Received remote congestion report from (1,1) : status is 1.58412 at 1379527876027 (age = 1079 ms)
I0918 18:11:17.569193  7085 dataplane_comm.cc:440] Received remote congestion report from (1,1) : status is 1.73039 at 1379527877029 (age = 540 ms)
I0918 18:11:18.029983  7088 sosp_operators.cc:120] (every 1) In last 3 timesteps, 2420730 inserts 2420730 removes. Qsize 0/2000000. TDelta: 2002 Local-ratio: 1.30982 Downstream: 1.73039
I0918 18:11:19.031383  7091 sosp_operators.cc:120] (every 1) In last 3 timesteps, 2420730 inserts 2420730 removes. Qsize 0/2000000. TDelta: 2003 Local-ratio: 1.30982 Downstream: 1.73039
I0918 18:11:19.380908  7084 dataplane_comm.cc:440] Received remote congestion report from (1,1) : status is 1.48995 at 1379527878030 (age = 1350 ms)
I0918 18:11:19.907081  7085 dataplane_comm.cc:440] Received remote congestion report from (1,1) : status is 1.59275 at 1379527879031 (age = 876 ms)
I0918 18:11:20.032517  7091 sosp_operators.cc:120] (every 1) In last 3 timesteps, 2420730 inserts 2420730 removes. Qsize 0/2000000. TDelta: 2003 Local-ratio: 1.30982 Downstream: 1.59275
I0918 18:11:20.904279  7084 dataplane_comm.cc:440] Received remote congestion report from (1,1) : status is 1.4987 at 1379527880032 (age = 872 ms)
I0918 18:11:21.033601  7091 sosp_operators.cc:120] (every 1) In last 3 timesteps, 2420730 inserts 2420730 removes. Qsize 0/2000000. TDelta: 2002 Local-ratio: 1.30982 Downstream: 1.4987
I0918 18:11:21.956866  7091 dataplane_comm.cc:440] Received remote congestion report from (1,1) : status is 1.41007 at 1379527881034 (age = 922 ms)
I0918 18:11:22.034943  7084 sosp_operators.cc:120] (every 1) In last 3 timesteps, 2420730 inserts 2420730 removes. Qsize 0/2000000. TDelta: 2002 Local-ratio: 1.30982 Downstream: 1.41007
I0918 18:11:23.036347  7085 sosp_operators.cc:120] (every 1) In last 3 timesteps, 2420730 inserts 2420730 removes. Qsize 0/2000000. TDelta: 2002 Local-ratio: 1.30982 Downstream: 1.41007
I0918 18:11:23.100819  7085 dataplane_comm.cc:440] Received remote congestion report from (1,1) : status is 1.30337 at 1379527882035 (age = 1065 ms)
I0918 18:11:23.552106  7084 dataplane_comm.cc:440] Received remote congestion report from (1,1) : status is 1.53185 at 1379527883036 (age = 516 ms)
I0918 18:11:24.037868  7089 sosp_operators.cc:120] (every 1) In last 3 timesteps, 2420730 inserts 2420730 removes. Qsize 0/2000000. TDelta: 2003 Local-ratio: 1.30982 Downstream: 1.53185
I0918 18:11:25.039329  7084 sosp_operators.cc:120] (every 1) In last 3 timesteps, 2420730 inserts 2420730 removes. Qsize 0/2000000. TDelta: 2003 Local-ratio: 1.30982 Downstream: 1.53185
I0918 18:11:25.364624  7088 liveness_manager.cc:108] Successfully scheduled message on 192.168.122.151:59907-128.112.7.136:3456
I0918 18:11:25.904733  7085 dataplane_comm.cc:440] Received remote congestion report from (1,1) : status is 1.28663 at 1379527884038 (age = 1866 ms)
I0918 18:11:26.040534  7091 sosp_operators.cc:120] (every 1) In last 3 timesteps, 2420730 inserts 2420730 removes. Qsize 0/2000000. TDelta: 2003 Local-ratio: 1.30982 Downstream: 1.28663
I0918 18:11:27.033762  7091 dataplane_comm.cc:440] Received remote congestion report from (1,1) : status is 1.18641 at 1379527885039 (age = 1994 ms)
I0918 18:11:27.041868  7088 sosp_operators.cc:120] (every 1) In last 3 timesteps, 2420730 inserts 2420712 removes. Qsize 18/2000000. TDelta: 2003 Local-ratio: 1.30981 Downstream: 1.18641
I0918 18:11:27.950801  7089 dataplane_comm.cc:440] Received remote congestion report from (1,1) : status is 1.16243 at 1379527886040 (age = 1910 ms)
I0918 18:11:28.043246  7086 sosp_operators.cc:120] (every 1) In last 3 timesteps, 2420730 inserts 2420712 removes. Qsize 18/2000000. TDelta: 2002 Local-ratio: 1.30981 Downstream: 1.16243
I0918 18:11:28.877542  7084 dataplane_comm.cc:440] Received remote congestion report from (1,1) : status is 1.14151 at 1379527887042 (age = 1835 ms)
I0918 18:11:29.044414  7089 sosp_operators.cc:120] (every 1) In last 3 timesteps, 2420730 inserts 2420712 removes. Qsize 18/2000000. TDelta: 2003 Local-ratio: 1.30981 Downstream: 1.14151
I0918 18:11:29.409986  7086 dataplane_comm.cc:440] Received remote congestion report from (1,1) : status is 1.32606 at 1379527888043 (age = 1366 ms)
I0918 18:11:29.754945  7091 dataplane_comm.cc:440] Received remote congestion report from (1,1) : status is 1.71918 at 1379527889044 (age = 710 ms)
I0918 18:11:30.045814  7084 sosp_operators.cc:120] (every 1) In last 3 timesteps, 2420730 inserts 2420730 removes. Qsize 18/2000000. TDelta: 2003 Local-ratio: 1.30982 Downstream: 1.71918
I0918 18:11:31.047273  7086 sosp_operators.cc:120] (every 1) In last 3 timesteps, 2420730 inserts 2420748 removes. Qsize 0/2000000. TDelta: 2002 Local-ratio: 1.30983 Downstream: 1.71918
I0918 18:11:31.373018  7086 dataplane_comm.cc:440] Received remote congestion report from (1,1) : status is 1.485 at 1379527890046 (age = 1327 ms)
I0918 18:11:32.048488  7084 sosp_operators.cc:120] (every 1) In last 3 timesteps, 2420730 inserts 2420748 removes. Qsize 0/2000000. TDelta: 2003 Local-ratio: 1.30983 Downstream: 1.485
I0918 18:11:32.971454  7084 dataplane_comm.cc:440] Received remote congestion report from (1,1) : status is 1.2701 at 1379527891047 (age = 1924 ms)
I0918 18:11:33.049814  7086 sosp_operators.cc:120] (every 1) In last 3 timesteps, 2420730 inserts 2420730 removes. Qsize 18/2000000. TDelta: 2003 Local-ratio: 1.30982 Downstream: 1.2701
I0918 18:11:33.990479  7084 dataplane_comm.cc:440] Received remote congestion report from (1,1) : status is 1.19791 at 1379527892048 (age = 1942 ms)
I0918 18:11:34.051187  7088 sosp_operators.cc:120] (every 1) In last 3 timesteps, 2420730 inserts 2420712 removes. Qsize 18/2000000. TDelta: 2002 Local-ratio: 1.30981 Downstream: 1.19791
I0918 18:11:34.570504  7084 dataplane_comm.cc:440] Received remote congestion report from (1,1) : status is 1.32947 at 1379527893050 (age = 1520 ms)
I0918 18:11:34.960436  7091 dataplane_comm.cc:440] Received remote congestion report from (1,1) : status is 1.63978 at 1379527894051 (age = 909 ms)
I0918 18:11:35.052564  7086 sosp_operators.cc:120] (every 1) In last 3 timesteps, 2420730 inserts 2420712 removes. Qsize 18/2000000. TDelta: 2003 Local-ratio: 1.30981 Downstream: 1.63978
I0918 18:11:36.053767  7088 sosp_operators.cc:120] (every 1) In last 3 timesteps, 2420730 inserts 2420748 removes. Qsize 0/2000000. TDelta: 2003 Local-ratio: 1.30983 Downstream: 1.63978
I0918 18:11:36.592334  7084 dataplane_comm.cc:440] Received remote congestion report from (1,1) : status is 1.39762 at 1379527895052 (age = 1540 ms)
I0918 18:11:37.055182  7084 sosp_operators.cc:120] (every 1) In last 3 timesteps, 2420730 inserts 2420748 removes. Qsize 0/2000000. TDelta: 2002 Local-ratio: 1.30983 Downstream: 1.39762
I0918 18:11:37.062396  7086 dataplane_comm.cc:440] Received remote congestion report from (1,1) : status is 1.58126 at 1379527896054 (age = 1008 ms)
I0918 18:11:37.362926  7088 dataplane_comm.cc:440] Received remote congestion report from (1,1) : status is 2.15494 at 1379527897055 (age = 307 ms)
I0918 18:11:38.056598  7091 sosp_operators.cc:120] (every 1) In last 3 timesteps, 2420730 inserts 2420748 removes. Qsize 0/2000000. TDelta: 2003 Local-ratio: 1.30983 Downstream: 2.15494
I0918 18:11:38.736644  7085 dataplane_comm.cc:440] Received remote congestion report from (1,1) : status is 2.01429 at 1379527898057 (age = 679 ms)
I0918 18:11:39.058027  7088 sosp_operators.cc:120] (every 1) In last 3 timesteps, 2420730 inserts 2420730 removes. Qsize 0/2000000. TDelta: 2003 Local-ratio: 1.30982 Downstream: 2.01429
I0918 18:11:39.768163  7091 dataplane_comm.cc:440] Received remote congestion report from (1,1) : status is 1.88893 at 1379527899058 (age = 710 ms)
I0918 18:11:40.059181  7088 sosp_operators.cc:120] (every 1) In last 3 timesteps, 2420730 inserts 2420730 removes. Qsize 0/2000000. TDelta: 2003 Local-ratio: 1.30982 Downstream: 1.88893
I0918 18:11:40.634171  7091 dataplane_comm.cc:440] Received remote congestion report from (1,1) : status is 1.89199 at 1379527900059 (age = 575 ms)
I0918 18:11:41.060331  7088 sosp_operators.cc:120] (every 1) In last 3 timesteps, 2420730 inserts 2420730 removes. Qsize 0/2000000. TDelta: 2003 Local-ratio: 1.30982 Downstream: 1.89199
I0918 18:11:42.061498  7089 sosp_operators.cc:120] (every 1) In last 3 timesteps, 2420730 inserts 2420730 removes. Qsize 0/2000000. TDelta: 2002 Local-ratio: 1.30982 Downstream: 1.89199
I0918 18:11:42.226956  7084 dataplane_comm.cc:440] Received remote congestion report from (1,1) : status is 1.6426 at 1379527901060 (age = 1166 ms)
I0918 18:11:42.781976  7085 dataplane_comm.cc:440] Received remote congestion report from (1,1) : status is 1.6824 at 1379527902061 (age = 720 ms)
I0918 18:11:43.062640  7089 sosp_operators.cc:120] (every 1) In last 3 timesteps, 2420730 inserts 2420730 removes. Qsize 0/2000000. TDelta: 2002 Local-ratio: 1.30982 Downstream: 1.6824
I0918 18:11:43.665009  7088 dataplane_comm.cc:440] Received remote congestion report from (1,1) : status is 1.71388 at 1379527903063 (age = 602 ms)
I0918 18:11:44.064010  7089 sosp_operators.cc:120] (every 1) In last 3 timesteps, 2420730 inserts 2420730 removes. Qsize 0/2000000. TDelta: 2002 Local-ratio: 1.30982 Downstream: 1.71388
I0918 18:11:45.065341  7084 sosp_operators.cc:120] (every 1) In last 3 timesteps, 2420730 inserts 2420730 removes. Qsize 0/2000000. TDelta: 2003 Local-ratio: 1.30982 Downstream: 1.71388
I0918 18:11:45.281396  7091 dataplane_comm.cc:440] Received remote congestion report from (1,1) : status is 1.49964 at 1379527904064 (age = 1217 ms)
I0918 18:11:45.761476  7089 dataplane_comm.cc:440] Received remote congestion report from (1,1) : status is 1.64556 at 1379527905065 (age = 696 ms)
I0918 18:11:46.066679  7091 sosp_operators.cc:120] (every 1) In last 3 timesteps, 2420730 inserts 2420730 removes. Qsize 0/2000000. TDelta: 2003 Local-ratio: 1.30982 Downstream: 1.64556
I0918 18:11:47.068085  7089 sosp_operators.cc:120] (every 1) In last 3 timesteps, 2420730 inserts 2420730 removes. Qsize 0/2000000. TDelta: 2002 Local-ratio: 1.30982 Downstream: 1.64556
I0918 18:11:48.069509  7088 sosp_operators.cc:120] (every 1) In last 3 timesteps, 2420730 inserts 2420730 removes. Qsize 0/2000000. TDelta: 2003 Local-ratio: 1.30982 Downstream: 1.64556
I0918 18:11:48.371696  7084 dataplane_comm.cc:440] Received remote congestion report from (1,1) : status is 1.34503 at 1379527906067 (age = 2304 ms)
I0918 18:11:49.070936  7085 sosp_operators.cc:120] (every 1) In last 3 timesteps, 2420730 inserts 2420712 removes. Qsize 18/2000000. TDelta: 2003 Local-ratio: 1.30981 Downstream: 1.34503
I0918 18:11:49.070957  7085 congest_policy.cc:95] setting degradation level for (1,54) to 5/6 (operator ratio = 0.5). Capacity-ratio: 0.85148 at connection to 128.112.7.136:3452 TS 1379527909
I0918 18:11:49.070971  7085 variable_sampling.cc:141] Switching drop frequency by -1 to 50%.
I0918 18:11:50.071974  7088 sosp_operators.cc:120] (every 1) In last 3 timesteps, 2420730 inserts 1613802 removes. Qsize 806928/2000000. TDelta: 2002 Local-ratio: 0.85148 Downstream: 1.34503
I0918 18:11:50.818348  7085 dataplane_comm.cc:440] Received remote congestion report from (1,1) : status is 1.11098 at 1379527907068 (age = 3750 ms)
I0918 18:11:51.072968  7088 sosp_operators.cc:120] (every 1) In last 3 timesteps, 2017290 inserts 1613802 removes. Qsize 403488/2000000. TDelta: 2002 Local-ratio: 1.09677 Downstream: 1.11098
I0918 18:11:51.973501  7086 dataplane_comm.cc:440] Received remote congestion report from (1,1) : status is 1.04969 at 1379527908069 (age = 3904 ms)
I0918 18:11:52.073983  7088 sosp_operators.cc:120] (every 1) In last 3 timesteps, 1613850 inserts 806910 removes. Qsize 806958/2000000. TDelta: 2002 Local-ratio: 0.77721 Downstream: 1.04969
I0918 18:11:52.278771  7085 dataplane_comm.cc:440] Received remote congestion report from (1,1) : status is 1.60694 at 1379527909071 (age = 3207 ms)
I0918 18:11:52.481077  7084 dataplane_comm.cc:440] Received remote congestion report from (1,1) : status is 2.44283 at 1379527910072 (age = 2409 ms)
I0918 18:11:52.894273  7086 dataplane_comm.cc:440] Received remote congestion report from (1,1) : status is 2.43745 at 1379527911073 (age = 1821 ms)
I0918 18:11:53.074851  7088 sosp_operators.cc:120] (every 1) In last 3 timesteps, 1210410 inserts 1613850 removes. Qsize 403488/2000000. TDelta: 2003 Local-ratio: 1.82793 Downstream: 2.43745
I0918 18:11:53.074872  7088 congest_policy.cc:95] setting degradation level for (1,54) to 6/6 (operator ratio = 1). Capacity-ratio: 1.95297 at connection to 128.112.7.136:3452 TS 1379527913
I0918 18:11:53.074883  7088 variable_sampling.cc:141] Switching drop frequency by 1 to 0%.
I0918 18:11:53.186164  7086 dataplane_comm.cc:440] Received remote congestion report from (1,1) : status is 2.68133 at 1379527912074 (age = 1112 ms)
I0918 18:11:54.056272  7091 dataplane_comm.cc:440] Received remote congestion report from (1,1) : status is 2.29835 at 1379527913075 (age = 981 ms)
I0918 18:11:54.076243  7085 sosp_operators.cc:120] (every 1) In last 3 timesteps, 1210410 inserts 1613898 removes. Qsize 0/2000000. TDelta: 2002 Local-ratio: 1.95297 Downstream: 2.29835
I0918 18:11:54.955173  7086 dataplane_comm.cc:440] Received remote congestion report from (1,1) : status is 2.02533 at 1379527914076 (age = 879 ms)
I0918 18:11:55.077682  7084 sosp_operators.cc:120] (every 1) In last 3 timesteps, 1586954 inserts 2393912 removes. Qsize 0/2000000. TDelta: 2002 Local-ratio: 1.9811 Downstream: 2.02533
I0918 18:11:56.078907  7088 sosp_operators.cc:120] (every 1) In last 3 timesteps, 1990394 inserts 2393882 removes. Qsize 0/2000000. TDelta: 2003 Local-ratio: 1.57953 Downstream: 2.02533
I0918 18:11:56.531667  7086 dataplane_comm.cc:440] Received remote congestion report from (1,1) : status is 1.69706 at 1379527915078 (age = 1453 ms)
I0918 18:11:57.043470  7084 dataplane_comm.cc:440] Received remote congestion report from (1,1) : status is 1.76108 at 1379527916079 (age = 964 ms)
I0918 18:11:57.080020  7088 sosp_operators.cc:120] (every 1) In last 3 timesteps, 2393834 inserts 2393834 removes. Qsize 0/2000000. TDelta: 2002 Local-ratio: 1.3133 Downstream: 1.76108
I0918 18:11:58.081143  7088 sosp_operators.cc:120] (every 1) In last 3 timesteps, 2420730 inserts 2420730 removes. Qsize 0/2000000. TDelta: 2003 Local-ratio: 1.30982 Downstream: 1.76108
I0918 18:11:58.106395  7088 dataplane_comm.cc:440] Received remote congestion report from (1,1) : status is 1.57669 at 1379527917080 (age = 1026 ms)
I0918 18:11:58.521854  7084 dataplane_comm.cc:440] Received remote congestion report from (1,1) : status is 1.82191 at 1379527918081 (age = 440 ms)
I0918 18:11:59.082311  7085 sosp_operators.cc:120] (every 1) In last 3 timesteps, 2420730 inserts 2420730 removes. Qsize 0/2000000. TDelta: 2003 Local-ratio: 1.30982 Downstream: 1.82191
I0918 18:11:59.647053  7084 dataplane_comm.cc:440] Received remote congestion report from (1,1) : status is 1.85187 at 1379527919082 (age = 565 ms)
I0918 18:12:00.083487  7085 sosp_operators.cc:120] (every 1) In last 3 timesteps, 2420730 inserts 2420730 removes. Qsize 0/2000000. TDelta: 2002 Local-ratio: 1.30982 Downstream: 1.85187
I0918 18:12:01.084632  7085 sosp_operators.cc:120] (every 1) In last 3 timesteps, 2420730 inserts 2420730 removes. Qsize 0/2000000. TDelta: 2002 Local-ratio: 1.30982 Downstream: 1.85187
I0918 18:12:02.085997  7085 sosp_operators.cc:120] (every 1) In last 3 timesteps, 2420730 inserts 2420730 removes. Qsize 0/2000000. TDelta: 2002 Local-ratio: 1.30982 Downstream: 1.85187
I0918 18:12:02.139036  7085 dataplane_comm.cc:440] Received remote congestion report from (1,1) : status is 1.51353 at 1379527920083 (age = 2056 ms)
I0918 18:12:03.087533  7091 sosp_operators.cc:120] (every 1) In last 3 timesteps, 2420730 inserts 2420712 removes. Qsize 18/2000000. TDelta: 2003 Local-ratio: 1.30981 Downstream: 1.51353
I0918 18:12:03.676367  7085 dataplane_comm.cc:440] Received remote congestion report from (1,1) : status is 1.2978 at 1379527921085 (age = 2591 ms)
I0918 18:12:04.088789  7085 sosp_operators.cc:120] (every 1) In last 3 timesteps, 2420730 inserts 2420712 removes. Qsize 18/2000000. TDelta: 2003 Local-ratio: 1.30981 Downstream: 1.2978
I0918 18:12:04.279135  7088 dataplane_comm.cc:440] Received remote congestion report from (1,1) : status is 1.38863 at 1379527922086 (age = 2193 ms)
I0918 18:12:04.669780  7088 dataplane_comm.cc:440] Received remote congestion report from (1,1) : status is 1.68086 at 1379527923088 (age = 1581 ms)
I0918 18:12:04.941972  7086 dataplane_comm.cc:440] Received remote congestion report from (1,1) : status is 2.17976 at 1379527924089 (age = 852 ms)
I0918 18:12:05.090239  7089 sosp_operators.cc:120] (every 1) In last 3 timesteps, 2420730 inserts 2420712 removes. Qsize 18/2000000. TDelta: 2002 Local-ratio: 1.30981 Downstream: 2.17976
I0918 18:12:05.367146  7088 liveness_manager.cc:108] Successfully scheduled message on 192.168.122.151:59907-128.112.7.136:3456
I0918 18:12:06.091672  7088 sosp_operators.cc:120] (every 1) In last 3 timesteps, 2420730 inserts 2420748 removes. Qsize 0/2000000. TDelta: 2003 Local-ratio: 1.30983 Downstream: 2.17976
I0918 18:12:06.404779  7086 dataplane_comm.cc:440] Received remote congestion report from (1,1) : status is 1.83245 at 1379527925090 (age = 1314 ms)
I0918 18:12:07.092869  7088 sosp_operators.cc:120] (every 1) In last 3 timesteps, 2420730 inserts 2420748 removes. Qsize 0/2000000. TDelta: 2003 Local-ratio: 1.30983 Downstream: 1.83245
I0918 18:12:08.008074  7088 dataplane_comm.cc:440] Received remote congestion report from (1,1) : status is 1.5302 at 1379527926092 (age = 1916 ms)
I0918 18:12:08.094301  7084 sosp_operators.cc:120] (every 1) In last 3 timesteps, 2420730 inserts 2420730 removes. Qsize 18/2000000. TDelta: 2002 Local-ratio: 1.30982 Downstream: 1.5302
I0918 18:12:08.573622  7086 dataplane_comm.cc:440] Received remote congestion report from (1,1) : status is 1.59013 at 1379527927093 (age = 1480 ms)
I0918 18:12:08.968543  7089 dataplane_comm.cc:440] Received remote congestion report from (1,1) : status is 1.82551 at 1379527928094 (age = 874 ms)
I0918 18:12:09.095847  7090 sosp_operators.cc:120] (every 1) In last 3 timesteps, 2420730 inserts 2420712 removes. Qsize 18/2000000. TDelta: 2003 Local-ratio: 1.30981 Downstream: 1.82551
I0918 18:12:09.934589  7089 dataplane_comm.cc:440] Received remote congestion report from (1,1) : status is 1.68599 at 1379527929096 (age = 838 ms)
I0918 18:12:10.097074  7084 sosp_operators.cc:120] (every 1) In last 3 timesteps, 2420730 inserts 2420730 removes. Qsize 0/2000000. TDelta: 2003 Local-ratio: 1.30982 Downstream: 1.68599
I0918 18:12:11.098286  7089 sosp_operators.cc:120] (every 1) In last 3 timesteps, 2420730 inserts 2420748 removes. Qsize 0/2000000. TDelta: 2003 Local-ratio: 1.30983 Downstream: 1.68599
I0918 18:12:11.174541  7086 dataplane_comm.cc:440] Received remote congestion report from (1,1) : status is 1.50768 at 1379527930097 (age = 1077 ms)
I0918 18:12:11.547260  7084 dataplane_comm.cc:440] Received remote congestion report from (1,1) : status is 1.8028 at 1379527931098 (age = 449 ms)
I0918 18:12:12.099442  7089 sosp_operators.cc:120] (every 1) In last 3 timesteps, 2420730 inserts 2420748 removes. Qsize 0/2000000. TDelta: 2003 Local-ratio: 1.30983 Downstream: 1.8028
I0918 18:12:13.100741  7084 sosp_operators.cc:120] (every 1) In last 3 timesteps, 2420730 inserts 2420730 removes. Qsize 0/2000000. TDelta: 2002 Local-ratio: 1.30982 Downstream: 1.8028
I0918 18:12:13.696867  7088 dataplane_comm.cc:440] Received remote congestion report from (1,1) : status is 1.5136 at 1379527932099 (age = 1597 ms)
I0918 18:12:14.102097  7089 sosp_operators.cc:120] (every 1) In last 3 timesteps, 2420730 inserts 2420730 removes. Qsize 0/2000000. TDelta: 2002 Local-ratio: 1.30982 Downstream: 1.5136
I0918 18:12:14.583343  7086 dataplane_comm.cc:440] Received remote congestion report from (1,1) : status is 1.41705 at 1379527933101 (age = 1482 ms)
I0918 18:12:15.103318  7090 sosp_operators.cc:120] (every 1) In last 3 timesteps, 2420730 inserts 2420730 removes. Qsize 0/2000000. TDelta: 2003 Local-ratio: 1.30982 Downstream: 1.41705
I0918 18:12:15.476500  7090 dataplane_comm.cc:440] Received remote congestion report from (1,1) : status is 1.34274 at 1379527934102 (age = 1374 ms)
I0918 18:12:15.890476  7086 dataplane_comm.cc:440] Received remote congestion report from (1,1) : status is 1.61092 at 1379527935103 (age = 787 ms)
I0918 18:12:16.104503  7090 sosp_operators.cc:120] (every 1) In last 3 timesteps, 2420730 inserts 2420712 removes. Qsize 18/2000000. TDelta: 2003 Local-ratio: 1.30981 Downstream: 1.61092
I0918 18:12:16.609520  7089 dataplane_comm.cc:440] Received remote congestion report from (1,1) : status is 1.75644 at 1379527936104 (age = 505 ms)
I0918 18:12:17.105651  7090 sosp_operators.cc:120] (every 1) In last 3 timesteps, 2420730 inserts 2420730 removes. Qsize 0/2000000. TDelta: 2002 Local-ratio: 1.30982 Downstream: 1.75644
I0918 18:12:18.106997  7089 sosp_operators.cc:120] (every 1) In last 3 timesteps, 2420730 inserts 2420730 removes. Qsize 0/2000000. TDelta: 2002 Local-ratio: 1.30982 Downstream: 1.75644
I0918 18:12:18.413370  7090 dataplane_comm.cc:440] Received remote congestion report from (1,1) : status is 1.5159 at 1379527937106 (age = 1307 ms)
I0918 18:12:19.108394  7086 sosp_operators.cc:120] (every 1) In last 3 timesteps, 2420730 inserts 2420748 removes. Qsize 0/2000000. TDelta: 2003 Local-ratio: 1.30983 Downstream: 1.5159
I0918 18:12:19.583962  7084 dataplane_comm.cc:440] Received remote congestion report from (1,1) : status is 1.3506 at 1379527938107 (age = 1476 ms)
I0918 18:12:20.109747  7089 sosp_operators.cc:120] (every 1) In last 3 timesteps, 2420730 inserts 2420730 removes. Qsize 0/2000000. TDelta: 2003 Local-ratio: 1.30982 Downstream: 1.3506
I0918 18:12:20.631497  7084 dataplane_comm.cc:440] Received remote congestion report from (1,1) : status is 1.2515 at 1379527939108 (age = 1523 ms)
I0918 18:12:21.111137  7084 sosp_operators.cc:120] (every 1) In last 3 timesteps, 2420730 inserts 2420730 removes. Qsize 0/2000000. TDelta: 2002 Local-ratio: 1.30982 Downstream: 1.2515
I0918 18:12:21.348949  7086 dataplane_comm.cc:440] Received remote congestion report from (1,1) : status is 1.2873 at 1379527940110 (age = 1238 ms)
I0918 18:12:22.112514  7090 sosp_operators.cc:120] (every 1) In last 3 timesteps, 2420730 inserts 2420730 removes. Qsize 0/2000000. TDelta: 2003 Local-ratio: 1.30982 Downstream: 1.2873
I0918 18:12:23.036288  7088 dataplane_comm.cc:440] Received remote congestion report from (1,1) : status is 1.11367 at 1379527941111 (age = 1925 ms)
I0918 18:12:23.113860  7084 sosp_operators.cc:120] (every 1) In last 3 timesteps, 2420730 inserts 2420712 removes. Qsize 18/2000000. TDelta: 2003 Local-ratio: 1.30981 Downstream: 1.11367
I0918 18:12:24.115294  7088 sosp_operators.cc:120] (every 1) In last 3 timesteps, 2420730 inserts 2420712 removes. Qsize 18/2000000. TDelta: 2002 Local-ratio: 1.30981 Downstream: 1.11367
I0918 18:12:24.115314  7088 congest_policy.cc:95] setting degradation level for (1,54) to 5/6 (operator ratio = 0.5). Capacity-ratio: 0.85148 at connection to 128.112.7.136:3452 TS 1379527944
I0918 18:12:24.115327  7088 variable_sampling.cc:141] Switching drop frequency by -1 to 50%.
I0918 18:12:25.116356  7089 sosp_operators.cc:120] (every 1) In last 3 timesteps, 2420730 inserts 1613802 removes. Qsize 806928/2000000. TDelta: 2003 Local-ratio: 0.85148 Downstream: 1.11367
I0918 18:12:25.511714  7086 dataplane_comm.cc:440] Received remote congestion report from (1,1) : status is 0.93626 at 1379527942112 (age = 3399 ms)
I0918 18:12:26.117506  7086 sosp_operators.cc:120] (every 1) In last 3 timesteps, 2017290 inserts 1613820 removes. Qsize 403488/2000000. TDelta: 2003 Local-ratio: 1.09677 Downstream: 0.93626
I0918 18:12:26.182150  7085 dataplane_comm.cc:440] Received remote congestion report from (1,1) : status is 1.07477 at 1379527943114 (age = 3068 ms)
I0918 18:12:26.430320  7086 dataplane_comm.cc:440] Received remote congestion report from (1,1) : status is 1.81414 at 1379527944115 (age = 2315 ms)
I0918 18:12:26.615715  7089 dataplane_comm.cc:440] Received remote congestion report from (1,1) : status is 2.71196 at 1379527945116 (age = 1499 ms)
I0918 18:12:26.775197  7086 dataplane_comm.cc:440] Received remote congestion report from (1,1) : status is 3.6063 at 1379527946117 (age = 658 ms)
I0918 18:12:27.118579  7088 sosp_operators.cc:120] (every 1) In last 3 timesteps, 1613850 inserts 1613850 removes. Qsize 18/2000000. TDelta: 2002 Local-ratio: 1.46472 Downstream: 3.6063
I0918 18:12:27.118605  7088 congest_policy.cc:95] setting degradation level for (1,54) to 6/6 (operator ratio = 1). Capacity-ratio: 2.28628 at connection to 128.112.7.136:3452 TS 1379527947
I0918 18:12:27.118618  7088 variable_sampling.cc:141] Switching drop frequency by 1 to 0%.
I0918 18:12:27.537600  7089 dataplane_comm.cc:440] Received remote congestion report from (1,1) : status is 3.38223 at 1379527947119 (age = 418 ms)
I0918 18:12:28.119762  7086 sosp_operators.cc:120] (every 1) In last 3 timesteps, 1210410 inserts 2017338 removes. Qsize 0/2000000. TDelta: 2002 Local-ratio: 2.28628 Downstream: 3.38223
I0918 18:12:29.121101  7089 sosp_operators.cc:120] (every 1) In last 3 timesteps, 1586954 inserts 1990442 removes. Qsize 0/2000000. TDelta: 2002 Local-ratio: 1.72686 Downstream: 3.38223
I0918 18:12:29.991458  7085 dataplane_comm.cc:440] Received remote congestion report from (1,1) : status is 2.67381 at 1379527948120 (age = 1871 ms)
I0918 18:12:30.122262  7089 sosp_operators.cc:120] (every 1) In last 3 timesteps, 1990394 inserts 1990412 removes. Qsize 0/2000000. TDelta: 2003 Local-ratio: 1.37682 Downstream: 2.67381
I0918 18:12:30.450415  7089 dataplane_comm.cc:440] Received remote congestion report from (1,1) : status is 2.55002 at 1379527949121 (age = 1329 ms)
I0918 18:12:30.766638  7090 dataplane_comm.cc:440] Received remote congestion report from (1,1) : status is 2.70365 at 1379527950122 (age = 644 ms)
I0918 18:12:31.123659  7084 sosp_operators.cc:120] (every 1) In last 3 timesteps, 2393834 inserts 2393816 removes. Qsize 18/2000000. TDelta: 2003 Local-ratio: 1.31329 Downstream: 2.70365
I0918 18:12:31.545842  7088 dataplane_comm.cc:440] Received remote congestion report from (1,1) : status is 2.69798 at 1379527951124 (age = 421 ms)
I0918 18:12:32.124974  7085 sosp_operators.cc:120] (every 1) In last 3 timesteps, 2420730 inserts 2420730 removes. Qsize 0/2000000. TDelta: 2002 Local-ratio: 1.30982 Downstream: 2.69798
I0918 18:12:33.126374  7088 sosp_operators.cc:120] (every 1) In last 3 timesteps, 2420730 inserts 2420730 removes. Qsize 0/2000000. TDelta: 2002 Local-ratio: 1.30982 Downstream: 2.69798
I0918 18:12:33.372268  7089 dataplane_comm.cc:440] Received remote congestion report from (1,1) : status is 2.23217 at 1379527952125 (age = 1247 ms)
I0918 18:12:34.127738  7089 sosp_operators.cc:120] (every 1) In last 3 timesteps, 2420730 inserts 2420748 removes. Qsize 0/2000000. TDelta: 2003 Local-ratio: 1.30983 Downstream: 2.23217
I0918 18:12:34.341555  7089 dataplane_comm.cc:440] Received remote congestion report from (1,1) : status is 1.93212 at 1379527953126 (age = 1215 ms)
I0918 18:12:34.854130  7090 dataplane_comm.cc:440] Received remote congestion report from (1,1) : status is 1.93737 at 1379527954128 (age = 726 ms)
I0918 18:12:35.129112  7089 sosp_operators.cc:120] (every 1) In last 3 timesteps, 2420730 inserts 2420730 removes. Qsize 0/2000000. TDelta: 2003 Local-ratio: 1.30982 Downstream: 1.93737
I0918 18:12:35.657532  7089 dataplane_comm.cc:440] Received remote congestion report from (1,1) : status is 1.97604 at 1379527955129 (age = 528 ms)
I0918 18:12:36.130331  7084 sosp_operators.cc:120] (every 1) In last 3 timesteps, 2420730 inserts 2420730 removes. Qsize 0/2000000. TDelta: 2003 Local-ratio: 1.30982 Downstream: 1.97604
I0918 18:12:36.761767  7089 dataplane_comm.cc:440] Received remote congestion report from (1,1) : status is 1.91381 at 1379527956130 (age = 631 ms)
I0918 18:12:37.131425  7084 sosp_operators.cc:120] (every 1) In last 3 timesteps, 2420730 inserts 2420730 removes. Qsize 0/2000000. TDelta: 2003 Local-ratio: 1.30982 Downstream: 1.91381
I0918 18:12:37.653858  7090 dataplane_comm.cc:440] Received remote congestion report from (1,1) : status is 1.96502 at 1379527957131 (age = 522 ms)
I0918 18:12:38.132712  7089 sosp_operators.cc:120] (every 1) In last 3 timesteps, 2420730 inserts 2420730 removes. Qsize 0/2000000. TDelta: 2002 Local-ratio: 1.30982 Downstream: 1.96502
I0918 18:12:38.793864  7088 dataplane_comm.cc:440] Received remote congestion report from (1,1) : status is 1.88159 at 1379527958133 (age = 660 ms)
I0918 18:12:39.133829  7089 sosp_operators.cc:120] (every 1) In last 3 timesteps, 2420730 inserts 2420730 removes. Qsize 0/2000000. TDelta: 2002 Local-ratio: 1.30982 Downstream: 1.88159
I0918 18:12:40.135207  7088 sosp_operators.cc:120] (every 1) In last 3 timesteps, 2420730 inserts 2420730 removes. Qsize 0/2000000. TDelta: 2002 Local-ratio: 1.30982 Downstream: 1.88159
I0918 18:12:40.639834  7090 dataplane_comm.cc:440] Received remote congestion report from (1,1) : status is 1.58278 at 1379527959134 (age = 1505 ms)
I0918 18:12:41.136585  7089 sosp_operators.cc:120] (every 1) In last 3 timesteps, 2420730 inserts 2420730 removes. Qsize 0/2000000. TDelta: 2003 Local-ratio: 1.30982 Downstream: 1.58278
I0918 18:12:42.137810  7084 sosp_operators.cc:120] (every 1) In last 3 timesteps, 2420730 inserts 2420712 removes. Qsize 18/2000000. TDelta: 2003 Local-ratio: 1.30981 Downstream: 1.58278
I0918 18:12:42.372684  7088 dataplane_comm.cc:440] Received remote congestion report from (1,1) : status is 1.33143 at 1379527960135 (age = 2237 ms)
I0918 18:12:43.046005  7089 dataplane_comm.cc:440] Received remote congestion report from (1,1) : status is 1.36949 at 1379527961137 (age = 1909 ms)
I0918 18:12:43.138962  7084 sosp_operators.cc:120] (every 1) In last 3 timesteps, 2420730 inserts 2420712 removes. Qsize 18/2000000. TDelta: 2002 Local-ratio: 1.30981 Downstream: 1.36949
I0918 18:12:43.402070  7090 dataplane_comm.cc:440] Received remote congestion report from (1,1) : status is 1.72937 at 1379527962138 (age = 1264 ms)
I0918 18:12:44.140321  7091 sosp_operators.cc:120] (every 1) In last 3 timesteps, 2420730 inserts 2420712 removes. Qsize 18/2000000. TDelta: 2002 Local-ratio: 1.30981 Downstream: 1.72937
I0918 18:12:45.141644  7089 sosp_operators.cc:120] (every 1) In last 3 timesteps, 2420730 inserts 2420748 removes. Qsize 0/2000000. TDelta: 2003 Local-ratio: 1.30983 Downstream: 1.72937
I0918 18:12:45.369477  7091 liveness_manager.cc:108] Successfully scheduled message on 192.168.122.151:59907-128.112.7.136:3456
I0918 18:12:45.939249  7084 dataplane_comm.cc:440] Received remote congestion report from (1,1) : status is 1.39557 at 1379527963139 (age = 2800 ms)
I0918 18:12:46.142827  7091 sosp_operators.cc:120] (every 1) In last 3 timesteps, 2420730 inserts 2420730 removes. Qsize 18/2000000. TDelta: 2003 Local-ratio: 1.30982 Downstream: 1.39557
I0918 18:12:46.142846  7091 congest_policy.cc:95] setting degradation level for (1,54) to 5/6 (operator ratio = 0.5). Capacity-ratio: 0.851488 at connection to 128.112.7.136:3452 TS 1379527966
I0918 18:12:46.142859  7091 variable_sampling.cc:141] Switching drop frequency by -1 to 50%.
I0918 18:12:47.143853  7091 sosp_operators.cc:120] (every 1) In last 3 timesteps, 2420730 inserts 1613820 removes. Qsize 806928/2000000. TDelta: 2002 Local-ratio: 0.851488 Downstream: 1.39557
I0918 18:12:47.253489  7086 dataplane_comm.cc:440] Received remote congestion report from (1,1) : status is 1.23693 at 1379527964140 (age = 3113 ms)
I0918 18:12:48.145001  7090 sosp_operators.cc:120] (every 1) In last 3 timesteps, 2017290 inserts 1613802 removes. Qsize 403488/2000000. TDelta: 2002 Local-ratio: 1.09677 Downstream: 1.23693
I0918 18:12:48.224400  7090 dataplane_comm.cc:440] Received remote congestion report from (1,1) : status is 1.18543 at 1379527965142 (age = 3082 ms)
I0918 18:12:48.534720  7086 dataplane_comm.cc:440] Received remote congestion report from (1,1) : status is 1.69293 at 1379527966143 (age = 2391 ms)
I0918 18:12:48.772232  7084 dataplane_comm.cc:440] Received remote congestion report from (1,1) : status is 2.32455 at 1379527967144 (age = 1628 ms)
I0918 18:12:48.959732  7089 dataplane_comm.cc:440] Received remote congestion report from (1,1) : status is 3.08031 at 1379527968145 (age = 814 ms)
I0918 18:12:49.146224  7086 sosp_operators.cc:120] (every 1) In last 3 timesteps, 1613850 inserts 1210380 removes. Qsize 403488/2000000. TDelta: 2003 Local-ratio: 1.12097 Downstream: 3.08031
I0918 18:12:49.146249  7086 congest_policy.cc:95] setting degradation level for (1,54) to 6/6 (operator ratio = 1). Capacity-ratio: 2.28628 at connection to 128.112.7.136:3452 TS 1379527969
I0918 18:12:49.146261  7086 variable_sampling.cc:141] Switching drop frequency by 1 to 0%.
I0918 18:12:49.503155  7086 dataplane_comm.cc:440] Received remote congestion report from (1,1) : status is 3.12192 at 1379527969146 (age = 357 ms)
I0918 18:12:50.147433  7090 sosp_operators.cc:120] (every 1) In last 3 timesteps, 1210410 inserts 2017338 removes. Qsize 0/2000000. TDelta: 2003 Local-ratio: 2.28628 Downstream: 3.12192
I0918 18:12:51.148571  7090 sosp_operators.cc:120] (every 1) In last 3 timesteps, 1586954 inserts 1990442 removes. Qsize 0/2000000. TDelta: 2002 Local-ratio: 1.72686 Downstream: 3.12192
I0918 18:12:52.149772  7084 sosp_operators.cc:120] (every 1) In last 3 timesteps, 1990394 inserts 2393882 removes. Qsize 0/2000000. TDelta: 2002 Local-ratio: 1.57953 Downstream: 3.12192
I0918 18:12:52.839946  7090 dataplane_comm.cc:440] Received remote congestion report from (1,1) : status is 2.436 at 1379527970147 (age = 2692 ms)
I0918 18:12:53.150948  7086 sosp_operators.cc:120] (every 1) In last 3 timesteps, 2393834 inserts 2393816 removes. Qsize 18/2000000. TDelta: 2002 Local-ratio: 1.31329 Downstream: 2.436
I0918 18:12:53.150967  7086 congest_policy.cc:95] setting degradation level for (1,54) to 5/6 (operator ratio = 0.5). Capacity-ratio: 0.85148 at connection to 128.112.7.136:3452 TS 1379527973
I0918 18:12:53.150980  7086 variable_sampling.cc:141] Switching drop frequency by -1 to 50%.
I0918 18:12:53.885608  7084 dataplane_comm.cc:440] Received remote congestion report from (1,1) : status is 2.06623 at 1379527971148 (age = 2737 ms)
I0918 18:12:54.152009  7091 sosp_operators.cc:120] (every 1) In last 3 timesteps, 2420730 inserts 1613802 removes. Qsize 806928/2000000. TDelta: 2002 Local-ratio: 0.85148 Downstream: 2.06623
I0918 18:12:54.952287  7089 dataplane_comm.cc:440] Received remote congestion report from (1,1) : status is 1.78419 at 1379527972150 (age = 2802 ms)
I0918 18:12:55.153188  7084 sosp_operators.cc:120] (every 1) In last 3 timesteps, 2017290 inserts 2017272 removes. Qsize 18/2000000. TDelta: 2003 Local-ratio: 1.37177 Downstream: 1.78419
I0918 18:12:55.298087  7090 dataplane_comm.cc:440] Received remote congestion report from (1,1) : status is 2.06069 at 1379527973151 (age = 2147 ms)
I0918 18:12:55.556344  7090 dataplane_comm.cc:440] Received remote congestion report from (1,1) : status is 2.51451 at 1379527974152 (age = 1404 ms)
I0918 18:12:55.722970  7084 dataplane_comm.cc:440] Received remote congestion report from (1,1) : status is 3.38289 at 1379527975153 (age = 569 ms)
I0918 18:12:56.154424  7089 sosp_operators.cc:120] (every 1) In last 3 timesteps, 1613850 inserts 1613850 removes. Qsize 18/2000000. TDelta: 2003 Local-ratio: 1.46472 Downstream: 3.38289
I0918 18:12:56.154454  7089 congest_policy.cc:95] setting degradation level for (1,54) to 6/6 (operator ratio = 1). Capacity-ratio: 2.28628 at connection to 128.112.7.136:3452 TS 1379527976
I0918 18:12:56.154467  7089 variable_sampling.cc:141] Switching drop frequency by 1 to 0%.
I0918 18:12:56.676668  7084 dataplane_comm.cc:440] Received remote congestion report from (1,1) : status is 3.06571 at 1379527976154 (age = 522 ms)
I0918 18:12:57.155659  7089 sosp_operators.cc:120] (every 1) In last 3 timesteps, 1210410 inserts 2017338 removes. Qsize 0/2000000. TDelta: 2002 Local-ratio: 2.28628 Downstream: 3.06571
I0918 18:12:58.156890  7091 sosp_operators.cc:120] (every 1) In last 3 timesteps, 1586954 inserts 1586972 removes. Qsize 0/2000000. TDelta: 2002 Local-ratio: 1.47261 Downstream: 3.06571
I0918 18:12:58.324928  7089 dataplane_comm.cc:440] Received remote congestion report from (1,1) : status is 2.52249 at 1379527977156 (age = 1168 ms)
I0918 18:12:59.158107  7084 sosp_operators.cc:120] (every 1) In last 3 timesteps, 1990394 inserts 1990412 removes. Qsize 0/2000000. TDelta: 2002 Local-ratio: 1.37682 Downstream: 2.52249
I0918 18:12:59.551224  7090 dataplane_comm.cc:440] Received remote congestion report from (1,1) : status is 2.09579 at 1379527978157 (age = 1394 ms)
I0918 18:13:00.159277  7084 sosp_operators.cc:120] (every 1) In last 3 timesteps, 2393834 inserts 2393834 removes. Qsize 0/2000000. TDelta: 2003 Local-ratio: 1.3133 Downstream: 2.09579
I0918 18:13:00.473280  7089 dataplane_comm.cc:440] Received remote congestion report from (1,1) : status is 1.84299 at 1379527979158 (age = 1315 ms)
I0918 18:13:00.902849  7084 dataplane_comm.cc:440] Received remote congestion report from (1,1) : status is 1.96499 at 1379527980159 (age = 743 ms)
I0918 18:13:01.160397  7091 sosp_operators.cc:120] (every 1) In last 3 timesteps, 2420730 inserts 2420730 removes. Qsize 0/2000000. TDelta: 2003 Local-ratio: 1.30982 Downstream: 1.96499
I0918 18:13:01.681015  7090 dataplane_comm.cc:440] Received remote congestion report from (1,1) : status is 2.00341 at 1379527981160 (age = 521 ms)
I0918 18:13:02.161622  7084 sosp_operators.cc:120] (every 1) In last 3 timesteps, 2420730 inserts 2420730 removes. Qsize 0/2000000. TDelta: 2002 Local-ratio: 1.30982 Downstream: 2.00341
I0918 18:13:03.135004  7086 dataplane_comm.cc:440] Received remote congestion report from (1,1) : status is 1.77312 at 1379527982162 (age = 973 ms)
I0918 18:13:03.162730  7084 sosp_operators.cc:120] (every 1) In last 3 timesteps, 2420730 inserts 2420730 removes. Qsize 0/2000000. TDelta: 2002 Local-ratio: 1.30982 Downstream: 1.77312
I0918 18:13:03.681260  7084 dataplane_comm.cc:440] Received remote congestion report from (1,1) : status is 1.86289 at 1379527983163 (age = 518 ms)
I0918 18:13:04.164134  7086 sosp_operators.cc:120] (every 1) In last 3 timesteps, 2420730 inserts 2420730 removes. Qsize 0/2000000. TDelta: 2002 Local-ratio: 1.30982 Downstream: 1.86289
I0918 18:13:04.833843  7090 dataplane_comm.cc:440] Received remote congestion report from (1,1) : status is 1.80301 at 1379527984164 (age = 669 ms)
I0918 18:13:05.165305  7086 sosp_operators.cc:120] (every 1) In last 3 timesteps, 2420730 inserts 2420730 removes. Qsize 0/2000000. TDelta: 2003 Local-ratio: 1.30982 Downstream: 1.80301
I0918 18:13:05.724802  7084 dataplane_comm.cc:440] Received remote congestion report from (1,1) : status is 1.84149 at 1379527985165 (age = 559 ms)
I0918 18:13:06.166529  7091 sosp_operators.cc:120] (every 1) In last 3 timesteps, 2420730 inserts 2420730 removes. Qsize 0/2000000. TDelta: 2003 Local-ratio: 1.30982 Downstream: 1.84149
I0918 18:13:06.689023  7084 dataplane_comm.cc:440] Received remote congestion report from (1,1) : status is 1.90966 at 1379527986166 (age = 523 ms)
I0918 18:13:07.167742  7089 sosp_operators.cc:120] (every 1) In last 3 timesteps, 2420730 inserts 2420730 removes. Qsize 0/2000000. TDelta: 2002 Local-ratio: 1.30982 Downstream: 1.90966
I0918 18:13:07.747231  7091 dataplane_comm.cc:440] Received remote congestion report from (1,1) : status is 1.90394 at 1379527987168 (age = 579 ms)
I0918 18:13:08.168968  7086 sosp_operators.cc:120] (every 1) In last 3 timesteps, 2420730 inserts 2420730 removes. Qsize 0/2000000. TDelta: 2002 Local-ratio: 1.30982 Downstream: 1.90394
I0918 18:13:09.170346  7091 sosp_operators.cc:120] (every 1) In last 3 timesteps, 2420730 inserts 2420730 removes. Qsize 0/2000000. TDelta: 2002 Local-ratio: 1.30982 Downstream: 1.90394
I0918 18:13:10.139322  7089 dataplane_comm.cc:440] Received remote congestion report from (1,1) : status is 1.5581 at 1379527988169 (age = 1970 ms)
I0918 18:13:10.171502  7091 sosp_operators.cc:120] (every 1) In last 3 timesteps, 2420730 inserts 2420730 removes. Qsize 0/2000000. TDelta: 2003 Local-ratio: 1.30982 Downstream: 1.5581
