I0918 18:07:36.884821 14336 node.cc:37] creating node
I0918 18:07:36.884925 14336 node.cc:46] possible controller: 128.112.7.136:3456
I0918 18:07:36.885551 14336 node.cc:75] *********** 
					Node ID is 130.207.98.44:59685
 					     *********** 
I0918 18:07:36.885637 14336 node.cc:104] starting thread pool with 8 threads
I0918 18:07:36.888849 14336 node_web_interface.cc:32] Web server on 130.207.98.44:8080
I0918 18:07:36.935564 14339 node.cc:208] Connected to controller: 128.112.7.136:3456
I0918 18:07:36.935610 14339 liveness_manager.cc:37] Starting notifications; four-tuple is 192.168.122.186:36276-128.112.7.136:3456
I0918 18:07:36.935775 14339 liveness_manager.cc:108] Successfully scheduled message on 192.168.122.186:36276-128.112.7.136:3456
I0918 18:08:16.939604 14342 liveness_manager.cc:108] Successfully scheduled message on 192.168.122.186:36276-128.112.7.136:3456
I0918 18:08:56.943224 14339 liveness_manager.cc:108] Successfully scheduled message on 192.168.122.186:36276-128.112.7.136:3456
I0918 18:09:36.946650 14342 liveness_manager.cc:108] Successfully scheduled message on 192.168.122.186:36276-128.112.7.136:3456
I0918 18:10:16.949899 14341 liveness_manager.cc:108] Successfully scheduled message on 192.168.122.186:36276-128.112.7.136:3456
I0918 18:10:56.952826 14344 liveness_manager.cc:108] Successfully scheduled message on 192.168.122.186:36276-128.112.7.136:3456
I0918 18:11:00.883049 14338 node.cc:403] Request to create 0 cubes and 3 operators.
I0918 18:11:00.883468 14338 sosp_operators.cc:156] Blob reader (1,80) will iterate over 1 files in /sample_images
I0918 18:11:00.883581 14338 node.cc:441] configured operator (1,80) of type BlobReader ok
I0918 18:11:00.883712 14338 variable_sampling.cc:117] Configured Fixed-interval sampling operator. max_drops=4
I0918 18:11:00.883735 14338 node.cc:441] configured operator (1,81) of type IntervalSamplingOperator ok
I0918 18:11:00.883771 14338 node.cc:441] configured operator (1,82) of type TimestampOperator ok
I0918 18:11:00.883940 14338 node.cc:600] building chains
I0918 18:11:00.883983 14338 node.cc:614] Found a chain starting from (1,80)
I0918 18:11:00.884074 14338 node.cc:621] adding (1,80)
I0918 18:11:00.884110 14338 node.cc:621] adding (1,81)
I0918 18:11:00.884127 14338 node.cc:621] adding (1,82)
I0918 18:11:00.884481 14338 node.cc:621] adding (1,1) on 128.112.7.136:3452 (waiting for dest)
I0918 18:11:00.884524 14338 node.cc:651] 1 chains built
I0918 18:11:00.884618 14338 dataplane_comm.cc:698]  trying to send data to (1,1) on 128.112.7.136:3452 through closed conn. Should block
I0918 18:11:00.933445 14345 dataplane_comm.cc:368] RDA to 128.112.7.136:3452 set up OK
I0918 18:11:00.933609 14345 dataplane_comm.cc:405] Chain connect sent
I0918 18:11:00.986182 14345 dataplane_comm.cc:424] got ready back from (1,1)
I0918 18:11:00.986326 14338 node.cc:712] added default congestion policy for (1,80). Monitor is defined
I0918 18:11:00.986358 14338 node.cc:712] added default congestion policy for (1,81). Monitor is defined
I0918 18:11:00.986374 14338 node.cc:712] added default congestion policy for (1,82). Monitor is defined
I0918 18:11:00.986413 14338 chain_ops.cc:33] timer-based operator (1,80) of type Blob Reader starting
I0918 18:11:00.986516 14338 operator_chain.cc:51] Starting 4-element chain starting at (1,80)
I0918 18:11:00.999060 14342 sosp_operators.cc:120] (every 1) In last 3 timesteps, 0 inserts 0 removes. Qsize 0/2000000. TDelta: 0 Local-ratio: 10 Downstream: inf
I0918 18:11:02.000793 14343 sosp_operators.cc:120] (every 1) In last 3 timesteps, 34 inserts 34 removes. Qsize 0/2000000. TDelta: 1379527860999 Local-ratio: 22059.8 Downstream: inf
I0918 18:11:02.018193 14341 dataplane_comm.cc:440] Received remote congestion report from (1,1) : status is 7.75853 at 1379527860999 (age = 1019 ms)
I0918 18:11:02.642314 14342 dataplane_comm.cc:440] Received remote congestion report from (1,1) : status is 6.2412 at 1379527862001 (age = 641 ms)
I0918 18:11:03.002336 14344 sosp_operators.cc:120] (every 1) In last 3 timesteps, 806914 inserts 806914 removes. Qsize 0/2000000. TDelta: 1379527862000 Local-ratio: 1.92947 Downstream: 6.2412
I0918 18:11:04.003553 14344 sosp_operators.cc:120] (every 1) In last 3 timesteps, 1613794 inserts 1613794 removes. Qsize 0/2000000. TDelta: 2003 Local-ratio: 1.46474 Downstream: 6.2412
I0918 18:11:04.146579 14340 dataplane_comm.cc:440] Received remote congestion report from (1,1) : status is 4.90942 at 1379527863002 (age = 1144 ms)
I0918 18:11:04.717985 14341 dataplane_comm.cc:440] Received remote congestion report from (1,1) : status is 4.11913 at 1379527864003 (age = 714 ms)
I0918 18:11:05.004753 14343 sosp_operators.cc:120] (every 1) In last 3 timesteps, 2420640 inserts 2420640 removes. Qsize 0/2000000. TDelta: 2003 Local-ratio: 1.30984 Downstream: 4.11913
I0918 18:11:06.006304 14341 sosp_operators.cc:120] (every 1) In last 3 timesteps, 2420640 inserts 2420640 removes. Qsize 0/2000000. TDelta: 2002 Local-ratio: 1.30984 Downstream: 4.11913
I0918 18:11:06.965049 14344 dataplane_comm.cc:440] Received remote congestion report from (1,1) : status is 3.22017 at 1379527865005 (age = 1960 ms)
I0918 18:11:07.007714 14342 sosp_operators.cc:120] (every 1) In last 3 timesteps, 2420662 inserts 2420662 removes. Qsize 0/2000000. TDelta: 2003 Local-ratio: 1.30983 Downstream: 3.22017
I0918 18:11:08.009135 14341 sosp_operators.cc:120] (every 1) In last 3 timesteps, 2420692 inserts 2420674 removes. Qsize 18/2000000. TDelta: 2003 Local-ratio: 1.30982 Downstream: 3.22017
I0918 18:11:08.128866 14340 dataplane_comm.cc:440] Received remote congestion report from (1,1) : status is 2.6299 at 1379527866006 (age = 2122 ms)
I0918 18:11:08.824772 14341 dataplane_comm.cc:440] Received remote congestion report from (1,1) : status is 2.33214 at 1379527867008 (age = 1816 ms)
I0918 18:11:09.010650 14345 sosp_operators.cc:120] (every 1) In last 3 timesteps, 2420722 inserts 2420704 removes. Qsize 18/2000000. TDelta: 2003 Local-ratio: 1.30981 Downstream: 2.33214
I0918 18:11:09.230573 14341 dataplane_comm.cc:440] Received remote congestion report from (1,1) : status is 2.36487 at 1379527868009 (age = 1221 ms)
I0918 18:11:09.856305 14341 dataplane_comm.cc:440] Received remote congestion report from (1,1) : status is 2.17365 at 1379527869011 (age = 845 ms)
I0918 18:11:10.011786 14345 sosp_operators.cc:120] (every 1) In last 3 timesteps, 2420730 inserts 2420730 removes. Qsize 0/2000000. TDelta: 2003 Local-ratio: 1.30982 Downstream: 2.17365
I0918 18:11:10.742362 14344 dataplane_comm.cc:440] Received remote congestion report from (1,1) : status is 1.99734 at 1379527870012 (age = 730 ms)
I0918 18:11:11.013258 14341 sosp_operators.cc:120] (every 1) In last 3 timesteps, 2420730 inserts 2420748 removes. Qsize 0/2000000. TDelta: 2002 Local-ratio: 1.30983 Downstream: 1.99734
I0918 18:11:12.014660 14342 sosp_operators.cc:120] (every 1) In last 3 timesteps, 2420730 inserts 2420748 removes. Qsize 0/2000000. TDelta: 2003 Local-ratio: 1.30983 Downstream: 1.99734
I0918 18:11:12.247933 14345 dataplane_comm.cc:440] Received remote congestion report from (1,1) : status is 1.70969 at 1379527871013 (age = 1234 ms)
I0918 18:11:13.016010 14343 sosp_operators.cc:120] (every 1) In last 3 timesteps, 2420730 inserts 2420730 removes. Qsize 0/2000000. TDelta: 2003 Local-ratio: 1.30982 Downstream: 1.70969
I0918 18:11:13.790277 14340 dataplane_comm.cc:440] Received remote congestion report from (1,1) : status is 1.4444 at 1379527872015 (age = 1775 ms)
I0918 18:11:14.017204 14343 sosp_operators.cc:120] (every 1) In last 3 timesteps, 2420730 inserts 2420730 removes. Qsize 0/2000000. TDelta: 2003 Local-ratio: 1.30982 Downstream: 1.4444
I0918 18:11:14.808819 14344 dataplane_comm.cc:440] Received remote congestion report from (1,1) : status is 1.32864 at 1379527873016 (age = 1792 ms)
I0918 18:11:15.018395 14343 sosp_operators.cc:120] (every 1) In last 3 timesteps, 2420730 inserts 2420712 removes. Qsize 18/2000000. TDelta: 2003 Local-ratio: 1.30981 Downstream: 1.32864
I0918 18:11:15.312290 14341 dataplane_comm.cc:440] Received remote congestion report from (1,1) : status is 1.4935 at 1379527874017 (age = 1295 ms)
I0918 18:11:15.655001 14341 dataplane_comm.cc:440] Received remote congestion report from (1,1) : status is 1.84898 at 1379527875018 (age = 636 ms)
I0918 18:11:16.019934 14340 sosp_operators.cc:120] (every 1) In last 3 timesteps, 2420730 inserts 2420712 removes. Qsize 18/2000000. TDelta: 2002 Local-ratio: 1.30981 Downstream: 1.84898
I0918 18:11:16.443397 14341 dataplane_comm.cc:440] Received remote congestion report from (1,1) : status is 2.05519 at 1379527876020 (age = 423 ms)
I0918 18:11:17.021334 14344 sosp_operators.cc:120] (every 1) In last 3 timesteps, 2420730 inserts 2420730 removes. Qsize 0/2000000. TDelta: 2002 Local-ratio: 1.30982 Downstream: 2.05519
I0918 18:11:17.655959 14339 dataplane_comm.cc:440] Received remote congestion report from (1,1) : status is 1.96874 at 1379527877021 (age = 634 ms)
I0918 18:11:18.022527 14344 sosp_operators.cc:120] (every 1) In last 3 timesteps, 2420730 inserts 2420748 removes. Qsize 0/2000000. TDelta: 2003 Local-ratio: 1.30983 Downstream: 1.96874
I0918 18:11:19.023921 14342 sosp_operators.cc:120] (every 1) In last 3 timesteps, 2420730 inserts 2420748 removes. Qsize 0/2000000. TDelta: 2003 Local-ratio: 1.30983 Downstream: 1.96874
I0918 18:11:19.159420 14340 dataplane_comm.cc:440] Received remote congestion report from (1,1) : status is 1.70634 at 1379527878022 (age = 1137 ms)
I0918 18:11:19.985251 14344 dataplane_comm.cc:440] Received remote congestion report from (1,1) : status is 1.58278 at 1379527879024 (age = 961 ms)
I0918 18:11:20.025130 14342 sosp_operators.cc:120] (every 1) In last 3 timesteps, 2420730 inserts 2420730 removes. Qsize 0/2000000. TDelta: 2002 Local-ratio: 1.30982 Downstream: 1.58278
I0918 18:11:21.026291 14342 sosp_operators.cc:120] (every 1) In last 3 timesteps, 2420730 inserts 2420730 removes. Qsize 0/2000000. TDelta: 2003 Local-ratio: 1.30982 Downstream: 1.58278
I0918 18:11:21.053581 14341 dataplane_comm.cc:440] Received remote congestion report from (1,1) : status is 1.44245 at 1379527880025 (age = 1028 ms)
I0918 18:11:21.955957 14342 dataplane_comm.cc:440] Received remote congestion report from (1,1) : status is 1.36593 at 1379527881026 (age = 929 ms)
I0918 18:11:22.027647 14340 sosp_operators.cc:120] (every 1) In last 3 timesteps, 2420730 inserts 2420730 removes. Qsize 0/2000000. TDelta: 2003 Local-ratio: 1.30982 Downstream: 1.36593
I0918 18:11:22.558465 14343 dataplane_comm.cc:440] Received remote congestion report from (1,1) : status is 1.54312 at 1379527882028 (age = 530 ms)
I0918 18:11:23.029130 14338 sosp_operators.cc:120] (every 1) In last 3 timesteps, 2420730 inserts 2420730 removes. Qsize 0/2000000. TDelta: 2002 Local-ratio: 1.30982 Downstream: 1.54312
I0918 18:11:23.714442 14342 dataplane_comm.cc:440] Received remote congestion report from (1,1) : status is 1.55042 at 1379527883029 (age = 685 ms)
I0918 18:11:24.030334 14338 sosp_operators.cc:120] (every 1) In last 3 timesteps, 2420730 inserts 2420730 removes. Qsize 0/2000000. TDelta: 2003 Local-ratio: 1.30982 Downstream: 1.55042
I0918 18:11:24.566089 14338 dataplane_comm.cc:440] Received remote congestion report from (1,1) : status is 1.67828 at 1379527884030 (age = 536 ms)
I0918 18:11:25.031698 14343 sosp_operators.cc:120] (every 1) In last 3 timesteps, 2420730 inserts 2420730 removes. Qsize 0/2000000. TDelta: 2003 Local-ratio: 1.30982 Downstream: 1.67828
I0918 18:11:25.654556 14339 dataplane_comm.cc:440] Received remote congestion report from (1,1) : status is 1.69654 at 1379527885032 (age = 622 ms)
I0918 18:11:26.033128 14344 sosp_operators.cc:120] (every 1) In last 3 timesteps, 2420730 inserts 2420730 removes. Qsize 0/2000000. TDelta: 2002 Local-ratio: 1.30982 Downstream: 1.69654
I0918 18:11:26.878008 14342 dataplane_comm.cc:440] Received remote congestion report from (1,1) : status is 1.58726 at 1379527886033 (age = 845 ms)
I0918 18:11:27.034543 14342 sosp_operators.cc:120] (every 1) In last 3 timesteps, 2420730 inserts 2420730 removes. Qsize 0/2000000. TDelta: 2003 Local-ratio: 1.30982 Downstream: 1.58726
I0918 18:11:27.606637 14344 dataplane_comm.cc:440] Received remote congestion report from (1,1) : status is 1.67122 at 1379527887035 (age = 571 ms)
I0918 18:11:28.035801 14342 sosp_operators.cc:120] (every 1) In last 3 timesteps, 2420730 inserts 2420730 removes. Qsize 0/2000000. TDelta: 2003 Local-ratio: 1.30982 Downstream: 1.67122
I0918 18:11:28.625473 14338 dataplane_comm.cc:440] Received remote congestion report from (1,1) : status is 1.71638 at 1379527888036 (age = 589 ms)
I0918 18:11:29.037085 14343 sosp_operators.cc:120] (every 1) In last 3 timesteps, 2420730 inserts 2420730 removes. Qsize 0/2000000. TDelta: 2002 Local-ratio: 1.30982 Downstream: 1.71638
I0918 18:11:29.580247 14343 dataplane_comm.cc:440] Received remote congestion report from (1,1) : status is 1.79336 at 1379527889037 (age = 543 ms)
I0918 18:11:30.038281 14342 sosp_operators.cc:120] (every 1) In last 3 timesteps, 2420730 inserts 2420730 removes. Qsize 0/2000000. TDelta: 2003 Local-ratio: 1.30982 Downstream: 1.79336
I0918 18:11:31.039654 14341 sosp_operators.cc:120] (every 1) In last 3 timesteps, 2420730 inserts 2420730 removes. Qsize 0/2000000. TDelta: 2003 Local-ratio: 1.30982 Downstream: 1.79336
I0918 18:11:31.206642 14340 dataplane_comm.cc:440] Received remote congestion report from (1,1) : status is 1.56823 at 1379527890038 (age = 1168 ms)
I0918 18:11:31.962621 14343 dataplane_comm.cc:440] Received remote congestion report from (1,1) : status is 1.50686 at 1379527891040 (age = 922 ms)
I0918 18:11:32.041117 14338 sosp_operators.cc:120] (every 1) In last 3 timesteps, 2420730 inserts 2420730 removes. Qsize 0/2000000. TDelta: 2002 Local-ratio: 1.30982 Downstream: 1.50686
I0918 18:11:32.883364 14338 dataplane_comm.cc:440] Received remote congestion report from (1,1) : status is 1.4458 at 1379527892041 (age = 842 ms)
I0918 18:11:33.042649 14339 sosp_operators.cc:120] (every 1) In last 3 timesteps, 2420730 inserts 2420730 removes. Qsize 0/2000000. TDelta: 2003 Local-ratio: 1.30982 Downstream: 1.4458
I0918 18:11:33.976783 14338 dataplane_comm.cc:440] Received remote congestion report from (1,1) : status is 1.36716 at 1379527893043 (age = 933 ms)
I0918 18:11:34.043843 14342 sosp_operators.cc:120] (every 1) In last 3 timesteps, 2420730 inserts 2420730 removes. Qsize 0/2000000. TDelta: 2003 Local-ratio: 1.30982 Downstream: 1.36716
I0918 18:11:34.924428 14343 dataplane_comm.cc:440] Received remote congestion report from (1,1) : status is 1.32585 at 1379527894044 (age = 880 ms)
I0918 18:11:35.045032 14341 sosp_operators.cc:120] (every 1) In last 3 timesteps, 2420730 inserts 2420730 removes. Qsize 0/2000000. TDelta: 2002 Local-ratio: 1.30982 Downstream: 1.32585
I0918 18:11:35.915868 14342 dataplane_comm.cc:440] Received remote congestion report from (1,1) : status is 1.29852 at 1379527895045 (age = 870 ms)
I0918 18:11:36.046226 14339 sosp_operators.cc:120] (every 1) In last 3 timesteps, 2420730 inserts 2420730 removes. Qsize 0/2000000. TDelta: 2003 Local-ratio: 1.30982 Downstream: 1.29852
I0918 18:11:36.884809 14340 dataplane_comm.cc:440] Received remote congestion report from (1,1) : status is 1.29115 at 1379527896046 (age = 838 ms)
I0918 18:11:36.955833 14343 liveness_manager.cc:108] Successfully scheduled message on 192.168.122.186:36276-128.112.7.136:3456
I0918 18:11:37.047590 14340 sosp_operators.cc:120] (every 1) In last 3 timesteps, 2420730 inserts 2420730 removes. Qsize 0/2000000. TDelta: 2003 Local-ratio: 1.30982 Downstream: 1.29115
I0918 18:11:37.683569 14339 dataplane_comm.cc:440] Received remote congestion report from (1,1) : status is 1.39426 at 1379527897048 (age = 635 ms)
I0918 18:11:38.049031 14343 sosp_operators.cc:120] (every 1) In last 3 timesteps, 2420730 inserts 2420730 removes. Qsize 0/2000000. TDelta: 2002 Local-ratio: 1.30982 Downstream: 1.39426
I0918 18:11:39.050323 14338 sosp_operators.cc:120] (every 1) In last 3 timesteps, 2420730 inserts 2420730 removes. Qsize 0/2000000. TDelta: 2003 Local-ratio: 1.30982 Downstream: 1.39426
I0918 18:11:39.072495 14339 dataplane_comm.cc:440] Received remote congestion report from (1,1) : status is 1.30263 at 1379527898049 (age = 1023 ms)
I0918 18:11:39.644409 14338 dataplane_comm.cc:440] Received remote congestion report from (1,1) : status is 1.43569 at 1379527899050 (age = 594 ms)
I0918 18:11:40.051590 14343 sosp_operators.cc:120] (every 1) In last 3 timesteps, 2420730 inserts 2420730 removes. Qsize 0/2000000. TDelta: 2003 Local-ratio: 1.30982 Downstream: 1.43569
I0918 18:11:40.784872 14342 dataplane_comm.cc:440] Received remote congestion report from (1,1) : status is 1.44226 at 1379527900052 (age = 732 ms)
I0918 18:11:41.052749 14338 sosp_operators.cc:120] (every 1) In last 3 timesteps, 2420730 inserts 2420730 removes. Qsize 0/2000000. TDelta: 2002 Local-ratio: 1.30982 Downstream: 1.44226
I0918 18:11:42.054128 14339 sosp_operators.cc:120] (every 1) In last 3 timesteps, 2420730 inserts 2420730 removes. Qsize 0/2000000. TDelta: 2002 Local-ratio: 1.30982 Downstream: 1.44226
I0918 18:11:42.294571 14338 dataplane_comm.cc:440] Received remote congestion report from (1,1) : status is 1.29178 at 1379527901053 (age = 1241 ms)
I0918 18:11:43.055380 14338 sosp_operators.cc:120] (every 1) In last 3 timesteps, 2420730 inserts 2420730 removes. Qsize 0/2000000. TDelta: 2003 Local-ratio: 1.30982 Downstream: 1.29178
I0918 18:11:43.730751 14343 dataplane_comm.cc:440] Received remote congestion report from (1,1) : status is 1.14293 at 1379527902054 (age = 1676 ms)
I0918 18:11:44.056763 14342 sosp_operators.cc:120] (every 1) In last 3 timesteps, 2420730 inserts 2420730 removes. Qsize 0/2000000. TDelta: 2003 Local-ratio: 1.30982 Downstream: 1.14293
I0918 18:11:44.588218 14343 dataplane_comm.cc:440] Received remote congestion report from (1,1) : status is 1.14857 at 1379527903055 (age = 1533 ms)
I0918 18:11:45.058017 14339 sosp_operators.cc:120] (every 1) In last 3 timesteps, 2420730 inserts 2420730 removes. Qsize 0/2000000. TDelta: 2002 Local-ratio: 1.30982 Downstream: 1.14857
I0918 18:11:45.487073 14340 dataplane_comm.cc:440] Received remote congestion report from (1,1) : status is 1.13952 at 1379527904057 (age = 1430 ms)
I0918 18:11:46.059484 14343 sosp_operators.cc:120] (every 1) In last 3 timesteps, 2420730 inserts 2420730 removes. Qsize 0/2000000. TDelta: 2003 Local-ratio: 1.30982 Downstream: 1.13952
I0918 18:11:47.060920 14340 sosp_operators.cc:120] (every 1) In last 3 timesteps, 2420730 inserts 2420712 removes. Qsize 18/2000000. TDelta: 2003 Local-ratio: 1.30981 Downstream: 1.13952
I0918 18:11:47.869264 14339 dataplane_comm.cc:440] Received remote congestion report from (1,1) : status is 0.959812 at 1379527905058 (age = 2811 ms)
I0918 18:11:48.062140 14340 sosp_operators.cc:120] (every 1) In last 3 timesteps, 2420730 inserts 2420712 removes. Qsize 18/2000000. TDelta: 2002 Local-ratio: 1.30981 Downstream: 0.959812
I0918 18:11:48.062166 14340 congest_policy.cc:95] setting degradation level for (1,81) to 5/6 (operator ratio = 0.5). Capacity-ratio: 0.85148 at connection to 128.112.7.136:3452 TS 1379527908
I0918 18:11:48.062181 14340 variable_sampling.cc:141] Switching drop frequency by -1 to 50%.
I0918 18:11:49.063423 14344 sosp_operators.cc:120] (every 1) In last 3 timesteps, 2420730 inserts 1613802 removes. Qsize 806928/2000000. TDelta: 2003 Local-ratio: 0.85148 Downstream: 0.959812
I0918 18:11:49.708752 14343 dataplane_comm.cc:440] Received remote congestion report from (1,1) : status is 0.855434 at 1379527906059 (age = 3649 ms)
I0918 18:11:50.064429 14344 sosp_operators.cc:120] (every 1) In last 3 timesteps, 2017290 inserts 1613820 removes. Qsize 403488/2000000. TDelta: 2003 Local-ratio: 1.09677 Downstream: 0.855434
I0918 18:11:51.065414 14344 sosp_operators.cc:120] (every 1) In last 3 timesteps, 1613850 inserts 806910 removes. Qsize 806958/2000000. TDelta: 2002 Local-ratio: 0.77721 Downstream: 0.855434
I0918 18:11:51.722332 14339 dataplane_comm.cc:440] Received remote congestion report from (1,1) : status is 0.765707 at 1379527907061 (age = 4661 ms)
I0918 18:11:52.066702 14338 sosp_operators.cc:120] (every 1) In last 3 timesteps, 1210410 inserts 1210380 removes. Qsize 806958/2000000. TDelta: 2002 Local-ratio: 1.36959 Downstream: 0.765707
I0918 18:11:52.230284 14338 dataplane_comm.cc:440] Received remote congestion report from (1,1) : status is 1.06641 at 1379527908062 (age = 4168 ms)
I0918 18:11:52.590607 14340 dataplane_comm.cc:440] Received remote congestion report from (1,1) : status is 1.49425 at 1379527909063 (age = 3527 ms)
I0918 18:11:52.988844 14342 dataplane_comm.cc:440] Received remote congestion report from (1,1) : status is 1.74883 at 1379527910064 (age = 2924 ms)
I0918 18:11:53.067915 14339 sosp_operators.cc:120] (every 1) In last 3 timesteps, 1210410 inserts 806940 removes. Qsize 806958/2000000. TDelta: 2002 Local-ratio: 1.03629 Downstream: 1.74883
I0918 18:11:53.067939 14339 congest_policy.cc:95] setting degradation level for (1,81) to 6/6 (operator ratio = 1). Capacity-ratio: 1.74883 at connection to 128.112.7.136:3452 TS 1379527913
I0918 18:11:53.067951 14339 variable_sampling.cc:141] Switching drop frequency by 1 to 0%.
I0918 18:11:53.382544 14338 dataplane_comm.cc:440] Received remote congestion report from (1,1) : status is 1.94614 at 1379527911065 (age = 2317 ms)
I0918 18:11:53.654752 14343 dataplane_comm.cc:440] Received remote congestion report from (1,1) : status is 2.38211 at 1379527912066 (age = 1588 ms)
I0918 18:11:54.008625 14340 dataplane_comm.cc:440] Received remote congestion report from (1,1) : status is 2.49081 at 1379527913068 (age = 940 ms)
I0918 18:11:54.069073 14339 sosp_operators.cc:120] (every 1) In last 3 timesteps, 1210410 inserts 2017350 removes. Qsize 18/2000000. TDelta: 2002 Local-ratio: 2.28629 Downstream: 2.49081
I0918 18:11:55.070446 14338 sosp_operators.cc:120] (every 1) In last 3 timesteps, 1586954 inserts 2393912 removes. Qsize 0/2000000. TDelta: 2003 Local-ratio: 1.9811 Downstream: 2.49081
I0918 18:11:56.071713 14341 sosp_operators.cc:120] (every 1) In last 3 timesteps, 1990394 inserts 2797352 removes. Qsize 0/2000000. TDelta: 2003 Local-ratio: 1.78224 Downstream: 2.49081
I0918 18:11:56.133252 14338 dataplane_comm.cc:440] Received remote congestion report from (1,1) : status is 1.99218 at 1379527914069 (age = 2064 ms)
I0918 18:11:57.073125 14342 sosp_operators.cc:120] (every 1) In last 3 timesteps, 2393834 inserts 2393834 removes. Qsize 18/2000000. TDelta: 2002 Local-ratio: 1.3133 Downstream: 1.99218
I0918 18:11:57.560781 14341 dataplane_comm.cc:440] Received remote congestion report from (1,1) : status is 1.66945 at 1379527915070 (age = 2490 ms)
I0918 18:11:58.074484 14338 sosp_operators.cc:120] (every 1) In last 3 timesteps, 2420730 inserts 2420712 removes. Qsize 18/2000000. TDelta: 2003 Local-ratio: 1.30981 Downstream: 1.66945
I0918 18:11:58.121835 14343 dataplane_comm.cc:440] Received remote congestion report from (1,1) : status is 1.69693 at 1379527916072 (age = 2049 ms)
I0918 18:11:59.075708 14339 sosp_operators.cc:120] (every 1) In last 3 timesteps, 2420730 inserts 2420712 removes. Qsize 18/2000000. TDelta: 2003 Local-ratio: 1.30981 Downstream: 1.69693
I0918 18:11:59.144259 14341 dataplane_comm.cc:440] Received remote congestion report from (1,1) : status is 1.51731 at 1379527917073 (age = 2071 ms)
I0918 18:11:59.716431 14338 dataplane_comm.cc:440] Received remote congestion report from (1,1) : status is 1.57505 at 1379527918074 (age = 1642 ms)
I0918 18:12:00.059193 14339 dataplane_comm.cc:440] Received remote congestion report from (1,1) : status is 1.91015 at 1379527919076 (age = 983 ms)
I0918 18:12:00.077059 14343 sosp_operators.cc:120] (every 1) In last 3 timesteps, 2420730 inserts 2420730 removes. Qsize 18/2000000. TDelta: 2002 Local-ratio: 1.30982 Downstream: 1.91015
I0918 18:12:00.880141 14340 dataplane_comm.cc:440] Received remote congestion report from (1,1) : status is 1.76418 at 1379527920077 (age = 803 ms)
I0918 18:12:01.078311 14340 sosp_operators.cc:120] (every 1) In last 3 timesteps, 2420730 inserts 2420748 removes. Qsize 0/2000000. TDelta: 2003 Local-ratio: 1.30983 Downstream: 1.76418
I0918 18:12:02.079665 14343 sosp_operators.cc:120] (every 1) In last 3 timesteps, 2420730 inserts 2420748 removes. Qsize 0/2000000. TDelta: 2003 Local-ratio: 1.30983 Downstream: 1.76418
I0918 18:12:03.081212 14338 sosp_operators.cc:120] (every 1) In last 3 timesteps, 2420730 inserts 2420730 removes. Qsize 18/2000000. TDelta: 2002 Local-ratio: 1.30982 Downstream: 1.76418
I0918 18:12:03.859343 14340 dataplane_comm.cc:440] Received remote congestion report from (1,1) : status is 1.41467 at 1379527921078 (age = 2781 ms)
I0918 18:12:04.082679 14341 sosp_operators.cc:120] (every 1) In last 3 timesteps, 2420730 inserts 2420712 removes. Qsize 18/2000000. TDelta: 2003 Local-ratio: 1.30981 Downstream: 1.41467
I0918 18:12:04.082702 14341 congest_policy.cc:95] setting degradation level for (1,81) to 5/6 (operator ratio = 0.5). Capacity-ratio: 0.85148 at connection to 128.112.7.136:3452 TS 1379527924
I0918 18:12:04.082716 14341 variable_sampling.cc:141] Switching drop frequency by -1 to 50%.
I0918 18:12:04.841903 14341 dataplane_comm.cc:440] Received remote congestion report from (1,1) : status is 1.31559 at 1379527922080 (age = 2761 ms)
I0918 18:12:05.083995 14342 sosp_operators.cc:120] (every 1) In last 3 timesteps, 2420730 inserts 1613802 removes. Qsize 806928/2000000. TDelta: 2003 Local-ratio: 0.85148 Downstream: 1.31559
I0918 18:12:05.828826 14340 dataplane_comm.cc:440] Received remote congestion report from (1,1) : status is 1.24024 at 1379527923081 (age = 2747 ms)
I0918 18:12:06.085230 14338 sosp_operators.cc:120] (every 1) In last 3 timesteps, 2017290 inserts 2017290 removes. Qsize 18/2000000. TDelta: 2003 Local-ratio: 1.37178 Downstream: 1.24024
I0918 18:12:06.127235 14341 dataplane_comm.cc:440] Received remote congestion report from (1,1) : status is 1.77193 at 1379527924082 (age = 2045 ms)
I0918 18:12:06.376034 14340 dataplane_comm.cc:440] Received remote congestion report from (1,1) : status is 2.32895 at 1379527925084 (age = 1292 ms)
I0918 18:12:06.614153 14342 dataplane_comm.cc:440] Received remote congestion report from (1,1) : status is 2.79713 at 1379527926085 (age = 529 ms)
I0918 18:12:07.086304 14340 sosp_operators.cc:120] (every 1) In last 3 timesteps, 1613850 inserts 1613868 removes. Qsize 0/2000000. TDelta: 2003 Local-ratio: 1.46474 Downstream: 2.79713
I0918 18:12:07.086331 14340 congest_policy.cc:95] setting degradation level for (1,81) to 6/6 (operator ratio = 1). Capacity-ratio: 2.28628 at connection to 128.112.7.136:3452 TS 1379527927
I0918 18:12:07.086344 14340 variable_sampling.cc:141] Switching drop frequency by 1 to 0%.
I0918 18:12:07.913643 14340 dataplane_comm.cc:440] Received remote congestion report from (1,1) : status is 2.4196 at 1379527927086 (age = 827 ms)
I0918 18:12:08.087676 14344 sosp_operators.cc:120] (every 1) In last 3 timesteps, 1210410 inserts 2017338 removes. Qsize 0/2000000. TDelta: 2002 Local-ratio: 2.28628 Downstream: 2.4196
I0918 18:12:08.525982 14340 dataplane_comm.cc:440] Received remote congestion report from (1,1) : status is 2.45903 at 1379527928088 (age = 437 ms)
I0918 18:12:09.088994 14339 sosp_operators.cc:120] (every 1) In last 3 timesteps, 1586954 inserts 1586972 removes. Qsize 0/2000000. TDelta: 2002 Local-ratio: 1.47261 Downstream: 2.45903
I0918 18:12:09.878265 14344 dataplane_comm.cc:440] Received remote congestion report from (1,1) : status is 2.18303 at 1379527929089 (age = 789 ms)
I0918 18:12:10.090142 14339 sosp_operators.cc:120] (every 1) In last 3 timesteps, 1990394 inserts 1990394 removes. Qsize 0/2000000. TDelta: 2003 Local-ratio: 1.37681 Downstream: 2.18303
I0918 18:12:10.713668 14343 dataplane_comm.cc:440] Received remote congestion report from (1,1) : status is 2.07281 at 1379527930090 (age = 623 ms)
I0918 18:12:11.091493 14344 sosp_operators.cc:120] (every 1) In last 3 timesteps, 2393834 inserts 2393834 removes. Qsize 0/2000000. TDelta: 2003 Local-ratio: 1.3133 Downstream: 2.07281
I0918 18:12:12.088579 14342 dataplane_comm.cc:440] Received remote congestion report from (1,1) : status is 1.8186 at 1379527931091 (age = 997 ms)
I0918 18:12:12.092731 14340 sosp_operators.cc:120] (every 1) In last 3 timesteps, 2420730 inserts 2420730 removes. Qsize 0/2000000. TDelta: 2002 Local-ratio: 1.30982 Downstream: 1.8186
I0918 18:12:13.094156 14341 sosp_operators.cc:120] (every 1) In last 3 timesteps, 2420730 inserts 2420730 removes. Qsize 0/2000000. TDelta: 2002 Local-ratio: 1.30982 Downstream: 1.8186
I0918 18:12:13.197001 14340 dataplane_comm.cc:440] Received remote congestion report from (1,1) : status is 1.60092 at 1379527932093 (age = 1103 ms)
I0918 18:12:14.095438 14340 sosp_operators.cc:120] (every 1) In last 3 timesteps, 2420730 inserts 2420730 removes. Qsize 0/2000000. TDelta: 2003 Local-ratio: 1.30982 Downstream: 1.60092
I0918 18:12:14.106885 14341 dataplane_comm.cc:440] Received remote congestion report from (1,1) : status is 1.47541 at 1379527933094 (age = 1012 ms)
I0918 18:12:14.590420 14342 dataplane_comm.cc:440] Received remote congestion report from (1,1) : status is 1.66836 at 1379527934095 (age = 495 ms)
I0918 18:12:15.096683 14344 sosp_operators.cc:120] (every 1) In last 3 timesteps, 2420730 inserts 2420730 removes. Qsize 0/2000000. TDelta: 2003 Local-ratio: 1.30982 Downstream: 1.66836
I0918 18:12:15.913185 14340 dataplane_comm.cc:440] Received remote congestion report from (1,1) : status is 1.57721 at 1379527935097 (age = 816 ms)
I0918 18:12:16.097935 14342 sosp_operators.cc:120] (every 1) In last 3 timesteps, 2420730 inserts 2420730 removes. Qsize 0/2000000. TDelta: 2002 Local-ratio: 1.30982 Downstream: 1.57721
I0918 18:12:16.959029 14341 liveness_manager.cc:108] Successfully scheduled message on 192.168.122.186:36276-128.112.7.136:3456
I0918 18:12:17.006067 14341 dataplane_comm.cc:440] Received remote congestion report from (1,1) : status is 1.47395 at 1379527936098 (age = 908 ms)
I0918 18:12:17.099100 14344 sosp_operators.cc:120] (every 1) In last 3 timesteps, 2420730 inserts 2420730 removes. Qsize 0/2000000. TDelta: 2002 Local-ratio: 1.30982 Downstream: 1.47395
I0918 18:12:17.619633 14342 dataplane_comm.cc:440] Received remote congestion report from (1,1) : status is 1.63512 at 1379527937099 (age = 520 ms)
I0918 18:12:18.100496 14341 sosp_operators.cc:120] (every 1) In last 3 timesteps, 2420730 inserts 2420730 removes. Qsize 0/2000000. TDelta: 2003 Local-ratio: 1.30982 Downstream: 1.63512
I0918 18:12:18.711487 14340 dataplane_comm.cc:440] Received remote congestion report from (1,1) : status is 1.67277 at 1379527938100 (age = 611 ms)
I0918 18:12:19.101896 14342 sosp_operators.cc:120] (every 1) In last 3 timesteps, 2420730 inserts 2420730 removes. Qsize 0/2000000. TDelta: 2003 Local-ratio: 1.30982 Downstream: 1.67277
I0918 18:12:20.103416 14340 sosp_operators.cc:120] (every 1) In last 3 timesteps, 2420730 inserts 2420730 removes. Qsize 0/2000000. TDelta: 2002 Local-ratio: 1.30982 Downstream: 1.67277
I0918 18:12:21.104809 14342 sosp_operators.cc:120] (every 1) In last 3 timesteps, 2420730 inserts 2420730 removes. Qsize 0/2000000. TDelta: 2003 Local-ratio: 1.30982 Downstream: 1.67277
I0918 18:12:21.898198 14343 dataplane_comm.cc:440] Received remote congestion report from (1,1) : status is 1.34558 at 1379527939102 (age = 2796 ms)
I0918 18:12:22.106124 14342 sosp_operators.cc:120] (every 1) In last 3 timesteps, 2420730 inserts 2420712 removes. Qsize 18/2000000. TDelta: 2003 Local-ratio: 1.30981 Downstream: 1.34558
I0918 18:12:22.106155 14342 congest_policy.cc:95] setting degradation level for (1,81) to 5/6 (operator ratio = 0.5). Capacity-ratio: 0.85148 at connection to 128.112.7.136:3452 TS 1379527942
I0918 18:12:22.106169 14342 variable_sampling.cc:141] Switching drop frequency by -1 to 50%.
I0918 18:12:23.107324 14340 sosp_operators.cc:120] (every 1) In last 3 timesteps, 2420730 inserts 1613802 removes. Qsize 806928/2000000. TDelta: 2003 Local-ratio: 0.85148 Downstream: 1.34558
I0918 18:12:23.837990 14339 dataplane_comm.cc:440] Received remote congestion report from (1,1) : status is 1.13812 at 1379527940103 (age = 3734 ms)
I0918 18:12:24.108360 14340 sosp_operators.cc:120] (every 1) In last 3 timesteps, 2017290 inserts 1613802 removes. Qsize 403488/2000000. TDelta: 2003 Local-ratio: 1.09677 Downstream: 1.13812
I0918 18:12:24.546139 14343 dataplane_comm.cc:440] Received remote congestion report from (1,1) : status is 1.2062 at 1379527941105 (age = 3441 ms)
I0918 18:12:24.801655 14338 dataplane_comm.cc:440] Received remote congestion report from (1,1) : status is 1.88121 at 1379527942106 (age = 2695 ms)
I0918 18:12:25.001355 14343 dataplane_comm.cc:440] Received remote congestion report from (1,1) : status is 2.66719 at 1379527943107 (age = 1894 ms)
I0918 18:12:25.109434 14341 sosp_operators.cc:120] (every 1) In last 3 timesteps, 1613850 inserts 806910 removes. Qsize 806958/2000000. TDelta: 2002 Local-ratio: 0.77721 Downstream: 2.66719
I0918 18:12:25.109462 14341 congest_policy.cc:95] setting degradation level for (1,81) to 6/6 (operator ratio = 1). Capacity-ratio: 2.28628 at connection to 128.112.7.136:3452 TS 1379527945
I0918 18:12:25.109477 14341 variable_sampling.cc:141] Switching drop frequency by 1 to 0%.
I0918 18:12:25.150495 14344 dataplane_comm.cc:440] Received remote congestion report from (1,1) : status is 3.67825 at 1379527944108 (age = 1042 ms)
I0918 18:12:25.423642 14343 dataplane_comm.cc:440] Received remote congestion report from (1,1) : status is 3.70565 at 1379527945109 (age = 314 ms)
I0918 18:12:26.110976 14338 sosp_operators.cc:120] (every 1) In last 3 timesteps, 1210410 inserts 2017338 removes. Qsize 0/2000000. TDelta: 2002 Local-ratio: 2.28628 Downstream: 3.70565
I0918 18:12:26.641937 14345 dataplane_comm.cc:440] Received remote congestion report from (1,1) : status is 3.29791 at 1379527946111 (age = 530 ms)
I0918 18:12:27.112406 14343 sosp_operators.cc:120] (every 1) In last 3 timesteps, 1586954 inserts 1990442 removes. Qsize 0/2000000. TDelta: 2002 Local-ratio: 1.72686 Downstream: 3.29791
I0918 18:12:27.703829 14340 dataplane_comm.cc:440] Received remote congestion report from (1,1) : status is 2.93469 at 1379527947112 (age = 591 ms)
I0918 18:12:28.113636 14343 sosp_operators.cc:120] (every 1) In last 3 timesteps, 1990394 inserts 2797352 removes. Qsize 0/2000000. TDelta: 2003 Local-ratio: 1.78224 Downstream: 2.93469
I0918 18:12:28.584213 14339 dataplane_comm.cc:440] Received remote congestion report from (1,1) : status is 2.79484 at 1379527948114 (age = 470 ms)
I0918 18:12:29.114938 14340 sosp_operators.cc:120] (every 1) In last 3 timesteps, 2393834 inserts 2393834 removes. Qsize 0/2000000. TDelta: 2003 Local-ratio: 1.3133 Downstream: 2.79484
I0918 18:12:29.704629 14345 dataplane_comm.cc:440] Received remote congestion report from (1,1) : status is 2.55995 at 1379527949115 (age = 589 ms)
I0918 18:12:30.116154 14338 sosp_operators.cc:120] (every 1) In last 3 timesteps, 2420730 inserts 2420730 removes. Qsize 0/2000000. TDelta: 2002 Local-ratio: 1.30982 Downstream: 2.55995
I0918 18:12:31.117526 14345 sosp_operators.cc:120] (every 1) In last 3 timesteps, 2420730 inserts 2420730 removes. Qsize 0/2000000. TDelta: 2003 Local-ratio: 1.30982 Downstream: 2.55995
I0918 18:12:31.548100 14343 dataplane_comm.cc:440] Received remote congestion report from (1,1) : status is 2.10073 at 1379527950116 (age = 1432 ms)
I0918 18:12:31.969241 14340 dataplane_comm.cc:440] Received remote congestion report from (1,1) : status is 2.16937 at 1379527951118 (age = 851 ms)
I0918 18:12:32.118803 14341 sosp_operators.cc:120] (every 1) In last 3 timesteps, 2420730 inserts 2420730 removes. Qsize 0/2000000. TDelta: 2003 Local-ratio: 1.30982 Downstream: 2.16937
I0918 18:12:33.120015 14345 sosp_operators.cc:120] (every 1) In last 3 timesteps, 2420730 inserts 2420730 removes. Qsize 0/2000000. TDelta: 2002 Local-ratio: 1.30982 Downstream: 2.16937
I0918 18:12:33.289259 14338 dataplane_comm.cc:440] Received remote congestion report from (1,1) : status is 1.85024 at 1379527952119 (age = 1170 ms)
I0918 18:12:34.121284 14340 sosp_operators.cc:120] (every 1) In last 3 timesteps, 2420730 inserts 2420730 removes. Qsize 0/2000000. TDelta: 2003 Local-ratio: 1.30982 Downstream: 1.85024
I0918 18:12:35.122468 14345 sosp_operators.cc:120] (every 1) In last 3 timesteps, 2420730 inserts 2420730 removes. Qsize 0/2000000. TDelta: 2003 Local-ratio: 1.30982 Downstream: 1.85024
I0918 18:12:35.242902 14338 dataplane_comm.cc:440] Received remote congestion report from (1,1) : status is 1.51569 at 1379527953120 (age = 2122 ms)
I0918 18:12:36.123661 14338 sosp_operators.cc:120] (every 1) In last 3 timesteps, 2420730 inserts 2420712 removes. Qsize 18/2000000. TDelta: 2002 Local-ratio: 1.30981 Downstream: 1.51569
I0918 18:12:36.549367 14344 dataplane_comm.cc:440] Received remote congestion report from (1,1) : status is 1.32805 at 1379527954121 (age = 2428 ms)
I0918 18:12:37.125087 14339 sosp_operators.cc:120] (every 1) In last 3 timesteps, 2420730 inserts 2420712 removes. Qsize 18/2000000. TDelta: 2002 Local-ratio: 1.30981 Downstream: 1.32805
I0918 18:12:37.303113 14339 dataplane_comm.cc:440] Received remote congestion report from (1,1) : status is 1.32804 at 1379527955122 (age = 2181 ms)
I0918 18:12:37.776963 14338 dataplane_comm.cc:440] Received remote congestion report from (1,1) : status is 1.52457 at 1379527956124 (age = 1652 ms)
I0918 18:12:38.071504 14339 dataplane_comm.cc:440] Received remote congestion report from (1,1) : status is 1.99089 at 1379527957125 (age = 946 ms)
I0918 18:12:38.126344 14340 sosp_operators.cc:120] (every 1) In last 3 timesteps, 2420730 inserts 2420712 removes. Qsize 18/2000000. TDelta: 2003 Local-ratio: 1.30981 Downstream: 1.99089
I0918 18:12:39.127773 14345 sosp_operators.cc:120] (every 1) In last 3 timesteps, 2420730 inserts 2420748 removes. Qsize 0/2000000. TDelta: 2003 Local-ratio: 1.30983 Downstream: 1.99089
I0918 18:12:39.954985 14339 dataplane_comm.cc:440] Received remote congestion report from (1,1) : status is 1.63369 at 1379527958126 (age = 1828 ms)
I0918 18:12:40.129124 14341 sosp_operators.cc:120] (every 1) In last 3 timesteps, 2420730 inserts 2420748 removes. Qsize 0/2000000. TDelta: 2002 Local-ratio: 1.30983 Downstream: 1.63369
I0918 18:12:40.966027 14343 dataplane_comm.cc:440] Received remote congestion report from (1,1) : status is 1.47255 at 1379527959128 (age = 1838 ms)
I0918 18:12:41.130328 14341 sosp_operators.cc:120] (every 1) In last 3 timesteps, 2420730 inserts 2420730 removes. Qsize 18/2000000. TDelta: 2003 Local-ratio: 1.30982 Downstream: 1.47255
I0918 18:12:41.507642 14343 dataplane_comm.cc:440] Received remote congestion report from (1,1) : status is 1.56567 at 1379527960129 (age = 1378 ms)
I0918 18:12:41.846720 14341 dataplane_comm.cc:440] Received remote congestion report from (1,1) : status is 1.91171 at 1379527961130 (age = 716 ms)
I0918 18:12:42.131587 14340 sosp_operators.cc:120] (every 1) In last 3 timesteps, 2420730 inserts 2420712 removes. Qsize 18/2000000. TDelta: 2003 Local-ratio: 1.30981 Downstream: 1.91171
I0918 18:12:43.004776 14340 dataplane_comm.cc:440] Received remote congestion report from (1,1) : status is 1.73755 at 1379527962132 (age = 872 ms)
I0918 18:12:43.132976 14345 sosp_operators.cc:120] (every 1) In last 3 timesteps, 2420730 inserts 2420730 removes. Qsize 0/2000000. TDelta: 2002 Local-ratio: 1.30982 Downstream: 1.73755
I0918 18:12:43.653771 14343 dataplane_comm.cc:440] Received remote congestion report from (1,1) : status is 1.83282 at 1379527963133 (age = 520 ms)
I0918 18:12:44.134138 14345 sosp_operators.cc:120] (every 1) In last 3 timesteps, 2420730 inserts 2420748 removes. Qsize 0/2000000. TDelta: 2002 Local-ratio: 1.30983 Downstream: 1.83282
I0918 18:12:45.135553 14340 sosp_operators.cc:120] (every 1) In last 3 timesteps, 2420730 inserts 2420748 removes. Qsize 0/2000000. TDelta: 2003 Local-ratio: 1.30983 Downstream: 1.83282
I0918 18:12:45.295717 14341 dataplane_comm.cc:440] Received remote congestion report from (1,1) : status is 1.59964 at 1379527964134 (age = 1161 ms)
I0918 18:12:45.929477 14343 dataplane_comm.cc:440] Received remote congestion report from (1,1) : status is 1.59343 at 1379527965136 (age = 793 ms)
I0918 18:12:46.136787 14341 sosp_operators.cc:120] (every 1) In last 3 timesteps, 2420730 inserts 2420730 removes. Qsize 0/2000000. TDelta: 2003 Local-ratio: 1.30982 Downstream: 1.59343
I0918 18:12:47.138269 14339 sosp_operators.cc:120] (every 1) In last 3 timesteps, 2420730 inserts 2420730 removes. Qsize 0/2000000. TDelta: 2002 Local-ratio: 1.30982 Downstream: 1.59343
I0918 18:12:47.561694 14345 dataplane_comm.cc:440] Received remote congestion report from (1,1) : status is 1.37689 at 1379527966137 (age = 1424 ms)
I0918 18:12:48.114856 14338 dataplane_comm.cc:440] Received remote congestion report from (1,1) : status is 1.48475 at 1379527967138 (age = 976 ms)
I0918 18:12:48.139703 14343 sosp_operators.cc:120] (every 1) In last 3 timesteps, 2420730 inserts 2420730 removes. Qsize 0/2000000. TDelta: 2003 Local-ratio: 1.30982 Downstream: 1.48475
I0918 18:12:48.974666 14345 dataplane_comm.cc:440] Received remote congestion report from (1,1) : status is 1.43163 at 1379527968140 (age = 834 ms)
I0918 18:12:49.141211 14338 sosp_operators.cc:120] (every 1) In last 3 timesteps, 2420730 inserts 2420730 removes. Qsize 0/2000000. TDelta: 2003 Local-ratio: 1.30982 Downstream: 1.43163
I0918 18:12:49.717587 14343 dataplane_comm.cc:440] Received remote congestion report from (1,1) : status is 1.5481 at 1379527969141 (age = 576 ms)
I0918 18:12:50.142649 14344 sosp_operators.cc:120] (every 1) In last 3 timesteps, 2420730 inserts 2420730 removes. Qsize 0/2000000. TDelta: 2003 Local-ratio: 1.30982 Downstream: 1.5481
I0918 18:12:51.144034 14343 sosp_operators.cc:120] (every 1) In last 3 timesteps, 2420730 inserts 2420730 removes. Qsize 0/2000000. TDelta: 2003 Local-ratio: 1.30982 Downstream: 1.5481
I0918 18:12:51.458118 14341 dataplane_comm.cc:440] Received remote congestion report from (1,1) : status is 1.35839 at 1379527970143 (age = 1315 ms)
I0918 18:12:52.063696 14344 dataplane_comm.cc:440] Received remote congestion report from (1,1) : status is 1.43202 at 1379527971144 (age = 919 ms)
I0918 18:12:52.145311 14340 sosp_operators.cc:120] (every 1) In last 3 timesteps, 2420730 inserts 2420730 removes. Qsize 0/2000000. TDelta: 2003 Local-ratio: 1.30982 Downstream: 1.43202
I0918 18:12:53.146657 14340 sosp_operators.cc:120] (every 1) In last 3 timesteps, 2420730 inserts 2420730 removes. Qsize 0/2000000. TDelta: 2003 Local-ratio: 1.30982 Downstream: 1.43202
I0918 18:12:53.681779 14340 dataplane_comm.cc:440] Received remote congestion report from (1,1) : status is 1.24214 at 1379527972145 (age = 1536 ms)
I0918 18:12:54.148107 14345 sosp_operators.cc:120] (every 1) In last 3 timesteps, 2420730 inserts 2420730 removes. Qsize 0/2000000. TDelta: 2002 Local-ratio: 1.30982 Downstream: 1.24214
I0918 18:12:54.179605 14340 dataplane_comm.cc:440] Received remote congestion report from (1,1) : status is 1.43462 at 1379527973147 (age = 1032 ms)
I0918 18:12:54.819790 14343 dataplane_comm.cc:440] Received remote congestion report from (1,1) : status is 1.47854 at 1379527974148 (age = 671 ms)
I0918 18:12:55.149541 14341 sosp_operators.cc:120] (every 1) In last 3 timesteps, 2420730 inserts 2420730 removes. Qsize 0/2000000. TDelta: 2003 Local-ratio: 1.30982 Downstream: 1.47854
I0918 18:12:56.150755 14340 sosp_operators.cc:120] (every 1) In last 3 timesteps, 2420730 inserts 2420730 removes. Qsize 0/2000000. TDelta: 2003 Local-ratio: 1.30982 Downstream: 1.47854
I0918 18:12:56.961828 14345 liveness_manager.cc:108] Successfully scheduled message on 192.168.122.186:36276-128.112.7.136:3456
I0918 18:12:57.151953 14341 sosp_operators.cc:120] (every 1) In last 3 timesteps, 2420730 inserts 2420730 removes. Qsize 0/2000000. TDelta: 2002 Local-ratio: 1.30982 Downstream: 1.47854
I0918 18:12:57.654810 14343 dataplane_comm.cc:440] Received remote congestion report from (1,1) : status is 1.2107 at 1379527975149 (age = 2505 ms)
I0918 18:12:58.153308 14343 sosp_operators.cc:120] (every 1) In last 3 timesteps, 2420730 inserts 2420712 removes. Qsize 18/2000000. TDelta: 2002 Local-ratio: 1.30981 Downstream: 1.2107
I0918 18:12:58.787765 14344 dataplane_comm.cc:440] Received remote congestion report from (1,1) : status is 1.12868 at 1379527976151 (age = 2636 ms)
I0918 18:12:59.154676 14345 sosp_operators.cc:120] (every 1) In last 3 timesteps, 2420730 inserts 2420712 removes. Qsize 18/2000000. TDelta: 2003 Local-ratio: 1.30981 Downstream: 1.12868
I0918 18:12:59.486497 14341 dataplane_comm.cc:440] Received remote congestion report from (1,1) : status is 1.20416 at 1379527977152 (age = 2334 ms)
I0918 18:12:59.947243 14340 dataplane_comm.cc:440] Received remote congestion report from (1,1) : status is 1.44542 at 1379527978153 (age = 1794 ms)
I0918 18:13:00.155846 14345 sosp_operators.cc:120] (every 1) In last 3 timesteps, 2420730 inserts 2420712 removes. Qsize 18/2000000. TDelta: 2003 Local-ratio: 1.30981 Downstream: 1.44542
I0918 18:13:00.243609 14345 dataplane_comm.cc:440] Received remote congestion report from (1,1) : status is 1.92866 at 1379527979155 (age = 1088 ms)
I0918 18:13:00.802130 14343 dataplane_comm.cc:440] Received remote congestion report from (1,1) : status is 1.89372 at 1379527980156 (age = 646 ms)
I0918 18:13:01.156999 14345 sosp_operators.cc:120] (every 1) In last 3 timesteps, 2420730 inserts 2420748 removes. Qsize 0/2000000. TDelta: 2002 Local-ratio: 1.30983 Downstream: 1.89372
I0918 18:13:02.158392 14340 sosp_operators.cc:120] (every 1) In last 3 timesteps, 2420730 inserts 2420748 removes. Qsize 0/2000000. TDelta: 2003 Local-ratio: 1.30983 Downstream: 1.89372
I0918 18:13:02.455893 14341 dataplane_comm.cc:440] Received remote congestion report from (1,1) : status is 1.62045 at 1379527981157 (age = 1298 ms)
I0918 18:13:03.159586 14340 sosp_operators.cc:120] (every 1) In last 3 timesteps, 2420730 inserts 2420748 removes. Qsize 0/2000000. TDelta: 2003 Local-ratio: 1.30983 Downstream: 1.62045
I0918 18:13:04.161079 14343 sosp_operators.cc:120] (every 1) In last 3 timesteps, 2420730 inserts 2420712 removes. Qsize 18/2000000. TDelta: 2002 Local-ratio: 1.30981 Downstream: 1.62045
I0918 18:13:05.001349 14343 dataplane_comm.cc:440] Received remote congestion report from (1,1) : status is 1.31357 at 1379527982158 (age = 2843 ms)
I0918 18:13:05.162549 14341 sosp_operators.cc:120] (every 1) In last 3 timesteps, 2420730 inserts 2420712 removes. Qsize 18/2000000. TDelta: 2003 Local-ratio: 1.30981 Downstream: 1.31357
I0918 18:13:05.162570 14341 congest_policy.cc:95] setting degradation level for (1,81) to 5/6 (operator ratio = 0.5). Capacity-ratio: 0.85148 at connection to 128.112.7.136:3452 TS 1379527985
I0918 18:13:05.162585 14341 variable_sampling.cc:141] Switching drop frequency by -1 to 50%.
I0918 18:13:05.955093 14345 dataplane_comm.cc:440] Received remote congestion report from (1,1) : status is 1.24723 at 1379527983160 (age = 2795 ms)
I0918 18:13:06.163609 14341 sosp_operators.cc:120] (every 1) In last 3 timesteps, 2420730 inserts 1613802 removes. Qsize 806928/2000000. TDelta: 2003 Local-ratio: 0.85148 Downstream: 1.24723
I0918 18:13:06.978664 14343 dataplane_comm.cc:440] Received remote congestion report from (1,1) : status is 1.1798 at 1379527984161 (age = 2817 ms)
I0918 18:13:07.164644 14340 sosp_operators.cc:120] (every 1) In last 3 timesteps, 2017290 inserts 2017290 removes. Qsize 18/2000000. TDelta: 2002 Local-ratio: 1.37178 Downstream: 1.1798
I0918 18:13:07.427963 14339 dataplane_comm.cc:440] Received remote congestion report from (1,1) : status is 1.44289 at 1379527985162 (age = 2265 ms)
I0918 18:13:07.703136 14342 dataplane_comm.cc:440] Received remote congestion report from (1,1) : status is 1.99126 at 1379527986163 (age = 1540 ms)
I0918 18:13:07.908903 14339 dataplane_comm.cc:440] Received remote congestion report from (1,1) : status is 2.70704 at 1379527987164 (age = 744 ms)
I0918 18:13:08.165876 14343 sosp_operators.cc:120] (every 1) In last 3 timesteps, 1613850 inserts 1613850 removes. Qsize 18/2000000. TDelta: 2002 Local-ratio: 1.46472 Downstream: 2.70704
I0918 18:13:08.165901 14343 congest_policy.cc:95] setting degradation level for (1,81) to 6/6 (operator ratio = 1). Capacity-ratio: 2.28628 at connection to 128.112.7.136:3452 TS 1379527988
I0918 18:13:08.165915 14343 variable_sampling.cc:141] Switching drop frequency by 1 to 0%.
I0918 18:13:09.167127 14341 sosp_operators.cc:120] (every 1) In last 3 timesteps, 1210410 inserts 2017338 removes. Qsize 0/2000000. TDelta: 2002 Local-ratio: 2.28628 Downstream: 2.70704
I0918 18:13:09.390193 14342 dataplane_comm.cc:440] Received remote congestion report from (1,1) : status is 2.24304 at 1379527988166 (age = 1224 ms)
I0918 18:13:09.926079 14338 dataplane_comm.cc:440] Received remote congestion report from (1,1) : status is 2.1487 at 1379527989167 (age = 759 ms)
I0918 18:13:10.168475 14339 sosp_operators.cc:120] (every 1) In last 3 timesteps, 1586954 inserts 1586972 removes. Qsize 0/2000000. TDelta: 2003 Local-ratio: 1.47261 Downstream: 2.1487
I0918 18:13:10.699622 14339 dataplane_comm.cc:440] Received remote congestion report from (1,1) : status is 2.1302 at 1379527990168 (age = 531 ms)
I0918 18:13:11.169711 14338 sosp_operators.cc:120] (every 1) In last 3 timesteps, 1990394 inserts 1990412 removes. Qsize 0/2000000. TDelta: 2003 Local-ratio: 1.37682 Downstream: 2.1302
I0918 18:13:11.888216 14338 dataplane_comm.cc:440] Received remote congestion report from (1,1) : status is 1.97134 at 1379527991170 (age = 718 ms)
