I0918 18:06:42.779974 15054 node.cc:37] creating node
I0918 18:06:42.780079 15054 node.cc:46] possible controller: 128.112.7.136:3456
I0918 18:06:42.780756 15054 node.cc:75] *********** 
					Node ID is 141.39.220.30:50896
 					     *********** 
I0918 18:06:42.780855 15054 node.cc:104] starting thread pool with 8 threads
I0918 18:06:42.783577 15054 node_web_interface.cc:32] Web server on 141.39.220.30:8080
I0918 18:06:42.915729 15058 node.cc:208] Connected to controller: 128.112.7.136:3456
I0918 18:06:42.915781 15058 liveness_manager.cc:37] Starting notifications; four-tuple is 192.168.122.9:34265-128.112.7.136:3456
I0918 18:06:42.915961 15058 liveness_manager.cc:108] Successfully scheduled message on 192.168.122.9:34265-128.112.7.136:3456
I0918 18:07:22.919847 15063 liveness_manager.cc:108] Successfully scheduled message on 192.168.122.9:34265-128.112.7.136:3456
I0918 18:08:02.922351 15058 liveness_manager.cc:108] Successfully scheduled message on 192.168.122.9:34265-128.112.7.136:3456
I0918 18:08:42.925014 15057 liveness_manager.cc:108] Successfully scheduled message on 192.168.122.9:34265-128.112.7.136:3456
I0918 18:09:22.927569 15058 liveness_manager.cc:108] Successfully scheduled message on 192.168.122.9:34265-128.112.7.136:3456
I0918 18:10:02.929613 15060 liveness_manager.cc:108] Successfully scheduled message on 192.168.122.9:34265-128.112.7.136:3456
I0918 18:10:42.934455 15057 liveness_manager.cc:108] Successfully scheduled message on 192.168.122.9:34265-128.112.7.136:3456
I0918 18:11:00.891404 15063 node.cc:403] Request to create 0 cubes and 3 operators.
I0918 18:11:00.891777 15063 sosp_operators.cc:156] Blob reader (1,164) will iterate over 1 files in /sample_images
I0918 18:11:00.891881 15063 node.cc:441] configured operator (1,164) of type BlobReader ok
I0918 18:11:00.891994 15063 variable_sampling.cc:117] Configured Fixed-interval sampling operator. max_drops=4
I0918 18:11:00.892015 15063 node.cc:441] configured operator (1,165) of type IntervalSamplingOperator ok
I0918 18:11:00.892061 15063 node.cc:441] configured operator (1,166) of type TimestampOperator ok
I0918 18:11:00.892221 15063 node.cc:600] building chains
I0918 18:11:00.892261 15063 node.cc:614] Found a chain starting from (1,164)
I0918 18:11:00.892343 15063 node.cc:621] adding (1,164)
I0918 18:11:00.892376 15063 node.cc:621] adding (1,165)
I0918 18:11:00.892392 15063 node.cc:621] adding (1,166)
I0918 18:11:00.892691 15063 node.cc:621] adding (1,1) on 128.112.7.136:3452 (waiting for dest)
I0918 18:11:00.892732 15063 node.cc:651] 1 chains built
I0918 18:11:00.892817 15063 dataplane_comm.cc:698]  trying to send data to (1,1) on 128.112.7.136:3452 through closed conn. Should block
I0918 18:11:01.015012 15062 dataplane_comm.cc:368] RDA to 128.112.7.136:3452 set up OK
I0918 18:11:01.015156 15062 dataplane_comm.cc:405] Chain connect sent
I0918 18:11:01.138592 15058 dataplane_comm.cc:424] got ready back from (1,1)
I0918 18:11:01.138710 15063 node.cc:712] added default congestion policy for (1,164). Monitor is defined
I0918 18:11:01.138741 15063 node.cc:712] added default congestion policy for (1,165). Monitor is defined
I0918 18:11:01.138759 15063 node.cc:712] added default congestion policy for (1,166). Monitor is defined
I0918 18:11:01.138795 15063 chain_ops.cc:33] timer-based operator (1,164) of type Blob Reader starting
I0918 18:11:01.138890 15063 operator_chain.cc:51] Starting 4-element chain starting at (1,164)
I0918 18:11:01.140579 15063 sosp_operators.cc:120] (every 1) In last 3 timesteps, 0 inserts 0 removes. Qsize 0/2000000. TDelta: 0 Local-ratio: 10 Downstream: inf
I0918 18:11:02.141880 15063 sosp_operators.cc:120] (every 1) In last 3 timesteps, 35 inserts 35 removes. Qsize 0/2000000. TDelta: 1379527861140 Local-ratio: 21429.6 Downstream: inf
I0918 18:11:02.559883 15057 dataplane_comm.cc:440] Received remote congestion report from (1,1) : status is 7.6929 at 1379527861141 (age = 1418 ms)
I0918 18:11:03.143535 15056 sosp_operators.cc:120] (every 1) In last 3 timesteps, 806915 inserts 806897 removes. Qsize 18/2000000. TDelta: 1379527862141 Local-ratio: 1.92944 Downstream: 7.6929
I0918 18:11:03.168226 15057 dataplane_comm.cc:440] Received remote congestion report from (1,1) : status is 6.18018 at 1379527862142 (age = 1026 ms)
I0918 18:11:03.808917 15056 dataplane_comm.cc:440] Received remote congestion report from (1,1) : status is 5.10595 at 1379527863143 (age = 665 ms)
I0918 18:11:04.145098 15057 sosp_operators.cc:120] (every 1) In last 3 timesteps, 1613795 inserts 1613795 removes. Qsize 0/2000000. TDelta: 2003 Local-ratio: 1.46474 Downstream: 5.10595
I0918 18:11:04.901551 15056 dataplane_comm.cc:440] Received remote congestion report from (1,1) : status is 4.22819 at 1379527864145 (age = 756 ms)
I0918 18:11:05.146605 15058 sosp_operators.cc:120] (every 1) In last 3 timesteps, 2420640 inserts 2420640 removes. Qsize 0/2000000. TDelta: 2004 Local-ratio: 1.30984 Downstream: 4.22819
I0918 18:11:06.031986 15063 dataplane_comm.cc:440] Received remote congestion report from (1,1) : status is 3.50052 at 1379527865147 (age = 884 ms)
I0918 18:11:06.147783 15058 sosp_operators.cc:120] (every 1) In last 3 timesteps, 2420640 inserts 2420658 removes. Qsize 0/2000000. TDelta: 2003 Local-ratio: 1.30984 Downstream: 3.50052
I0918 18:11:06.777698 15058 dataplane_comm.cc:440] Received remote congestion report from (1,1) : status is 3.1234 at 1379527866148 (age = 629 ms)
I0918 18:11:07.149337 15059 sosp_operators.cc:120] (every 1) In last 3 timesteps, 2420662 inserts 2420662 removes. Qsize 0/2000000. TDelta: 2002 Local-ratio: 1.30983 Downstream: 3.1234
I0918 18:11:07.905258 15058 dataplane_comm.cc:440] Received remote congestion report from (1,1) : status is 2.74 at 1379527867149 (age = 756 ms)
I0918 18:11:08.150765 15056 sosp_operators.cc:120] (every 1) In last 3 timesteps, 2420692 inserts 2420692 removes. Qsize 0/2000000. TDelta: 2003 Local-ratio: 1.30983 Downstream: 2.74
I0918 18:11:08.946125 15063 dataplane_comm.cc:440] Received remote congestion report from (1,1) : status is 2.43151 at 1379527868151 (age = 795 ms)
I0918 18:11:09.151912 15056 sosp_operators.cc:120] (every 1) In last 3 timesteps, 2420722 inserts 2420722 removes. Qsize 0/2000000. TDelta: 2003 Local-ratio: 1.30982 Downstream: 2.43151
I0918 18:11:09.905197 15059 dataplane_comm.cc:440] Received remote congestion report from (1,1) : status is 2.22621 at 1379527869152 (age = 753 ms)
I0918 18:11:10.153377 15062 sosp_operators.cc:120] (every 1) In last 3 timesteps, 2420730 inserts 2420730 removes. Qsize 0/2000000. TDelta: 2002 Local-ratio: 1.30982 Downstream: 2.22621
I0918 18:11:10.917768 15057 dataplane_comm.cc:440] Received remote congestion report from (1,1) : status is 2.06028 at 1379527870153 (age = 764 ms)
I0918 18:11:11.154539 15056 sosp_operators.cc:120] (every 1) In last 3 timesteps, 2420730 inserts 2420730 removes. Qsize 0/2000000. TDelta: 2003 Local-ratio: 1.30982 Downstream: 2.06028
I0918 18:11:11.909977 15057 dataplane_comm.cc:440] Received remote congestion report from (1,1) : status is 1.94521 at 1379527871154 (age = 755 ms)
I0918 18:11:12.155848 15059 sosp_operators.cc:120] (every 1) In last 3 timesteps, 2420730 inserts 2420730 removes. Qsize 0/2000000. TDelta: 2003 Local-ratio: 1.30982 Downstream: 1.94521
I0918 18:11:12.911959 15056 dataplane_comm.cc:440] Received remote congestion report from (1,1) : status is 1.857 at 1379527872156 (age = 755 ms)
I0918 18:11:13.157312 15063 sosp_operators.cc:120] (every 1) In last 3 timesteps, 2420730 inserts 2420730 removes. Qsize 0/2000000. TDelta: 2002 Local-ratio: 1.30982 Downstream: 1.857
I0918 18:11:13.915827 15062 dataplane_comm.cc:440] Received remote congestion report from (1,1) : status is 1.78894 at 1379527873157 (age = 758 ms)
I0918 18:11:14.158732 15056 sosp_operators.cc:120] (every 1) In last 3 timesteps, 2420730 inserts 2420730 removes. Qsize 0/2000000. TDelta: 2003 Local-ratio: 1.30982 Downstream: 1.78894
I0918 18:11:14.917237 15057 dataplane_comm.cc:440] Received remote congestion report from (1,1) : status is 1.73853 at 1379527874159 (age = 758 ms)
I0918 18:11:15.160015 15063 sosp_operators.cc:120] (every 1) In last 3 timesteps, 2420730 inserts 2420730 removes. Qsize 0/2000000. TDelta: 2003 Local-ratio: 1.30982 Downstream: 1.73853
I0918 18:11:15.922183 15057 dataplane_comm.cc:440] Received remote congestion report from (1,1) : status is 1.69698 at 1379527875160 (age = 762 ms)
I0918 18:11:16.161396 15063 sosp_operators.cc:120] (every 1) In last 3 timesteps, 2420730 inserts 2420730 removes. Qsize 0/2000000. TDelta: 2003 Local-ratio: 1.30982 Downstream: 1.69698
I0918 18:11:16.918745 15056 dataplane_comm.cc:440] Received remote congestion report from (1,1) : status is 1.67083 at 1379527876161 (age = 757 ms)
I0918 18:11:17.162778 15058 sosp_operators.cc:120] (every 1) In last 3 timesteps, 2420730 inserts 2420730 removes. Qsize 0/2000000. TDelta: 2003 Local-ratio: 1.30982 Downstream: 1.67083
I0918 18:11:17.917940 15063 dataplane_comm.cc:440] Received remote congestion report from (1,1) : status is 1.64994 at 1379527877163 (age = 754 ms)
I0918 18:11:18.164170 15056 sosp_operators.cc:120] (every 1) In last 3 timesteps, 2420730 inserts 2420730 removes. Qsize 0/2000000. TDelta: 2002 Local-ratio: 1.30982 Downstream: 1.64994
I0918 18:11:18.917302 15062 dataplane_comm.cc:440] Received remote congestion report from (1,1) : status is 1.63555 at 1379527878164 (age = 753 ms)
I0918 18:11:19.165359 15058 sosp_operators.cc:120] (every 1) In last 3 timesteps, 2420730 inserts 2420730 removes. Qsize 0/2000000. TDelta: 2003 Local-ratio: 1.30982 Downstream: 1.63555
I0918 18:11:19.921051 15056 dataplane_comm.cc:440] Received remote congestion report from (1,1) : status is 1.62286 at 1379527879165 (age = 756 ms)
I0918 18:11:20.166723 15057 sosp_operators.cc:120] (every 1) In last 3 timesteps, 2420730 inserts 2420730 removes. Qsize 0/2000000. TDelta: 2003 Local-ratio: 1.30982 Downstream: 1.62286
I0918 18:11:20.918804 15062 dataplane_comm.cc:440] Received remote congestion report from (1,1) : status is 1.61778 at 1379527880167 (age = 751 ms)
I0918 18:11:21.168104 15056 sosp_operators.cc:120] (every 1) In last 3 timesteps, 2420730 inserts 2420730 removes. Qsize 0/2000000. TDelta: 2002 Local-ratio: 1.30982 Downstream: 1.61778
I0918 18:11:21.927494 15062 dataplane_comm.cc:440] Received remote congestion report from (1,1) : status is 1.60828 at 1379527881168 (age = 759 ms)
I0918 18:11:22.169288 15056 sosp_operators.cc:120] (every 1) In last 3 timesteps, 2420730 inserts 2420730 removes. Qsize 0/2000000. TDelta: 2003 Local-ratio: 1.30982 Downstream: 1.60828
I0918 18:11:22.923454 15063 dataplane_comm.cc:440] Received remote congestion report from (1,1) : status is 1.6043 at 1379527882169 (age = 754 ms)
I0918 18:11:22.938159 15057 liveness_manager.cc:108] Successfully scheduled message on 192.168.122.9:34265-128.112.7.136:3456
I0918 18:11:23.170485 15058 sosp_operators.cc:120] (every 1) In last 3 timesteps, 2420730 inserts 2420730 removes. Qsize 0/2000000. TDelta: 2003 Local-ratio: 1.30982 Downstream: 1.6043
I0918 18:11:23.929853 15059 dataplane_comm.cc:440] Received remote congestion report from (1,1) : status is 1.59817 at 1379527883170 (age = 759 ms)
I0918 18:11:24.171596 15058 sosp_operators.cc:120] (every 1) In last 3 timesteps, 2420730 inserts 2420730 removes. Qsize 0/2000000. TDelta: 2002 Local-ratio: 1.30982 Downstream: 1.59817
I0918 18:11:24.932695 15059 dataplane_comm.cc:440] Received remote congestion report from (1,1) : status is 1.59357 at 1379527884171 (age = 761 ms)
I0918 18:11:25.172925 15063 sosp_operators.cc:120] (every 1) In last 3 timesteps, 2420730 inserts 2420730 removes. Qsize 0/2000000. TDelta: 2002 Local-ratio: 1.30982 Downstream: 1.59357
I0918 18:11:25.929937 15062 dataplane_comm.cc:440] Received remote congestion report from (1,1) : status is 1.59012 at 1379527885173 (age = 756 ms)
I0918 18:11:26.174144 15058 sosp_operators.cc:120] (every 1) In last 3 timesteps, 2420730 inserts 2420730 removes. Qsize 0/2000000. TDelta: 2002 Local-ratio: 1.30982 Downstream: 1.59012
I0918 18:11:26.925139 15063 dataplane_comm.cc:440] Received remote congestion report from (1,1) : status is 1.59517 at 1379527886174 (age = 751 ms)
I0918 18:11:27.175508 15062 sosp_operators.cc:120] (every 1) In last 3 timesteps, 2420730 inserts 2420730 removes. Qsize 0/2000000. TDelta: 2003 Local-ratio: 1.30982 Downstream: 1.59517
I0918 18:11:27.928647 15056 dataplane_comm.cc:440] Received remote congestion report from (1,1) : status is 1.59638 at 1379527887175 (age = 753 ms)
I0918 18:11:28.176934 15057 sosp_operators.cc:120] (every 1) In last 3 timesteps, 2420730 inserts 2420730 removes. Qsize 0/2000000. TDelta: 2003 Local-ratio: 1.30982 Downstream: 1.59638
I0918 18:11:28.935765 15056 dataplane_comm.cc:440] Received remote congestion report from (1,1) : status is 1.59285 at 1379527888177 (age = 758 ms)
I0918 18:11:29.178179 15062 sosp_operators.cc:120] (every 1) In last 3 timesteps, 2420730 inserts 2420730 removes. Qsize 0/2000000. TDelta: 2002 Local-ratio: 1.30982 Downstream: 1.59285
I0918 18:11:29.938602 15058 dataplane_comm.cc:440] Received remote congestion report from (1,1) : status is 1.58958 at 1379527889178 (age = 760 ms)
I0918 18:11:30.179354 15057 sosp_operators.cc:120] (every 1) In last 3 timesteps, 2420730 inserts 2420730 removes. Qsize 0/2000000. TDelta: 2003 Local-ratio: 1.30982 Downstream: 1.58958
I0918 18:11:30.930691 15058 dataplane_comm.cc:440] Received remote congestion report from (1,1) : status is 1.59028 at 1379527890179 (age = 751 ms)
I0918 18:11:31.180742 15058 sosp_operators.cc:120] (every 1) In last 3 timesteps, 2420730 inserts 2420730 removes. Qsize 0/2000000. TDelta: 2003 Local-ratio: 1.30982 Downstream: 1.59028
I0918 18:11:31.939177 15058 dataplane_comm.cc:440] Received remote congestion report from (1,1) : status is 1.58703 at 1379527891181 (age = 758 ms)
I0918 18:11:32.182176 15063 sosp_operators.cc:120] (every 1) In last 3 timesteps, 2420730 inserts 2420730 removes. Qsize 0/2000000. TDelta: 2002 Local-ratio: 1.30982 Downstream: 1.58703
I0918 18:11:32.929672 15059 dataplane_comm.cc:440] Received remote congestion report from (1,1) : status is 1.59027 at 1379527892182 (age = 747 ms)
I0918 18:11:33.183646 15063 sosp_operators.cc:120] (every 1) In last 3 timesteps, 2420730 inserts 2420730 removes. Qsize 0/2000000. TDelta: 2003 Local-ratio: 1.30982 Downstream: 1.59027
I0918 18:11:34.184833 15058 sosp_operators.cc:120] (every 1) In last 3 timesteps, 2420730 inserts 2420730 removes. Qsize 0/2000000. TDelta: 2003 Local-ratio: 1.30982 Downstream: 1.59027
I0918 18:11:34.314542 15059 dataplane_comm.cc:440] Received remote congestion report from (1,1) : status is 1.44245 at 1379527893184 (age = 1130 ms)
I0918 18:11:34.940642 15063 dataplane_comm.cc:440] Received remote congestion report from (1,1) : status is 1.47993 at 1379527894185 (age = 755 ms)
I0918 18:11:35.186213 15059 sosp_operators.cc:120] (every 1) In last 3 timesteps, 2420730 inserts 2420730 removes. Qsize 0/2000000. TDelta: 2002 Local-ratio: 1.30982 Downstream: 1.47993
I0918 18:11:35.817710 15058 dataplane_comm.cc:440] Received remote congestion report from (1,1) : status is 1.605 at 1379527895186 (age = 631 ms)
I0918 18:11:36.187618 15056 sosp_operators.cc:120] (every 1) In last 3 timesteps, 2420730 inserts 2420730 removes. Qsize 0/2000000. TDelta: 2003 Local-ratio: 1.30982 Downstream: 1.605
I0918 18:11:36.938105 15063 dataplane_comm.cc:440] Received remote congestion report from (1,1) : status is 1.60311 at 1379527896188 (age = 750 ms)
I0918 18:11:37.189122 15061 sosp_operators.cc:120] (every 1) In last 3 timesteps, 2420730 inserts 2420730 removes. Qsize 0/2000000. TDelta: 2003 Local-ratio: 1.30982 Downstream: 1.60311
I0918 18:11:37.944463 15059 dataplane_comm.cc:440] Received remote congestion report from (1,1) : status is 1.60042 at 1379527897189 (age = 755 ms)
I0918 18:11:38.190713 15060 sosp_operators.cc:120] (every 1) In last 3 timesteps, 2420730 inserts 2420730 removes. Qsize 0/2000000. TDelta: 2003 Local-ratio: 1.30982 Downstream: 1.60042
I0918 18:11:38.945376 15063 dataplane_comm.cc:440] Received remote congestion report from (1,1) : status is 1.5984 at 1379527898191 (age = 754 ms)
I0918 18:11:39.191930 15061 sosp_operators.cc:120] (every 1) In last 3 timesteps, 2420730 inserts 2420730 removes. Qsize 0/2000000. TDelta: 2003 Local-ratio: 1.30982 Downstream: 1.5984
I0918 18:11:39.941145 15061 dataplane_comm.cc:440] Received remote congestion report from (1,1) : status is 1.5988 at 1379527899192 (age = 749 ms)
I0918 18:11:40.193141 15060 sosp_operators.cc:120] (every 1) In last 3 timesteps, 2420730 inserts 2420730 removes. Qsize 0/2000000. TDelta: 2002 Local-ratio: 1.30982 Downstream: 1.5988
I0918 18:11:40.950146 15061 dataplane_comm.cc:440] Received remote congestion report from (1,1) : status is 1.5953 at 1379527900193 (age = 757 ms)
I0918 18:11:41.194337 15056 sosp_operators.cc:120] (every 1) In last 3 timesteps, 2420730 inserts 2420730 removes. Qsize 0/2000000. TDelta: 2003 Local-ratio: 1.30982 Downstream: 1.5953
I0918 18:11:41.946802 15058 dataplane_comm.cc:440] Received remote congestion report from (1,1) : status is 1.5984 at 1379527901194 (age = 752 ms)
I0918 18:11:42.195683 15059 sosp_operators.cc:120] (every 1) In last 3 timesteps, 2420730 inserts 2420730 removes. Qsize 0/2000000. TDelta: 2003 Local-ratio: 1.30982 Downstream: 1.5984
I0918 18:11:42.937791 15061 dataplane_comm.cc:440] Received remote congestion report from (1,1) : status is 1.60333 at 1379527902196 (age = 741 ms)
I0918 18:11:43.196928 15060 sosp_operators.cc:120] (every 1) In last 3 timesteps, 2420730 inserts 2420730 removes. Qsize 0/2000000. TDelta: 2002 Local-ratio: 1.30982 Downstream: 1.60333
I0918 18:11:43.953030 15056 dataplane_comm.cc:440] Received remote congestion report from (1,1) : status is 1.59744 at 1379527903197 (age = 756 ms)
I0918 18:11:44.198360 15058 sosp_operators.cc:120] (every 1) In last 3 timesteps, 2420730 inserts 2420730 removes. Qsize 0/2000000. TDelta: 2002 Local-ratio: 1.30982 Downstream: 1.59744
I0918 18:11:44.943049 15061 dataplane_comm.cc:440] Received remote congestion report from (1,1) : status is 1.60066 at 1379527904198 (age = 745 ms)
I0918 18:11:45.199575 15058 sosp_operators.cc:120] (every 1) In last 3 timesteps, 2420730 inserts 2420730 removes. Qsize 0/2000000. TDelta: 2003 Local-ratio: 1.30982 Downstream: 1.60066
I0918 18:11:45.947861 15060 dataplane_comm.cc:440] Received remote congestion report from (1,1) : status is 1.60178 at 1379527905200 (age = 747 ms)
I0918 18:11:46.200970 15056 sosp_operators.cc:120] (every 1) In last 3 timesteps, 2420730 inserts 2420730 removes. Qsize 0/2000000. TDelta: 2003 Local-ratio: 1.30982 Downstream: 1.60178
I0918 18:11:46.943707 15063 dataplane_comm.cc:440] Received remote congestion report from (1,1) : status is 1.60521 at 1379527906201 (age = 742 ms)
I0918 18:11:47.202210 15058 sosp_operators.cc:120] (every 1) In last 3 timesteps, 2420730 inserts 2420730 removes. Qsize 0/2000000. TDelta: 2002 Local-ratio: 1.30982 Downstream: 1.60521
I0918 18:11:47.944666 15060 dataplane_comm.cc:440] Received remote congestion report from (1,1) : status is 1.60713 at 1379527907202 (age = 742 ms)
I0918 18:11:48.203374 15058 sosp_operators.cc:120] (every 1) In last 3 timesteps, 2420730 inserts 2420730 removes. Qsize 0/2000000. TDelta: 2003 Local-ratio: 1.30982 Downstream: 1.60713
I0918 18:11:48.952329 15059 dataplane_comm.cc:440] Received remote congestion report from (1,1) : status is 1.60663 at 1379527908203 (age = 749 ms)
I0918 18:11:49.204602 15056 sosp_operators.cc:120] (every 1) In last 3 timesteps, 2420730 inserts 2420730 removes. Qsize 0/2000000. TDelta: 2003 Local-ratio: 1.30982 Downstream: 1.60663
I0918 18:11:49.951860 15056 dataplane_comm.cc:440] Received remote congestion report from (1,1) : status is 1.61414 at 1379527909205 (age = 746 ms)
I0918 18:11:50.205817 15058 sosp_operators.cc:120] (every 1) In last 3 timesteps, 2420730 inserts 2420730 removes. Qsize 0/2000000. TDelta: 2002 Local-ratio: 1.30982 Downstream: 1.61414
I0918 18:11:50.950294 15061 dataplane_comm.cc:440] Received remote congestion report from (1,1) : status is 1.61448 at 1379527910206 (age = 744 ms)
I0918 18:11:51.206970 15056 sosp_operators.cc:120] (every 1) In last 3 timesteps, 2420730 inserts 2420730 removes. Qsize 0/2000000. TDelta: 2002 Local-ratio: 1.30982 Downstream: 1.61448
I0918 18:11:51.952136 15056 dataplane_comm.cc:440] Received remote congestion report from (1,1) : status is 1.61279 at 1379527911207 (age = 745 ms)
I0918 18:11:52.208164 15058 sosp_operators.cc:120] (every 1) In last 3 timesteps, 2420730 inserts 2420730 removes. Qsize 0/2000000. TDelta: 2002 Local-ratio: 1.30982 Downstream: 1.61279
I0918 18:11:52.953742 15063 dataplane_comm.cc:440] Received remote congestion report from (1,1) : status is 1.61088 at 1379527912208 (age = 745 ms)
I0918 18:11:53.209522 15059 sosp_operators.cc:120] (every 1) In last 3 timesteps, 2420730 inserts 2420730 removes. Qsize 0/2000000. TDelta: 2003 Local-ratio: 1.30982 Downstream: 1.61088
I0918 18:11:53.956527 15058 dataplane_comm.cc:440] Received remote congestion report from (1,1) : status is 1.6088 at 1379527913209 (age = 747 ms)
I0918 18:11:54.210918 15061 sosp_operators.cc:120] (every 1) In last 3 timesteps, 2420730 inserts 2420730 removes. Qsize 0/2000000. TDelta: 2003 Local-ratio: 1.30982 Downstream: 1.6088
I0918 18:11:54.965566 15058 dataplane_comm.cc:440] Received remote congestion report from (1,1) : status is 1.60596 at 1379527914211 (age = 754 ms)
I0918 18:11:55.212157 15059 sosp_operators.cc:120] (every 1) In last 3 timesteps, 2420730 inserts 2420730 removes. Qsize 0/2000000. TDelta: 2002 Local-ratio: 1.30982 Downstream: 1.60596
I0918 18:11:55.958828 15063 dataplane_comm.cc:440] Received remote congestion report from (1,1) : status is 1.60575 at 1379527915212 (age = 746 ms)
I0918 18:11:56.213348 15061 sosp_operators.cc:120] (every 1) In last 3 timesteps, 2420730 inserts 2420730 removes. Qsize 0/2000000. TDelta: 2003 Local-ratio: 1.30982 Downstream: 1.60575
I0918 18:11:56.958632 15056 dataplane_comm.cc:440] Received remote congestion report from (1,1) : status is 1.6056 at 1379527916213 (age = 745 ms)
I0918 18:11:57.214766 15058 sosp_operators.cc:120] (every 1) In last 3 timesteps, 2420730 inserts 2420730 removes. Qsize 0/2000000. TDelta: 2003 Local-ratio: 1.30982 Downstream: 1.6056
I0918 18:11:57.969900 15056 dataplane_comm.cc:440] Received remote congestion report from (1,1) : status is 1.6004 at 1379527917215 (age = 754 ms)
I0918 18:11:58.215948 15058 sosp_operators.cc:120] (every 1) In last 3 timesteps, 2420730 inserts 2420730 removes. Qsize 0/2000000. TDelta: 2002 Local-ratio: 1.30982 Downstream: 1.6004
I0918 18:11:58.975471 15061 dataplane_comm.cc:440] Received remote congestion report from (1,1) : status is 1.59712 at 1379527918216 (age = 759 ms)
I0918 18:11:59.217406 15060 sosp_operators.cc:120] (every 1) In last 3 timesteps, 2420730 inserts 2420730 removes. Qsize 0/2000000. TDelta: 2002 Local-ratio: 1.30982 Downstream: 1.59712
I0918 18:11:59.975846 15059 dataplane_comm.cc:440] Received remote congestion report from (1,1) : status is 1.59154 at 1379527919217 (age = 758 ms)
I0918 18:12:00.218611 15058 sosp_operators.cc:120] (every 1) In last 3 timesteps, 2420730 inserts 2420730 removes. Qsize 0/2000000. TDelta: 2003 Local-ratio: 1.30982 Downstream: 1.59154
I0918 18:12:00.969404 15056 dataplane_comm.cc:440] Received remote congestion report from (1,1) : status is 1.59366 at 1379527920219 (age = 750 ms)
I0918 18:12:01.220108 15059 sosp_operators.cc:120] (every 1) In last 3 timesteps, 2420730 inserts 2420730 removes. Qsize 0/2000000. TDelta: 2003 Local-ratio: 1.30982 Downstream: 1.59366
I0918 18:12:01.967082 15058 dataplane_comm.cc:440] Received remote congestion report from (1,1) : status is 1.59524 at 1379527921220 (age = 747 ms)
I0918 18:12:02.221366 15060 sosp_operators.cc:120] (every 1) In last 3 timesteps, 2420730 inserts 2420730 removes. Qsize 0/2000000. TDelta: 2003 Local-ratio: 1.30982 Downstream: 1.59524
I0918 18:12:02.940584 15060 liveness_manager.cc:108] Successfully scheduled message on 192.168.122.9:34265-128.112.7.136:3456
I0918 18:12:02.974794 15060 dataplane_comm.cc:440] Received remote congestion report from (1,1) : status is 1.59326 at 1379527922221 (age = 753 ms)
I0918 18:12:03.222798 15063 sosp_operators.cc:120] (every 1) In last 3 timesteps, 2420730 inserts 2420730 removes. Qsize 0/2000000. TDelta: 2003 Local-ratio: 1.30982 Downstream: 1.59326
I0918 18:12:03.985077 15056 dataplane_comm.cc:440] Received remote congestion report from (1,1) : status is 1.59051 at 1379527923223 (age = 762 ms)
I0918 18:12:04.224041 15060 sosp_operators.cc:120] (every 1) In last 3 timesteps, 2420730 inserts 2420730 removes. Qsize 0/2000000. TDelta: 2002 Local-ratio: 1.30982 Downstream: 1.59051
I0918 18:12:04.985151 15058 dataplane_comm.cc:440] Received remote congestion report from (1,1) : status is 1.59288 at 1379527924224 (age = 761 ms)
I0918 18:12:05.225380 15056 sosp_operators.cc:120] (every 1) In last 3 timesteps, 2420730 inserts 2420730 removes. Qsize 0/2000000. TDelta: 2003 Local-ratio: 1.30982 Downstream: 1.59288
I0918 18:12:05.981835 15063 dataplane_comm.cc:440] Received remote congestion report from (1,1) : status is 1.59212 at 1379527925225 (age = 756 ms)
I0918 18:12:06.226698 15060 sosp_operators.cc:120] (every 1) In last 3 timesteps, 2420730 inserts 2420730 removes. Qsize 0/2000000. TDelta: 2003 Local-ratio: 1.30982 Downstream: 1.59212
I0918 18:12:06.998682 15061 dataplane_comm.cc:440] Received remote congestion report from (1,1) : status is 1.5835 at 1379527926227 (age = 771 ms)
I0918 18:12:07.228107 15058 sosp_operators.cc:120] (every 1) In last 3 timesteps, 2420730 inserts 2420730 removes. Qsize 0/2000000. TDelta: 2002 Local-ratio: 1.30982 Downstream: 1.5835
I0918 18:12:07.982357 15059 dataplane_comm.cc:440] Received remote congestion report from (1,1) : status is 1.58698 at 1379527927228 (age = 754 ms)
I0918 18:12:08.229521 15063 sosp_operators.cc:120] (every 1) In last 3 timesteps, 2420730 inserts 2420730 removes. Qsize 0/2000000. TDelta: 2003 Local-ratio: 1.30982 Downstream: 1.58698
I0918 18:12:09.005759 15056 dataplane_comm.cc:440] Received remote congestion report from (1,1) : status is 1.57844 at 1379527928229 (age = 776 ms)
I0918 18:12:09.230746 15058 sosp_operators.cc:120] (every 1) In last 3 timesteps, 2420730 inserts 2420730 removes. Qsize 0/2000000. TDelta: 2003 Local-ratio: 1.30982 Downstream: 1.57844
I0918 18:12:10.000363 15056 dataplane_comm.cc:440] Received remote congestion report from (1,1) : status is 1.57324 at 1379527929231 (age = 769 ms)
I0918 18:12:10.231868 15058 sosp_operators.cc:120] (every 1) In last 3 timesteps, 2420730 inserts 2420730 removes. Qsize 0/2000000. TDelta: 2002 Local-ratio: 1.30982 Downstream: 1.57324
I0918 18:12:10.986295 15059 dataplane_comm.cc:440] Received remote congestion report from (1,1) : status is 1.57993 at 1379527930232 (age = 754 ms)
I0918 18:12:11.233263 15056 sosp_operators.cc:120] (every 1) In last 3 timesteps, 2420730 inserts 2420730 removes. Qsize 0/2000000. TDelta: 2002 Local-ratio: 1.30982 Downstream: 1.57993
I0918 18:12:11.992537 15063 dataplane_comm.cc:440] Received remote congestion report from (1,1) : status is 1.57989 at 1379527931233 (age = 759 ms)
I0918 18:12:12.234488 15058 sosp_operators.cc:120] (every 1) In last 3 timesteps, 2420730 inserts 2420730 removes. Qsize 0/2000000. TDelta: 2003 Local-ratio: 1.30982 Downstream: 1.57989
I0918 18:12:12.985394 15063 dataplane_comm.cc:440] Received remote congestion report from (1,1) : status is 1.58364 at 1379527932234 (age = 751 ms)
I0918 18:12:13.235600 15058 sosp_operators.cc:120] (every 1) In last 3 timesteps, 2420730 inserts 2420730 removes. Qsize 0/2000000. TDelta: 2003 Local-ratio: 1.30982 Downstream: 1.58364
I0918 18:12:13.997200 15060 dataplane_comm.cc:440] Received remote congestion report from (1,1) : status is 1.58205 at 1379527933236 (age = 761 ms)
I0918 18:12:14.236934 15061 sosp_operators.cc:120] (every 1) In last 3 timesteps, 2420730 inserts 2420730 removes. Qsize 0/2000000. TDelta: 2002 Local-ratio: 1.30982 Downstream: 1.58205
I0918 18:12:15.013715 15056 dataplane_comm.cc:440] Received remote congestion report from (1,1) : status is 1.57474 at 1379527934237 (age = 776 ms)
I0918 18:12:15.238150 15061 sosp_operators.cc:120] (every 1) In last 3 timesteps, 2420730 inserts 2420730 removes. Qsize 0/2000000. TDelta: 2002 Local-ratio: 1.30982 Downstream: 1.57474
I0918 18:12:15.988450 15063 dataplane_comm.cc:440] Received remote congestion report from (1,1) : status is 1.58041 at 1379527935238 (age = 750 ms)
I0918 18:12:16.239599 15056 sosp_operators.cc:120] (every 1) In last 3 timesteps, 2420730 inserts 2420730 removes. Qsize 0/2000000. TDelta: 2003 Local-ratio: 1.30982 Downstream: 1.58041
I0918 18:12:16.988301 15061 dataplane_comm.cc:440] Received remote congestion report from (1,1) : status is 1.58467 at 1379527936240 (age = 748 ms)
I0918 18:12:17.241029 15060 sosp_operators.cc:120] (every 1) In last 3 timesteps, 2420730 inserts 2420730 removes. Qsize 0/2000000. TDelta: 2003 Local-ratio: 1.30982 Downstream: 1.58467
I0918 18:12:17.997808 15059 dataplane_comm.cc:440] Received remote congestion report from (1,1) : status is 1.5822 at 1379527937241 (age = 756 ms)
I0918 18:12:18.242413 15060 sosp_operators.cc:120] (every 1) In last 3 timesteps, 2420730 inserts 2420730 removes. Qsize 0/2000000. TDelta: 2003 Local-ratio: 1.30982 Downstream: 1.5822
I0918 18:12:18.992559 15060 dataplane_comm.cc:440] Received remote congestion report from (1,1) : status is 1.58858 at 1379527938242 (age = 750 ms)
I0918 18:12:19.243784 15063 sosp_operators.cc:120] (every 1) In last 3 timesteps, 2420730 inserts 2420730 removes. Qsize 0/2000000. TDelta: 2003 Local-ratio: 1.30982 Downstream: 1.58858
I0918 18:12:19.985255 15063 dataplane_comm.cc:440] Received remote congestion report from (1,1) : status is 1.59531 at 1379527939244 (age = 741 ms)
I0918 18:12:20.245185 15060 sosp_operators.cc:120] (every 1) In last 3 timesteps, 2420730 inserts 2420730 removes. Qsize 0/2000000. TDelta: 2002 Local-ratio: 1.30982 Downstream: 1.59531
I0918 18:12:21.113101 15060 dataplane_comm.cc:440] Received remote congestion report from (1,1) : status is 1.53296 at 1379527940245 (age = 868 ms)
I0918 18:12:21.246533 15063 sosp_operators.cc:120] (every 1) In last 3 timesteps, 2420730 inserts 2420730 removes. Qsize 0/2000000. TDelta: 2003 Local-ratio: 1.30982 Downstream: 1.53296
I0918 18:12:21.743012 15063 dataplane_comm.cc:440] Received remote congestion report from (1,1) : status is 1.81817 at 1379527941246 (age = 497 ms)
I0918 18:12:22.247884 15060 sosp_operators.cc:120] (every 1) In last 3 timesteps, 2420730 inserts 2420730 removes. Qsize 0/2000000. TDelta: 2003 Local-ratio: 1.30982 Downstream: 1.81817
I0918 18:12:22.885015 15057 dataplane_comm.cc:440] Received remote congestion report from (1,1) : status is 1.85672 at 1379527942248 (age = 637 ms)
I0918 18:12:23.249284 15059 sosp_operators.cc:120] (every 1) In last 3 timesteps, 2420730 inserts 2420730 removes. Qsize 0/2000000. TDelta: 2002 Local-ratio: 1.30982 Downstream: 1.85672
I0918 18:12:23.996033 15061 dataplane_comm.cc:440] Received remote congestion report from (1,1) : status is 1.79512 at 1379527943249 (age = 747 ms)
I0918 18:12:24.250447 15059 sosp_operators.cc:120] (every 1) In last 3 timesteps, 2420730 inserts 2420730 removes. Qsize 0/2000000. TDelta: 2003 Local-ratio: 1.30982 Downstream: 1.79512
I0918 18:12:25.000396 15059 dataplane_comm.cc:440] Received remote congestion report from (1,1) : status is 1.74827 at 1379527944250 (age = 750 ms)
I0918 18:12:25.251817 15060 sosp_operators.cc:120] (every 1) In last 3 timesteps, 2420730 inserts 2420730 removes. Qsize 0/2000000. TDelta: 2003 Local-ratio: 1.30982 Downstream: 1.74827
I0918 18:12:26.007279 15061 dataplane_comm.cc:440] Received remote congestion report from (1,1) : status is 1.71056 at 1379527945252 (age = 755 ms)
I0918 18:12:26.253227 15063 sosp_operators.cc:120] (every 1) In last 3 timesteps, 2420730 inserts 2420730 removes. Qsize 0/2000000. TDelta: 2002 Local-ratio: 1.30982 Downstream: 1.71056
I0918 18:12:27.007436 15056 dataplane_comm.cc:440] Received remote congestion report from (1,1) : status is 1.67912 at 1379527946253 (age = 754 ms)
I0918 18:12:27.254643 15060 sosp_operators.cc:120] (every 1) In last 3 timesteps, 2420730 inserts 2420730 removes. Qsize 0/2000000. TDelta: 2003 Local-ratio: 1.30982 Downstream: 1.67912
I0918 18:12:28.012410 15056 dataplane_comm.cc:440] Received remote congestion report from (1,1) : status is 1.65554 at 1379527947255 (age = 757 ms)
I0918 18:12:28.255988 15061 sosp_operators.cc:120] (every 1) In last 3 timesteps, 2420730 inserts 2420730 removes. Qsize 0/2000000. TDelta: 2003 Local-ratio: 1.30982 Downstream: 1.65554
I0918 18:12:29.004112 15057 dataplane_comm.cc:440] Received remote congestion report from (1,1) : status is 1.64294 at 1379527948256 (age = 748 ms)
I0918 18:12:29.257385 15060 sosp_operators.cc:120] (every 1) In last 3 timesteps, 2420730 inserts 2420730 removes. Qsize 0/2000000. TDelta: 2003 Local-ratio: 1.30982 Downstream: 1.64294
I0918 18:12:30.015297 15057 dataplane_comm.cc:440] Received remote congestion report from (1,1) : status is 1.6322 at 1379527949257 (age = 758 ms)
I0918 18:12:30.258760 15056 sosp_operators.cc:120] (every 1) In last 3 timesteps, 2420730 inserts 2420730 removes. Qsize 0/2000000. TDelta: 2003 Local-ratio: 1.30982 Downstream: 1.6322
I0918 18:12:31.014194 15056 dataplane_comm.cc:440] Received remote congestion report from (1,1) : status is 1.62224 at 1379527950259 (age = 755 ms)
I0918 18:12:31.260200 15057 sosp_operators.cc:120] (every 1) In last 3 timesteps, 2420730 inserts 2420730 removes. Qsize 0/2000000. TDelta: 2002 Local-ratio: 1.30982 Downstream: 1.62224
I0918 18:12:32.024312 15057 dataplane_comm.cc:440] Received remote congestion report from (1,1) : status is 1.61038 at 1379527951260 (age = 764 ms)
I0918 18:12:32.261504 15062 sosp_operators.cc:120] (every 1) In last 3 timesteps, 2420730 inserts 2420730 removes. Qsize 0/2000000. TDelta: 2003 Local-ratio: 1.30982 Downstream: 1.61038
I0918 18:12:32.908457 15060 dataplane_comm.cc:440] Received remote congestion report from (1,1) : status is 1.69228 at 1379527952261 (age = 647 ms)
I0918 18:12:33.262892 15060 sosp_operators.cc:120] (every 1) In last 3 timesteps, 2420730 inserts 2420730 removes. Qsize 0/2000000. TDelta: 2003 Local-ratio: 1.30982 Downstream: 1.69228
I0918 18:12:34.264189 15056 sosp_operators.cc:120] (every 1) In last 3 timesteps, 2420730 inserts 2420730 removes. Qsize 0/2000000. TDelta: 2002 Local-ratio: 1.30982 Downstream: 1.69228
I0918 18:12:34.511096 15057 dataplane_comm.cc:440] Received remote congestion report from (1,1) : status is 1.49203 at 1379527953263 (age = 1248 ms)
I0918 18:12:35.006321 15056 dataplane_comm.cc:440] Received remote congestion report from (1,1) : status is 1.62407 at 1379527954264 (age = 742 ms)
I0918 18:12:35.265650 15063 sosp_operators.cc:120] (every 1) In last 3 timesteps, 2420730 inserts 2420730 removes. Qsize 0/2000000. TDelta: 2003 Local-ratio: 1.30982 Downstream: 1.62407
I0918 18:12:35.899562 15063 dataplane_comm.cc:440] Received remote congestion report from (1,1) : status is 1.71212 at 1379527955266 (age = 633 ms)
I0918 18:12:36.267217 15057 sosp_operators.cc:120] (every 1) In last 3 timesteps, 2420730 inserts 2420730 removes. Qsize 0/2000000. TDelta: 2003 Local-ratio: 1.30982 Downstream: 1.71212
I0918 18:12:37.021854 15057 dataplane_comm.cc:440] Received remote congestion report from (1,1) : status is 1.68409 at 1379527956267 (age = 754 ms)
I0918 18:12:37.268808 15063 sosp_operators.cc:120] (every 1) In last 3 timesteps, 2420730 inserts 2420730 removes. Qsize 0/2000000. TDelta: 2003 Local-ratio: 1.30982 Downstream: 1.68409
I0918 18:12:38.028244 15062 dataplane_comm.cc:440] Received remote congestion report from (1,1) : status is 1.65864 at 1379527957269 (age = 759 ms)
I0918 18:12:38.270161 15057 sosp_operators.cc:120] (every 1) In last 3 timesteps, 2420730 inserts 2420730 removes. Qsize 0/2000000. TDelta: 2003 Local-ratio: 1.30982 Downstream: 1.65864
I0918 18:12:39.025943 15061 dataplane_comm.cc:440] Received remote congestion report from (1,1) : status is 1.64081 at 1379527958270 (age = 755 ms)
I0918 18:12:39.271713 15063 sosp_operators.cc:120] (every 1) In last 3 timesteps, 2420730 inserts 2420730 removes. Qsize 0/2000000. TDelta: 2003 Local-ratio: 1.30982 Downstream: 1.64081
I0918 18:12:40.031724 15060 dataplane_comm.cc:440] Received remote congestion report from (1,1) : status is 1.6306 at 1379527959272 (age = 759 ms)
I0918 18:12:40.273283 15062 sosp_operators.cc:120] (every 1) In last 3 timesteps, 2420730 inserts 2420730 removes. Qsize 0/2000000. TDelta: 2003 Local-ratio: 1.30982 Downstream: 1.6306
I0918 18:12:41.025586 15057 dataplane_comm.cc:440] Received remote congestion report from (1,1) : status is 1.62231 at 1379527960273 (age = 752 ms)
I0918 18:12:41.274863 15063 sosp_operators.cc:120] (every 1) In last 3 timesteps, 2420730 inserts 2420730 removes. Qsize 0/2000000. TDelta: 2003 Local-ratio: 1.30982 Downstream: 1.62231
I0918 18:12:42.026300 15057 dataplane_comm.cc:440] Received remote congestion report from (1,1) : status is 1.61738 at 1379527961275 (age = 751 ms)
I0918 18:12:42.276444 15063 sosp_operators.cc:120] (every 1) In last 3 timesteps, 2420730 inserts 2420730 removes. Qsize 0/2000000. TDelta: 2003 Local-ratio: 1.30982 Downstream: 1.61738
I0918 18:12:42.943114 15057 liveness_manager.cc:108] Successfully scheduled message on 192.168.122.9:34265-128.112.7.136:3456
I0918 18:12:43.031008 15063 dataplane_comm.cc:440] Received remote congestion report from (1,1) : status is 1.61367 at 1379527962276 (age = 755 ms)
I0918 18:12:43.278159 15061 sosp_operators.cc:120] (every 1) In last 3 timesteps, 2420730 inserts 2420730 removes. Qsize 0/2000000. TDelta: 2003 Local-ratio: 1.30982 Downstream: 1.61367
I0918 18:12:44.030740 15063 dataplane_comm.cc:440] Received remote congestion report from (1,1) : status is 1.61283 at 1379527963278 (age = 752 ms)
I0918 18:12:44.279505 15062 sosp_operators.cc:120] (every 1) In last 3 timesteps, 2420730 inserts 2420730 removes. Qsize 0/2000000. TDelta: 2004 Local-ratio: 1.30982 Downstream: 1.61283
I0918 18:12:45.024255 15061 dataplane_comm.cc:440] Received remote congestion report from (1,1) : status is 1.61415 at 1379527964279 (age = 745 ms)
I0918 18:12:45.281036 15060 sosp_operators.cc:120] (every 1) In last 3 timesteps, 2420730 inserts 2420730 removes. Qsize 0/2000000. TDelta: 2003 Local-ratio: 1.30982 Downstream: 1.61415
I0918 18:12:46.041343 15060 dataplane_comm.cc:440] Received remote congestion report from (1,1) : status is 1.60807 at 1379527965281 (age = 760 ms)
I0918 18:12:46.282464 15062 sosp_operators.cc:120] (every 1) In last 3 timesteps, 2420730 inserts 2420730 removes. Qsize 0/2000000. TDelta: 2003 Local-ratio: 1.30982 Downstream: 1.60807
I0918 18:12:47.028575 15057 dataplane_comm.cc:440] Received remote congestion report from (1,1) : status is 1.61124 at 1379527966282 (age = 746 ms)
I0918 18:12:47.283766 15062 sosp_operators.cc:120] (every 1) In last 3 timesteps, 2420730 inserts 2420730 removes. Qsize 0/2000000. TDelta: 2003 Local-ratio: 1.30982 Downstream: 1.61124
I0918 18:12:48.039080 15063 dataplane_comm.cc:440] Received remote congestion report from (1,1) : status is 1.60715 at 1379527967284 (age = 755 ms)
I0918 18:12:48.285035 15062 sosp_operators.cc:120] (every 1) In last 3 timesteps, 2420730 inserts 2420730 removes. Qsize 0/2000000. TDelta: 2002 Local-ratio: 1.30982 Downstream: 1.60715
I0918 18:12:49.041962 15057 dataplane_comm.cc:440] Received remote congestion report from (1,1) : status is 1.60345 at 1379527968285 (age = 756 ms)
I0918 18:12:49.286567 15063 sosp_operators.cc:120] (every 1) In last 3 timesteps, 2420730 inserts 2420730 removes. Qsize 0/2000000. TDelta: 2003 Local-ratio: 1.30982 Downstream: 1.60345
I0918 18:12:50.040689 15060 dataplane_comm.cc:440] Received remote congestion report from (1,1) : status is 1.60195 at 1379527969287 (age = 753 ms)
I0918 18:12:50.288115 15061 sosp_operators.cc:120] (every 1) In last 3 timesteps, 2420730 inserts 2420730 removes. Qsize 0/2000000. TDelta: 2003 Local-ratio: 1.30982 Downstream: 1.60195
I0918 18:12:51.038842 15057 dataplane_comm.cc:440] Received remote congestion report from (1,1) : status is 1.60211 at 1379527970288 (age = 750 ms)
I0918 18:12:51.289643 15063 sosp_operators.cc:120] (every 1) In last 3 timesteps, 2420730 inserts 2420730 removes. Qsize 0/2000000. TDelta: 2003 Local-ratio: 1.30982 Downstream: 1.60211
I0918 18:12:52.044973 15062 dataplane_comm.cc:440] Received remote congestion report from (1,1) : status is 1.59967 at 1379527971290 (age = 754 ms)
I0918 18:12:52.291241 15057 sosp_operators.cc:120] (every 1) In last 3 timesteps, 2420730 inserts 2420730 removes. Qsize 0/2000000. TDelta: 2003 Local-ratio: 1.30982 Downstream: 1.59967
I0918 18:12:53.044978 15060 dataplane_comm.cc:440] Received remote congestion report from (1,1) : status is 1.60298 at 1379527972291 (age = 753 ms)
I0918 18:12:53.292573 15056 sosp_operators.cc:120] (every 1) In last 3 timesteps, 2420730 inserts 2420730 removes. Qsize 0/2000000. TDelta: 2003 Local-ratio: 1.30982 Downstream: 1.60298
I0918 18:12:54.053570 15061 dataplane_comm.cc:440] Received remote congestion report from (1,1) : status is 1.59969 at 1379527973293 (age = 760 ms)
I0918 18:12:54.294158 15056 sosp_operators.cc:120] (every 1) In last 3 timesteps, 2420730 inserts 2420730 removes. Qsize 0/2000000. TDelta: 2003 Local-ratio: 1.30982 Downstream: 1.59969
I0918 18:12:55.162581 15057 dataplane_comm.cc:440] Received remote congestion report from (1,1) : status is 1.5376 at 1379527974294 (age = 868 ms)
I0918 18:12:55.295830 15062 sosp_operators.cc:120] (every 1) In last 3 timesteps, 2420730 inserts 2420730 removes. Qsize 0/2000000. TDelta: 2003 Local-ratio: 1.30982 Downstream: 1.5376
I0918 18:12:55.810825 15062 dataplane_comm.cc:440] Received remote congestion report from (1,1) : status is 1.80087 at 1379527975296 (age = 514 ms)
I0918 18:12:56.297374 15057 sosp_operators.cc:120] (every 1) In last 3 timesteps, 2420730 inserts 2420730 removes. Qsize 0/2000000. TDelta: 2003 Local-ratio: 1.30982 Downstream: 1.80087
I0918 18:12:56.925261 15061 dataplane_comm.cc:440] Received remote congestion report from (1,1) : status is 1.85065 at 1379527976297 (age = 628 ms)
I0918 18:12:57.298985 15056 sosp_operators.cc:120] (every 1) In last 3 timesteps, 2420730 inserts 2420730 removes. Qsize 0/2000000. TDelta: 2003 Local-ratio: 1.30982 Downstream: 1.85065
I0918 18:12:58.056526 15060 dataplane_comm.cc:440] Received remote congestion report from (1,1) : status is 1.78608 at 1379527977299 (age = 757 ms)
I0918 18:12:58.300343 15057 sosp_operators.cc:120] (every 1) In last 3 timesteps, 2420730 inserts 2420730 removes. Qsize 0/2000000. TDelta: 2004 Local-ratio: 1.30982 Downstream: 1.78608
I0918 18:12:59.053267 15056 dataplane_comm.cc:440] Received remote congestion report from (1,1) : status is 1.74409 at 1379527978300 (age = 753 ms)
I0918 18:12:59.301893 15061 sosp_operators.cc:120] (every 1) In last 3 timesteps, 2420730 inserts 2420730 removes. Qsize 0/2000000. TDelta: 2003 Local-ratio: 1.30982 Downstream: 1.74409
I0918 18:13:00.053269 15063 dataplane_comm.cc:440] Received remote congestion report from (1,1) : status is 1.71064 at 1379527979302 (age = 751 ms)
I0918 18:13:00.303400 15056 sosp_operators.cc:120] (every 1) In last 3 timesteps, 2420730 inserts 2420730 removes. Qsize 0/2000000. TDelta: 2002 Local-ratio: 1.30982 Downstream: 1.71064
I0918 18:13:01.304884 15056 sosp_operators.cc:120] (every 1) In last 3 timesteps, 2420730 inserts 2420730 removes. Qsize 0/2000000. TDelta: 2003 Local-ratio: 1.30982 Downstream: 1.71064
I0918 18:13:01.573638 15057 dataplane_comm.cc:440] Received remote congestion report from (1,1) : status is 1.5019 at 1379527980303 (age = 1270 ms)
I0918 18:13:02.045063 15056 dataplane_comm.cc:440] Received remote congestion report from (1,1) : status is 1.65608 at 1379527981305 (age = 740 ms)
I0918 18:13:02.306427 15060 sosp_operators.cc:120] (every 1) In last 3 timesteps, 2420730 inserts 2420730 removes. Qsize 0/2000000. TDelta: 2003 Local-ratio: 1.30982 Downstream: 1.65608
I0918 18:13:03.057513 15057 dataplane_comm.cc:440] Received remote congestion report from (1,1) : status is 1.6427 at 1379527982306 (age = 751 ms)
I0918 18:13:03.307917 15056 sosp_operators.cc:120] (every 1) In last 3 timesteps, 2420730 inserts 2420730 removes. Qsize 0/2000000. TDelta: 2003 Local-ratio: 1.30982 Downstream: 1.6427
I0918 18:13:04.052531 15060 dataplane_comm.cc:440] Received remote congestion report from (1,1) : status is 1.63656 at 1379527983308 (age = 744 ms)
I0918 18:13:04.309479 15057 sosp_operators.cc:120] (every 1) In last 3 timesteps, 2420730 inserts 2420730 removes. Qsize 0/2000000. TDelta: 2003 Local-ratio: 1.30982 Downstream: 1.63656
I0918 18:13:05.058575 15061 dataplane_comm.cc:440] Received remote congestion report from (1,1) : status is 1.63 at 1379527984309 (age = 749 ms)
I0918 18:13:05.310991 15063 sosp_operators.cc:120] (every 1) In last 3 timesteps, 2420730 inserts 2420730 removes. Qsize 0/2000000. TDelta: 2003 Local-ratio: 1.30982 Downstream: 1.63
I0918 18:13:06.081836 15060 dataplane_comm.cc:440] Received remote congestion report from (1,1) : status is 1.61496 at 1379527985311 (age = 770 ms)
I0918 18:13:06.312217 15063 sosp_operators.cc:120] (every 1) In last 3 timesteps, 2420730 inserts 2420730 removes. Qsize 0/2000000. TDelta: 2004 Local-ratio: 1.30982 Downstream: 1.61496
I0918 18:13:07.071462 15057 dataplane_comm.cc:440] Received remote congestion report from (1,1) : status is 1.60679 at 1379527986312 (age = 759 ms)
I0918 18:13:07.313616 15056 sosp_operators.cc:120] (every 1) In last 3 timesteps, 2420730 inserts 2420730 removes. Qsize 0/2000000. TDelta: 2003 Local-ratio: 1.30982 Downstream: 1.60679
I0918 18:13:08.076583 15057 dataplane_comm.cc:440] Received remote congestion report from (1,1) : status is 1.59941 at 1379527987314 (age = 762 ms)
I0918 18:13:08.315001 15060 sosp_operators.cc:120] (every 1) In last 3 timesteps, 2420730 inserts 2420730 removes. Qsize 0/2000000. TDelta: 2002 Local-ratio: 1.30982 Downstream: 1.59941
I0918 18:13:09.072345 15062 dataplane_comm.cc:440] Received remote congestion report from (1,1) : status is 1.59765 at 1379527988315 (age = 757 ms)
I0918 18:13:09.316182 15060 sosp_operators.cc:120] (every 1) In last 3 timesteps, 2420730 inserts 2420730 removes. Qsize 0/2000000. TDelta: 2003 Local-ratio: 1.30982 Downstream: 1.59765
I0918 18:13:10.078407 15062 dataplane_comm.cc:440] Received remote congestion report from (1,1) : status is 1.59443 at 1379527989316 (age = 762 ms)
I0918 18:13:10.317394 15063 sosp_operators.cc:120] (every 1) In last 3 timesteps, 2420730 inserts 2420730 removes. Qsize 0/2000000. TDelta: 2003 Local-ratio: 1.30982 Downstream: 1.59443
I0918 18:13:11.078348 15063 dataplane_comm.cc:440] Received remote congestion report from (1,1) : status is 1.59328 at 1379527990317 (age = 761 ms)
I0918 18:13:11.318825 15057 sosp_operators.cc:120] (every 1) In last 3 timesteps, 2420730 inserts 2420730 removes. Qsize 0/2000000. TDelta: 2002 Local-ratio: 1.30982 Downstream: 1.59328
I0918 18:13:12.067206 15062 dataplane_comm.cc:440] Received remote congestion report from (1,1) : status is 1.59754 at 1379527991319 (age = 748 ms)
I0918 18:13:12.320039 15056 sosp_operators.cc:120] (every 1) In last 3 timesteps, 2420730 inserts 2420730 removes. Qsize 0/2000000. TDelta: 2002 Local-ratio: 1.30982 Downstream: 1.59754
I0918 18:13:13.069419 15063 dataplane_comm.cc:440] Received remote congestion report from (1,1) : status is 1.59944 at 1379527992320 (age = 749 ms)
I0918 18:13:13.321404 15061 sosp_operators.cc:120] (every 1) In last 3 timesteps, 2420730 inserts 2420730 removes. Qsize 0/2000000. TDelta: 2003 Local-ratio: 1.30982 Downstream: 1.59944
I0918 18:13:14.072737 15063 dataplane_comm.cc:440] Received remote congestion report from (1,1) : status is 1.59958 at 1379527993321 (age = 751 ms)
I0918 18:13:14.322585 15056 sosp_operators.cc:120] (every 1) In last 3 timesteps, 2420730 inserts 2420730 removes. Qsize 0/2000000. TDelta: 2003 Local-ratio: 1.30982 Downstream: 1.59958
I0918 18:13:15.077580 15057 dataplane_comm.cc:440] Received remote congestion report from (1,1) : status is 1.59841 at 1379527994322 (age = 755 ms)
I0918 18:13:15.323696 15056 sosp_operators.cc:120] (every 1) In last 3 timesteps, 2420730 inserts 2420730 removes. Qsize 0/2000000. TDelta: 2002 Local-ratio: 1.30982 Downstream: 1.59841
I0918 18:13:16.079846 15061 dataplane_comm.cc:440] Received remote congestion report from (1,1) : status is 1.59563 at 1379527995324 (age = 755 ms)
I0918 18:13:16.324864 15056 sosp_operators.cc:120] (every 1) In last 3 timesteps, 2420730 inserts 2420730 removes. Qsize 0/2000000. TDelta: 2002 Local-ratio: 1.30982 Downstream: 1.59563
I0918 18:13:17.086125 15063 dataplane_comm.cc:440] Received remote congestion report from (1,1) : status is 1.59355 at 1379527996325 (age = 761 ms)
I0918 18:13:17.326019 15056 sosp_operators.cc:120] (every 1) In last 3 timesteps, 2420730 inserts 2420730 removes. Qsize 0/2000000. TDelta: 2002 Local-ratio: 1.30982 Downstream: 1.59355
I0918 18:13:18.086830 15056 dataplane_comm.cc:440] Received remote congestion report from (1,1) : status is 1.59452 at 1379527997326 (age = 760 ms)
I0918 18:13:18.327345 15057 sosp_operators.cc:120] (every 1) In last 3 timesteps, 2420730 inserts 2420730 removes. Qsize 0/2000000. TDelta: 2003 Local-ratio: 1.30982 Downstream: 1.59452
I0918 18:13:19.085155 15057 dataplane_comm.cc:440] Received remote congestion report from (1,1) : status is 1.59462 at 1379527998327 (age = 758 ms)
